Archive member included to satisfy reference by file (symbol)

C:\toolchain\armv6-m_thumb_le\lib\gcc\arm-none-eabi\11.2.0\libgcc.a(_udivsi3.o)
                              src\_agn\print.o (__aeabi_uidiv)
C:\toolchain\armv6-m_thumb_le\lib\gcc\arm-none-eabi\11.2.0\libgcc.a(_divsi3.o)
                              src\_agn\print.o (__aeabi_idiv)
C:\toolchain\armv6-m_thumb_le\lib\gcc\arm-none-eabi\11.2.0\libgcc.a(_dvmd_tls.o)
                              C:\toolchain\armv6-m_thumb_le\lib\gcc\arm-none-eabi\11.2.0\libgcc.a(_udivsi3.o) (__aeabi_idiv0)
C:\toolchain\armv6-m_thumb_le\lib\gcc\arm-none-eabi\11.2.0\libgcc.a(_arm_cmpsf2.o)
                              src\app\helper_functions.o (__aeabi_fcmpgt)
C:\toolchain\armv6-m_thumb_le\lib\gcc\arm-none-eabi\11.2.0\libgcc.a(_aeabi_uldivmod.o)
                              src\_loramac-node\_bind\systime.o (__aeabi_uldivmod)
C:\toolchain\armv6-m_thumb_le\lib\gcc\arm-none-eabi\11.2.0\libgcc.a(_muldi3.o)
                              src\_loramac-node\_bind\systime.o (__aeabi_lmul)
C:\toolchain\armv6-m_thumb_le\lib\gcc\arm-none-eabi\11.2.0\libgcc.a(_udivmoddi4.o)
                              C:\toolchain\armv6-m_thumb_le\lib\gcc\arm-none-eabi\11.2.0\libgcc.a(_aeabi_uldivmod.o) (__udivmoddi4)
C:\toolchain\armv6-m_thumb_le\lib\gcc\arm-none-eabi\11.2.0\libgcc.a(eqsf2.o)
                              C:\toolchain\armv6-m_thumb_le\lib\gcc\arm-none-eabi\11.2.0\libgcc.a(_arm_cmpsf2.o) (__eqsf2)
C:\toolchain\armv6-m_thumb_le\lib\gcc\arm-none-eabi\11.2.0\libgcc.a(gesf2.o)
                              C:\toolchain\armv6-m_thumb_le\lib\gcc\arm-none-eabi\11.2.0\libgcc.a(_arm_cmpsf2.o) (__gesf2)
C:\toolchain\armv6-m_thumb_le\lib\gcc\arm-none-eabi\11.2.0\libgcc.a(lesf2.o)
                              C:\toolchain\armv6-m_thumb_le\lib\gcc\arm-none-eabi\11.2.0\libgcc.a(_arm_cmpsf2.o) (__lesf2)
C:\toolchain\armv6-m_thumb_le\lib\gcc\arm-none-eabi\11.2.0\libgcc.a(subsf3.o)
                              src\_loramac-node\mac\region\RegionCommon.o (__aeabi_fsub)
C:\toolchain\armv6-m_thumb_le\lib\gcc\arm-none-eabi\11.2.0\libgcc.a(floatunsisf.o)
                              src\_loramac-node\mac\LoRaMac.o (__aeabi_ui2f)
C:\toolchain\armv6-m_thumb_le\lib\gcc\arm-none-eabi\11.2.0\libgcc.a(adddf3.o)
                              src\app\helper_functions.o (__aeabi_dadd)
C:\toolchain\armv6-m_thumb_le\lib\gcc\arm-none-eabi\11.2.0\libgcc.a(muldf3.o)
                              src\app\helper_functions.o (__aeabi_dmul)
C:\toolchain\armv6-m_thumb_le\lib\gcc\arm-none-eabi\11.2.0\libgcc.a(subdf3.o)
                              src\app\helper_functions.o (__aeabi_dsub)
C:\toolchain\armv6-m_thumb_le\lib\gcc\arm-none-eabi\11.2.0\libgcc.a(fixdfsi.o)
                              src\_loramac-node\mac\region\RegionCommon.o (__aeabi_d2iz)
C:\toolchain\armv6-m_thumb_le\lib\gcc\arm-none-eabi\11.2.0\libgcc.a(floatsidf.o)
                              src\app\main_alt.o (__aeabi_i2d)
C:\toolchain\armv6-m_thumb_le\lib\gcc\arm-none-eabi\11.2.0\libgcc.a(extendsfdf2.o)
                              src\_loramac-node\mac\region\RegionCommon.o (__aeabi_f2d)
C:\toolchain\armv6-m_thumb_le\lib\gcc\arm-none-eabi\11.2.0\libgcc.a(truncdfsf2.o)
                              src\app\helper_functions.o (__aeabi_d2f)
C:\toolchain\armv6-m_thumb_le\lib\gcc\arm-none-eabi\11.2.0\libgcc.a(_lshrdi3.o)
                              C:\toolchain\armv6-m_thumb_le\lib\gcc\arm-none-eabi\11.2.0\libgcc.a(_udivmoddi4.o) (__aeabi_llsr)
C:\toolchain\armv6-m_thumb_le\lib\gcc\arm-none-eabi\11.2.0\libgcc.a(_ashldi3.o)
                              C:\toolchain\armv6-m_thumb_le\lib\gcc\arm-none-eabi\11.2.0\libgcc.a(_udivmoddi4.o) (__aeabi_llsl)
C:\toolchain\armv6-m_thumb_le\lib\gcc\arm-none-eabi\11.2.0\libgcc.a(_clzsi2.o)
                              C:\toolchain\armv6-m_thumb_le\lib\gcc\arm-none-eabi\11.2.0\libgcc.a(subsf3.o) (__clzsi2)
C:\toolchain\armv6-m_thumb_le\lib\gcc\arm-none-eabi\11.2.0\libgcc.a(_clzdi2.o)
                              C:\toolchain\armv6-m_thumb_le\lib\gcc\arm-none-eabi\11.2.0\libgcc.a(_udivmoddi4.o) (__clzdi2)

Discarded input sections

 .text          0x0000000000000000        0x0 src\_agn\crsec.o
 .data          0x0000000000000000        0x0 src\_agn\crsec.o
 .bss           0x0000000000000000        0x0 src\_agn\crsec.o
 .text          0x0000000000000000        0x0 src\_agn\delay.o
 .data          0x0000000000000000        0x0 src\_agn\delay.o
 .bss           0x0000000000000000        0x0 src\_agn\delay.o
 .text          0x0000000000000000        0x0 src\_agn\expt.o
 .data          0x0000000000000000        0x0 src\_agn\expt.o
 .bss           0x0000000000000000        0x0 src\_agn\expt.o
 .text.expt_disable
                0x0000000000000000        0x8 src\_agn\expt.o
 .text.expt_restore
                0x0000000000000000        0x6 src\_agn\expt.o
 .group         0x0000000000000000        0xc src\_agn\fifo.o
 .group         0x0000000000000000        0xc src\_agn\fifo.o
[...]
Memory Configuration

Name             Origin             Length             Attributes
m_flash_vectab   0x0000000000000000 0x00000000000000c0 r
m_flash_gap      0x00000000000000c0 0x0000000000000340 r
m_flash_fcf      0x0000000000000400 0x0000000000000010 r
m_flash_bulk     0x0000000000000410 0x000000000001fbf0 xr
m_sram           0x000000001ffff000 0x0000000000004000 rw
*default*        0x0000000000000000 0xffffffffffffffff

Linker script and memory map

LOAD src\_agn\crsec.o
LOAD src\_agn\delay.o
LOAD src\_agn\expt.o
LOAD src\_agn\fifo.o
LOAD src\_agn\hdlr_def.o
LOAD src\_agn\hdlr_hardfault.o
LOAD src\_agn\hdlr_nmi.o
LOAD src\_agn\mem.o
LOAD src\_agn\pool.o
LOAD src\_agn\print.o
LOAD src\_agn\qfpio.o
LOAD src\_agn\qfplib-m0-full.o
LOAD src\_agn\startup.o
LOAD src\_agn\str.o
LOAD src\_agn\vectab_rom.o
LOAD src\_agn\wait.o
LOAD src\_brd\acc.o
LOAD src\_brd\btn.o
LOAD src\_brd\com.o
LOAD src\_brd\eeprom.o
LOAD src\_brd\hex_sw.o
LOAD src\_brd\init.o
LOAD src\_brd\led.o
LOAD src\_brd\marker.o
LOAD src\_dep\math.o
LOAD src\_loramac-node\_bind\board.o
LOAD src\_loramac-node\_bind\cb_def.o
LOAD src\_loramac-node\_bind\nvmm.o
LOAD src\_loramac-node\_bind\sx126x-board.o
LOAD src\_loramac-node\_bind\systime.o
LOAD src\_loramac-node\_bind\timer.o
LOAD src\_loramac-node\_bind\utilities.o
LOAD src\_loramac-node\lmhandler\LmHandler.o
LOAD src\_loramac-node\lmhandler\NvmDataMgmt.o
LOAD src\_loramac-node\mac\LoRaMac.o
LOAD src\_loramac-node\mac\LoRaMacAdr.o
LOAD src\_loramac-node\mac\LoRaMacClassB.o
LOAD src\_loramac-node\mac\LoRaMacCommands.o
LOAD src\_loramac-node\mac\LoRaMacConfirmQueue.o
LOAD src\_loramac-node\mac\LoRaMacCrypto.o
LOAD src\_loramac-node\mac\LoRaMacParser.o
LOAD src\_loramac-node\mac\LoRaMacSerializer.o
LOAD src\_loramac-node\mac\region\Region.o
LOAD src\_loramac-node\mac\region\RegionBaseUS.o
LOAD src\_loramac-node\mac\region\RegionCommon.o
LOAD src\_loramac-node\mac\region\RegionEU433.o
LOAD src\_loramac-node\mac\region\RegionEU868.o
LOAD src\_loramac-node\mac\region\RegionRU864.o
LOAD src\_loramac-node\mac\region\RegionUS915.o
LOAD src\_loramac-node\radio\radio.o
LOAD src\_loramac-node\radio\sx126x.o
LOAD src\_loramac-node\soft-se\aes.o
LOAD src\_loramac-node\soft-se\cmac.o
LOAD src\_loramac-node\soft-se\soft-se-hal.o
LOAD src\_loramac-node\soft-se\soft-se.o
LOAD src\_soc\adc.o
LOAD src\_soc\fcf.o
LOAD src\_soc\port_int.o
LOAD src\_soc\wdog.o
LOAD src\app\helper_functions.o
LOAD src\app\main.o
LOAD src\app\main_alt.o
LOAD src\app\msg.o
LOAD src\app\probe.o
LOAD src\app\surv.o
LOAD src\app\test_acc.o
LOAD src\app\test_btn_led.o
LOAD src\app\test_clkout.o
LOAD src\app\test_com.o
LOAD src\app\test_eeprom.o
LOAD src\app\test_lora.o
LOAD src\app\test_lora_abp.o
LOAD src\app\test_lora_otaa.o
LOAD src\app\test_radio.o
LOAD src\app\test_systime.o
                0x0000000000001800                STACK_SIZE = 0x1800
                0x0000000000000800                STACK_SIZE_DEF = 0x800
                0x0000000000001800                STACK_SIZE_VAL = DEFINED (STACK_SIZE)?STACK_SIZE:STACK_SIZE_DEF

.vectab_rom     0x0000000000000000       0xc0
                0x0000000000000000                VECTAB_ROM_BEGIN = .
 *(.vectab_rom)
 .vectab_rom    0x0000000000000000       0xc0 src\_agn\vectab_rom.o

.fcf            0x0000000000000400       0x10
 *(.fcf)
 .fcf           0x0000000000000400       0x10 src\_soc\fcf.o
                0x0000000000000400                fcf

.text           0x0000000000000410    0x1bfe0
 *(.text)
 .text          0x0000000000000410     0x1694 src\_agn\qfplib-m0-full.o
                0x00000000000004c2                qfp_fcmp
                0x0000000000000504                qfp_float2int
                0x0000000000000506                qfp_float2fix
                0x0000000000000538                qfp_float2uint
                0x000000000000053a                qfp_float2ufix
                0x0000000000000554                qfp_uint642float
                0x0000000000000556                qfp_ufix642float
                0x0000000000000566                qfp_int642float
                0x0000000000000568                qfp_fix642float
                0x000000000000058e                qfp_int2float
                0x0000000000000590                qfp_fix2float
                0x000000000000059e                qfp_uint2float
                0x00000000000005a0                qfp_ufix2float
                0x000000000000062c                qfp_fsin
                0x0000000000000676                qfp_fcos
                0x0000000000000694                qfp_ftan
                0x000000000000069c                qfp_fexp
                0x00000000000006da                qfp_fln
                0x0000000000000774                qfp_fatan2
                0x0000000000000824                qfp_fsub
                0x0000000000000828                qfp_fadd
                0x00000000000008f8                qfp_fmul
                0x00000000000009c4                qfp_fdiv
                0x0000000000000aa8                qfp_fsqrt
                0x0000000000000b44                qfp_dsub
                0x0000000000000b50                qfp_dadd
                0x0000000000000cac                qfp_dmul
                0x0000000000000e08                qfp_ddiv
                0x0000000000000fd4                qfp_dsqrt
                0x0000000000001166                qfp_dcmp
                0x000000000000125c                qfp_double2int
                0x000000000000125e                qfp_double2fix
                0x000000000000126a                qfp_double2uint
                0x000000000000126c                qfp_double2ufix
                0x0000000000001278                qfp_float2int64
                0x000000000000127a                qfp_float2fix64
                0x0000000000001282                qfp_float2uint64
                0x0000000000001284                qfp_float2ufix64
                0x00000000000012b8                qfp_double2int64
                0x00000000000012ba                qfp_double2fix64
                0x00000000000012d2                qfp_double2uint64
                0x00000000000012d4                qfp_double2ufix64
                0x0000000000001334                qfp_float2double
                0x000000000000135a                qfp_double2float
                0x00000000000013b2                qfp_uint2double
                0x00000000000013b4                qfp_ufix2double
                0x00000000000013ba                qfp_int2double
                0x00000000000013bc                qfp_fix2double
                0x00000000000013c2                qfp_uint642double
                0x00000000000013c4                qfp_ufix642double
                0x00000000000013c8                qfp_int642double
                0x00000000000013ca                qfp_fix642double
                0x0000000000001508                qfp_dtan
                0x0000000000001528                qfp_dcos
                0x0000000000001538                qfp_dsin
                0x0000000000001628                qfp_datan2
                0x000000000000183c                qfp_dexp
                0x00000000000018d8                qfp_dln
 .text          0x0000000000001aa4       0x8c C:\toolchain\armv6-m_thumb_le\lib\gcc\arm-none-eabi\11.2.0\libgcc.a(_udivsi3.o)
                0x0000000000001aa4                __aeabi_uidiv
                0x0000000000001aa4                __udivsi3
                0x0000000000001b1c                __aeabi_uidivmod
 .text          0x0000000000001b30       0xa8 C:\toolchain\armv6-m_thumb_le\lib\gcc\arm-none-eabi\11.2.0\libgcc.a(_divsi3.o)
                0x0000000000001b30                __divsi3
                0x0000000000001b30                __aeabi_idiv
                0x0000000000001bc4                __aeabi_idivmod
 .text          0x0000000000001bd8        0x4 C:\toolchain\armv6-m_thumb_le\lib\gcc\arm-none-eabi\11.2.0\libgcc.a(_dvmd_tls.o)
                0x0000000000001bd8                __aeabi_idiv0
                0x0000000000001bd8                __aeabi_ldiv0
 .text          0x0000000000001bdc       0x74 C:\toolchain\armv6-m_thumb_le\lib\gcc\arm-none-eabi\11.2.0\libgcc.a(_arm_cmpsf2.o)
                0x0000000000001bdc                __aeabi_cfrcmple
                0x0000000000001be4                __aeabi_cfcmpeq
                0x0000000000001be4                __aeabi_cfcmple
                0x0000000000001bf4                __aeabi_fcmpeq
                0x0000000000001c00                __aeabi_fcmplt
                0x0000000000001c14                __aeabi_fcmple
                0x0000000000001c28                __aeabi_fcmpgt
                0x0000000000001c3c                __aeabi_fcmpge
 .text          0x0000000000001c50       0x40 C:\toolchain\armv6-m_thumb_le\lib\gcc\arm-none-eabi\11.2.0\libgcc.a(_aeabi_uldivmod.o)
                0x0000000000001c50                __aeabi_uldivmod
 .text          0x0000000000001c90       0x44 C:\toolchain\armv6-m_thumb_le\lib\gcc\arm-none-eabi\11.2.0\libgcc.a(_muldi3.o)
                0x0000000000001c90                __muldi3
                0x0000000000001c90                __aeabi_lmul
 .text          0x0000000000001cd4       0xde C:\toolchain\armv6-m_thumb_le\lib\gcc\arm-none-eabi\11.2.0\libgcc.a(_udivmoddi4.o)
                0x0000000000001cd4                __udivmoddi4
 .text          0x0000000000001db2       0x4a C:\toolchain\armv6-m_thumb_le\lib\gcc\arm-none-eabi\11.2.0\libgcc.a(eqsf2.o)
                0x0000000000001db2                __eqsf2
                0x0000000000001db2                __nesf2
 .text          0x0000000000001dfc       0x86 C:\toolchain\armv6-m_thumb_le\lib\gcc\arm-none-eabi\11.2.0\libgcc.a(gesf2.o)
                0x0000000000001dfc                __gesf2
                0x0000000000001dfc                __gtsf2
 .text          0x0000000000001e82       0x86 C:\toolchain\armv6-m_thumb_le\lib\gcc\arm-none-eabi\11.2.0\libgcc.a(lesf2.o)
                0x0000000000001e82                __ltsf2
                0x0000000000001e82                __lesf2
 .text          0x0000000000001f08      0x2dc C:\toolchain\armv6-m_thumb_le\lib\gcc\arm-none-eabi\11.2.0\libgcc.a(subsf3.o)
                0x0000000000001f08                __aeabi_fsub
 .text          0x00000000000021e4       0x6c C:\toolchain\armv6-m_thumb_le\lib\gcc\arm-none-eabi\11.2.0\libgcc.a(floatunsisf.o)
                0x00000000000021e4                __aeabi_ui2f
 .text          0x0000000000002250      0x5b0 C:\toolchain\armv6-m_thumb_le\lib\gcc\arm-none-eabi\11.2.0\libgcc.a(adddf3.o)
                0x0000000000002250                __aeabi_dadd
 .text          0x0000000000002800      0x454 C:\toolchain\armv6-m_thumb_le\lib\gcc\arm-none-eabi\11.2.0\libgcc.a(muldf3.o)
                0x0000000000002800                __aeabi_dmul
 .text          0x0000000000002c54      0x5c0 C:\toolchain\armv6-m_thumb_le\lib\gcc\arm-none-eabi\11.2.0\libgcc.a(subdf3.o)
                0x0000000000002c54                __aeabi_dsub
 .text          0x0000000000003214       0x64 C:\toolchain\armv6-m_thumb_le\lib\gcc\arm-none-eabi\11.2.0\libgcc.a(fixdfsi.o)
                0x0000000000003214                __aeabi_d2iz
 .text          0x0000000000003278       0x54 C:\toolchain\armv6-m_thumb_le\lib\gcc\arm-none-eabi\11.2.0\libgcc.a(floatsidf.o)
                0x0000000000003278                __aeabi_i2d
 .text          0x00000000000032cc       0x84 C:\toolchain\armv6-m_thumb_le\lib\gcc\arm-none-eabi\11.2.0\libgcc.a(extendsfdf2.o)
                0x00000000000032cc                __aeabi_f2d
 .text          0x0000000000003350      0x108 C:\toolchain\armv6-m_thumb_le\lib\gcc\arm-none-eabi\11.2.0\libgcc.a(truncdfsf2.o)
                0x0000000000003350                __aeabi_d2f
 .text          0x0000000000003458       0x18 C:\toolchain\armv6-m_thumb_le\lib\gcc\arm-none-eabi\11.2.0\libgcc.a(_lshrdi3.o)
                0x0000000000003458                __lshrdi3
                0x0000000000003458                __aeabi_llsr
 .text          0x0000000000003470       0x18 C:\toolchain\armv6-m_thumb_le\lib\gcc\arm-none-eabi\11.2.0\libgcc.a(_ashldi3.o)
                0x0000000000003470                __aeabi_llsl
                0x0000000000003470                __ashldi3
 .text          0x0000000000003488       0x3c C:\toolchain\armv6-m_thumb_le\lib\gcc\arm-none-eabi\11.2.0\libgcc.a(_clzsi2.o)
                0x0000000000003488                __clzsi2
 .text          0x00000000000034c4       0x18 C:\toolchain\armv6-m_thumb_le\lib\gcc\arm-none-eabi\11.2.0\libgcc.a(_clzdi2.o)
                0x00000000000034c4                __clzdi2
 *(.text*)
 .text.crsec_enter
                0x00000000000034dc       0x10 src\_agn\crsec.o
                0x00000000000034dc                crsec_enter
 .text.crsec_leave
                0x00000000000034ec       0x14 src\_agn\crsec.o
                0x00000000000034ec                crsec_leave
 .text.delay    0x0000000000003500        0x6 src\_agn\delay.o
                0x0000000000003500                delay
 *fill*         0x0000000000003506        0x2 
 .text.expt_vect_set
                0x0000000000003508       0x10 src\_agn\expt.o
                0x0000000000003508                expt_vect_set
 .text.hdlr_def
                0x0000000000003518        0x2 src\_agn\hdlr_def.o
                0x0000000000003518                hdlr_def
 .text.hdlr_hardfault
                0x000000000000351a        0x6 src\_agn\hdlr_hardfault.o
                0x000000000000351a                hdlr_hardfault
 .text.hdlr_nmi
                0x0000000000003520        0x2 src\_agn\hdlr_nmi.o
                0x0000000000003520                hdlr_nmi
 *fill*         0x0000000000003522        0x2 
 .text.memcmp   0x0000000000003524       0x28 src\_agn\mem.o
                0x0000000000003524                memcmp
 .text.memcpy   0x000000000000354c        0xe src\_agn\mem.o
                0x000000000000354c                memcpy
 .text.memset   0x000000000000355a        0xc src\_agn\mem.o
                0x000000000000355a                memset
 .text.print_udec
                0x0000000000003566       0x86 src\_agn\print.o
                0x0000000000003566                print_udec
 .text.print_dec
                0x00000000000035ec       0xcc src\_agn\print.o
                0x00000000000035ec                print_dec
 .text.print_uhex
                0x00000000000036b8       0x8e src\_agn\print.o
                0x00000000000036b8                print_uhex
 *fill*         0x0000000000003746        0x2 
 .text.startup  0x0000000000003748       0x6c src\_agn\startup.o
                0x0000000000003748                startup
 .text.strcpy   0x00000000000037b4       0x46 src\_agn\str.o
                0x00000000000037b4                strcpy
 *fill*         0x00000000000037fa        0x2 
 .text.__NVIC_EnableIRQ
                0x00000000000037fc       0x34 src\_brd\acc.o
 .text.__NVIC_ClearPendingIRQ
                0x0000000000003830       0x38 src\_brd\acc.o
 .text.acc_int_cb
                0x0000000000003868       0x84 src\_brd\acc.o
 .text.acc_dma_handler
                0x00000000000038ec       0x78 src\_brd\acc.o
 .text.acc_reg_rd
                0x0000000000003964       0x50 src\_brd\acc.o
 .text.acc_reg_wr
                0x00000000000039b4       0x4c src\_brd\acc.o
 .text.acc_spi_poll_rdwr
                0x0000000000003a00       0x38 src\_brd\acc.o
 .text.acc_init
                0x0000000000003a38      0x118 src\_brd\acc.o
                0x0000000000003a38                acc_init
 .text.acc_enable
                0x0000000000003b50      0x1f8 src\_brd\acc.o
                0x0000000000003b50                acc_enable
 .text.acc_disable
                0x0000000000003d48       0x9c src\_brd\acc.o
                0x0000000000003d48                acc_disable
 .text.btn_get_dispatch
                0x0000000000003de4       0x5c src\_brd\btn.o
 .text.btn_get  0x0000000000003e40       0x64 src\_brd\btn.o
                0x0000000000003e40                btn_get
 .text.__NVIC_EnableIRQ
                0x0000000000003ea4       0x34 src\_brd\com.o
 .text.com_dma_handler
                0x0000000000003ed8       0x2c src\_brd\com.o
 .text.com_init
                0x0000000000003f04       0x6c src\_brd\com.o
                0x0000000000003f04                com_init
 .text.com_try_lock
                0x0000000000003f70       0x30 src\_brd\com.o
                0x0000000000003f70                com_try_lock
 .text.com_send
                0x0000000000003fa0       0x48 src\_brd\com.o
                0x0000000000003fa0                com_send
 .text.eeprom_iic_start
                0x0000000000003fe8       0x14 src\_brd\eeprom.o
 .text.eeprom_iic_repstart
                0x0000000000003ffc       0x14 src\_brd\eeprom.o
 .text.eeprom_iic_stop
                0x0000000000004010       0x28 src\_brd\eeprom.o
 .text.eeprom_iic_rd
                0x0000000000004038       0x5c src\_brd\eeprom.o
 .text.eeprom_iic_wr
                0x0000000000004094       0x4c src\_brd\eeprom.o
 .text.eeprom_op_prologue
                0x00000000000040e0       0xd0 src\_brd\eeprom.o
 .text.eeprom_op_epilogue
                0x00000000000041b0       0x30 src\_brd\eeprom.o
 .text.eeprom_ack_poll
                0x00000000000041e0       0x20 src\_brd\eeprom.o
 .text.eeprom_init
                0x0000000000004200       0x28 src\_brd\eeprom.o
                0x0000000000004200                eeprom_init
 .text.eeprom_rd
                0x0000000000004228       0xae src\_brd\eeprom.o
                0x0000000000004228                eeprom_rd
 .text.eeprom_wr
                0x00000000000042d6       0xf0 src\_brd\eeprom.o
                0x00000000000042d6                eeprom_wr
 *fill*         0x00000000000043c6        0x2 
 .text.hex_sw_get
                0x00000000000043c8       0x48 src\_brd\hex_sw.o
                0x00000000000043c8                hex_sw_get
 .text.init     0x0000000000004410       0xc8 src\_brd\init.o
                0x0000000000004410                init
 .text.led_init
                0x00000000000044d8       0x40 src\_brd\led.o
                0x00000000000044d8                led_init
 .text.marker_init
                0x0000000000004518       0xa0 src\_brd\marker.o
                0x0000000000004518                marker_init
 .text.floor    0x00000000000045b8       0x2c src\_dep\math.o
                0x00000000000045b8                floor
 .text.BoardGetUniqueId
                0x00000000000045e4       0xb4 src\_loramac-node\_bind\board.o
                0x00000000000045e4                BoardGetUniqueId
 .text.cb_def   0x0000000000004698       0x10 src\_loramac-node\_bind\cb_def.o
                0x0000000000004698                cb_def
 .text.NvmmWrite
                0x00000000000046a8       0x44 src\_loramac-node\_bind\nvmm.o
                0x00000000000046a8                NvmmWrite
 .text.NvmmRead
                0x00000000000046ec       0x44 src\_loramac-node\_bind\nvmm.o
                0x00000000000046ec                NvmmRead
 .text.NvmmCrc32Check
                0x0000000000004730       0x6c src\_loramac-node\_bind\nvmm.o
                0x0000000000004730                NvmmCrc32Check
 .text.dio1_port_int_cb
                0x000000000000479c       0x30 src\_loramac-node\_bind\sx126x-board.o
 .text.spi_rdwr
                0x00000000000047cc       0x3c src\_loramac-node\_bind\sx126x-board.o
 .text.SX126xGlobalInit
                0x0000000000004808       0x58 src\_loramac-node\_bind\sx126x-board.o
                0x0000000000004808                SX126xGlobalInit
 .text.SX126xPwrOn
                0x0000000000004860       0x94 src\_loramac-node\_bind\sx126x-board.o
                0x0000000000004860                SX126xPwrOn
 .text.SX126xPwrOff
                0x00000000000048f4       0x48 src\_loramac-node\_bind\sx126x-board.o
                0x00000000000048f4                SX126xPwrOff
 .text.SX126xIoIrqInit
                0x000000000000493c       0x1c src\_loramac-node\_bind\sx126x-board.o
                0x000000000000493c                SX126xIoIrqInit
 .text.SX126xIoTcxoInit
                0x0000000000004958        0xa src\_loramac-node\_bind\sx126x-board.o
                0x0000000000004958                SX126xIoTcxoInit
 .text.SX126xGetBoardTcxoWakeupTime
                0x0000000000004962        0xc src\_loramac-node\_bind\sx126x-board.o
                0x0000000000004962                SX126xGetBoardTcxoWakeupTime
 .text.SX126xIoRfSwitchInit
                0x000000000000496e       0x10 src\_loramac-node\_bind\sx126x-board.o
                0x000000000000496e                SX126xIoRfSwitchInit
 *fill*         0x000000000000497e        0x2 
 .text.SX126xGetOperatingMode
                0x0000000000004980       0x14 src\_loramac-node\_bind\sx126x-board.o
                0x0000000000004980                SX126xGetOperatingMode
 .text.SX126xSetOperatingMode
                0x0000000000004994       0x20 src\_loramac-node\_bind\sx126x-board.o
                0x0000000000004994                SX126xSetOperatingMode
 .text.SX126xReset
                0x00000000000049b4        0xa src\_loramac-node\_bind\sx126x-board.o
                0x00000000000049b4                SX126xReset
 *fill*         0x00000000000049be        0x2 
 .text.SX126xWaitOnBusy
                0x00000000000049c0       0x28 src\_loramac-node\_bind\sx126x-board.o
                0x00000000000049c0                SX126xWaitOnBusy
 .text.SX126xWakeup
                0x00000000000049e8       0x38 src\_loramac-node\_bind\sx126x-board.o
                0x00000000000049e8                SX126xWakeup
 .text.SX126xWriteCommand
                0x0000000000004a20       0x7c src\_loramac-node\_bind\sx126x-board.o
                0x0000000000004a20                SX126xWriteCommand
 .text.SX126xReadCommand
                0x0000000000004a9c       0x8c src\_loramac-node\_bind\sx126x-board.o
                0x0000000000004a9c                SX126xReadCommand
 .text.SX126xWriteRegisters
                0x0000000000004b28       0x8c src\_loramac-node\_bind\sx126x-board.o
                0x0000000000004b28                SX126xWriteRegisters
 .text.SX126xWriteRegister
                0x0000000000004bb4       0x28 src\_loramac-node\_bind\sx126x-board.o
                0x0000000000004bb4                SX126xWriteRegister
 .text.SX126xReadRegisters
                0x0000000000004bdc       0x94 src\_loramac-node\_bind\sx126x-board.o
                0x0000000000004bdc                SX126xReadRegisters
 .text.SX126xReadRegister
                0x0000000000004c70       0x28 src\_loramac-node\_bind\sx126x-board.o
                0x0000000000004c70                SX126xReadRegister
 .text.SX126xWriteBuffer
                0x0000000000004c98       0x7c src\_loramac-node\_bind\sx126x-board.o
                0x0000000000004c98                SX126xWriteBuffer
 .text.SX126xReadBuffer
                0x0000000000004d14       0x84 src\_loramac-node\_bind\sx126x-board.o
                0x0000000000004d14                SX126xReadBuffer
 .text.SX126xSetRfTxPower
                0x0000000000004d98       0x22 src\_loramac-node\_bind\sx126x-board.o
                0x0000000000004d98                SX126xSetRfTxPower
 .text.SX126xGetDeviceId
                0x0000000000004dba        0xc src\_loramac-node\_bind\sx126x-board.o
                0x0000000000004dba                SX126xGetDeviceId
 .text.SX126xAntSwOn
                0x0000000000004dc6        0xa src\_loramac-node\_bind\sx126x-board.o
                0x0000000000004dc6                SX126xAntSwOn
 .text.SX126xAntSwOff
                0x0000000000004dd0        0xa src\_loramac-node\_bind\sx126x-board.o
                0x0000000000004dd0                SX126xAntSwOff
 *fill*         0x0000000000004dda        0x2 
 .text.SX126xGetDio1PinState
                0x0000000000004ddc       0x14 src\_loramac-node\_bind\sx126x-board.o
                0x0000000000004ddc                SX126xGetDio1PinState
 .text.tstamp_cnt_rd
                0x0000000000004df0       0x78 src\_loramac-node\_bind\systime.o
 .text.time_to_cnt
                0x0000000000004e68       0x4c src\_loramac-node\_bind\systime.o
 .text.cnt_to_time
                0x0000000000004eb4       0x4c src\_loramac-node\_bind\systime.o
 .text.SysTimeAdd
                0x0000000000004f00       0x98 src\_loramac-node\_bind\systime.o
                0x0000000000004f00                SysTimeAdd
 .text.SysTimeSub
                0x0000000000004f98       0x90 src\_loramac-node\_bind\systime.o
                0x0000000000004f98                SysTimeSub
 .text.SysTimeGlobalInit
                0x0000000000005028       0x40 src\_loramac-node\_bind\systime.o
                0x0000000000005028                SysTimeGlobalInit
 .text.SysTimeSet
                0x0000000000005068       0x44 src\_loramac-node\_bind\systime.o
                0x0000000000005068                SysTimeSet
 .text.SysTimeGet
                0x00000000000050ac       0x50 src\_loramac-node\_bind\systime.o
                0x00000000000050ac                SysTimeGet
 .text.SysTimeGetMcuTime
                0x00000000000050fc       0x2a src\_loramac-node\_bind\systime.o
                0x00000000000050fc                SysTimeGetMcuTime
 .text.SysTimeGetMcuTimeMs
                0x0000000000005126       0x1e src\_loramac-node\_bind\systime.o
                0x0000000000005126                SysTimeGetMcuTimeMs
 .text.SysTimeToMs
                0x0000000000005144       0x5c src\_loramac-node\_bind\systime.o
                0x0000000000005144                SysTimeToMs
 .text.SysTimeFromMs
                0x00000000000051a0       0x64 src\_loramac-node\_bind\systime.o
                0x00000000000051a0                SysTimeFromMs
 .text.__NVIC_EnableIRQ
                0x0000000000005204       0x34 src\_loramac-node\_bind\timer.o
 .text.__NVIC_ClearPendingIRQ
                0x0000000000005238       0x38 src\_loramac-node\_bind\timer.o
 .text.tpm_handler
                0x0000000000005270       0x64 src\_loramac-node\_bind\timer.o
 .text.timer_dispatch
                0x00000000000052d4       0xd8 src\_loramac-node\_bind\timer.o
 .text.TimerGlobalInit
                0x00000000000053ac       0x64 src\_loramac-node\_bind\timer.o
                0x00000000000053ac                TimerGlobalInit
 .text.TimerInit
                0x0000000000005410       0xcc src\_loramac-node\_bind\timer.o
                0x0000000000005410                TimerInit
 .text.TimerStart
                0x00000000000054dc       0x68 src\_loramac-node\_bind\timer.o
                0x00000000000054dc                TimerStart
 .text.TimerStop
                0x0000000000005544       0x38 src\_loramac-node\_bind\timer.o
                0x0000000000005544                TimerStop
 .text.TimerSetValue
                0x000000000000557c       0x88 src\_loramac-node\_bind\timer.o
                0x000000000000557c                TimerSetValue
 .text.TimerGetCurrentTime
                0x0000000000005604       0x10 src\_loramac-node\_bind\timer.o
                0x0000000000005604                TimerGetCurrentTime
 .text.TimerGetElapsedTime
                0x0000000000005614       0x24 src\_loramac-node\_bind\timer.o
                0x0000000000005614                TimerGetElapsedTime
 .text.rand1    0x0000000000005638       0x38 src\_loramac-node\_bind\utilities.o
 .text.srand1   0x0000000000005670       0x50 src\_loramac-node\_bind\utilities.o
                0x0000000000005670                srand1
 .text.randr    0x00000000000056c0       0x2c src\_loramac-node\_bind\utilities.o
                0x00000000000056c0                randr
 .text.SecureElementRandomNumber
                0x00000000000056ec       0x1c src\_loramac-node\_bind\utilities.o
                0x00000000000056ec                SecureElementRandomNumber
 .text.memcpyr  0x0000000000005708       0x44 src\_loramac-node\_bind\utilities.o
                0x0000000000005708                memcpyr
 .text.Crc32    0x000000000000574c       0xa0 src\_loramac-node\_bind\utilities.o
                0x000000000000574c                Crc32
 .text.DelayMs  0x00000000000057ec       0x20 src\_loramac-node\_bind\utilities.o
                0x00000000000057ec                DelayMs
 .text.LmHandlerInit
                0x000000000000580c      0x23c src\_loramac-node\lmhandler\LmHandler.o
                0x000000000000580c                LmHandlerInit
 .text.LmHandlerIsBusy
                0x0000000000005a48       0x36 src\_loramac-node\lmhandler\LmHandler.o
                0x0000000000005a48                LmHandlerIsBusy
 *fill*         0x0000000000005a7e        0x2 
 .text.LmHandlerProcess
                0x0000000000005a80       0xa0 src\_loramac-node\lmhandler\LmHandler.o
                0x0000000000005a80                LmHandlerProcess
 .text.LmHandlerJoinRequest
                0x0000000000005b20       0x84 src\_loramac-node\lmhandler\LmHandler.o
 .text.LmHandlerJoin
                0x0000000000005ba4       0x18 src\_loramac-node\lmhandler\LmHandler.o
                0x0000000000005ba4                LmHandlerJoin
 .text.LmHandlerJoinStatus
                0x0000000000005bbc       0x3e src\_loramac-node\lmhandler\LmHandler.o
                0x0000000000005bbc                LmHandlerJoinStatus
 *fill*         0x0000000000005bfa        0x2 
 .text.LmHandlerSend
                0x0000000000005bfc      0x10c src\_loramac-node\lmhandler\LmHandler.o
                0x0000000000005bfc                LmHandlerSend
 .text.LmHandlerDeviceTimeReq
                0x0000000000005d08       0x58 src\_loramac-node\lmhandler\LmHandler.o
 .text.LmHandlerBeaconReq
                0x0000000000005d60       0x58 src\_loramac-node\lmhandler\LmHandler.o
 .text.LmHandlerPingSlotReq
                0x0000000000005db8       0xb4 src\_loramac-node\lmhandler\LmHandler.o
                0x0000000000005db8                LmHandlerPingSlotReq
 .text.LmHandlerRequestClass
                0x0000000000005e6c      0x104 src\_loramac-node\lmhandler\LmHandler.o
                0x0000000000005e6c                LmHandlerRequestClass
 .text.LmHandlerGetCurrentClass
                0x0000000000005f70       0x20 src\_loramac-node\lmhandler\LmHandler.o
                0x0000000000005f70                LmHandlerGetCurrentClass
 .text.LmHandlerGetCurrentDatarate
                0x0000000000005f90       0x22 src\_loramac-node\lmhandler\LmHandler.o
                0x0000000000005f90                LmHandlerGetCurrentDatarate
 .text.LmHandlerSetSystemMaxRxError
                0x0000000000005fb2       0x32 src\_loramac-node\lmhandler\LmHandler.o
                0x0000000000005fb2                LmHandlerSetSystemMaxRxError
 .text.McpsConfirm
                0x0000000000005fe4       0x6c src\_loramac-node\lmhandler\LmHandler.o
 .text.McpsIndication
                0x0000000000006050       0xcc src\_loramac-node\lmhandler\LmHandler.o
 .text.MlmeConfirm
                0x000000000000611c      0x118 src\_loramac-node\lmhandler\LmHandler.o
 .text.MlmeIndication
                0x0000000000006234      0x118 src\_loramac-node\lmhandler\LmHandler.o
 .text.LmHandlerPackageIsInitialized
                0x000000000000634c       0x3c src\_loramac-node\lmhandler\LmHandler.o
                0x000000000000634c                LmHandlerPackageIsInitialized
 .text.LmHandlerPackagesNotify
                0x0000000000006388      0x12c src\_loramac-node\lmhandler\LmHandler.o
 .text.LmHandlerPackageIsTxPending
                0x00000000000064b4       0x60 src\_loramac-node\lmhandler\LmHandler.o
 .text.LmHandlerPackagesProcess
                0x0000000000006514       0x78 src\_loramac-node\lmhandler\LmHandler.o
 .text.NvmDataMgmtEvent
                0x000000000000658c       0x20 src\_loramac-node\lmhandler\NvmDataMgmt.o
                0x000000000000658c                NvmDataMgmtEvent
 .text.NvmDataMgmtStore
                0x00000000000065ac      0x20c src\_loramac-node\lmhandler\NvmDataMgmt.o
                0x00000000000065ac                NvmDataMgmtStore
 .text.NvmDataMgmtRestore
                0x00000000000067b8      0x188 src\_loramac-node\lmhandler\NvmDataMgmt.o
                0x00000000000067b8                NvmDataMgmtRestore
 .text.OnRadioTxDone
                0x0000000000006940       0x6c src\_loramac-node\mac\LoRaMac.o
 .text.OnRadioRxDone
                0x00000000000069ac       0x9c src\_loramac-node\mac\LoRaMac.o
 .text.OnRadioTxTimeout
                0x0000000000006a48       0x44 src\_loramac-node\mac\LoRaMac.o
 .text.OnRadioRxError
                0x0000000000006a8c       0x44 src\_loramac-node\mac\LoRaMac.o
 .text.OnRadioRxTimeout
                0x0000000000006ad0       0x44 src\_loramac-node\mac\LoRaMac.o
 .text.UpdateRxSlotIdleState
                0x0000000000006b14       0x34 src\_loramac-node\mac\LoRaMac.o
 .text.ProcessRadioTxDone
                0x0000000000006b48      0x164 src\_loramac-node\mac\LoRaMac.o
 .text.PrepareRxDoneAbort
                0x0000000000006cac       0x58 src\_loramac-node\mac\LoRaMac.o
 .text.ProcessRadioRxDone
                0x0000000000006d04      0xae0 src\_loramac-node\mac\LoRaMac.o
 .text.ProcessRadioTxTimeout
                0x00000000000077e4       0x68 src\_loramac-node\mac\LoRaMac.o
 .text.HandleRadioRxErrorTimeout
                0x000000000000784c      0x148 src\_loramac-node\mac\LoRaMac.o
 .text.ProcessRadioRxError
                0x0000000000007994       0x12 src\_loramac-node\mac\LoRaMac.o
 .text.ProcessRadioRxTimeout
                0x00000000000079a6       0x12 src\_loramac-node\mac\LoRaMac.o
 .text.LoRaMacHandleIrqEvents
                0x00000000000079b8       0x88 src\_loramac-node\mac\LoRaMac.o
 .text.LoRaMacIsBusy
                0x0000000000007a40       0x44 src\_loramac-node\mac\LoRaMac.o
                0x0000000000007a40                LoRaMacIsBusy
 .text.LoRaMacEnableRequests
                0x0000000000007a84       0x28 src\_loramac-node\mac\LoRaMac.o
 .text.LoRaMacHandleRequestEvents
                0x0000000000007aac       0xcc src\_loramac-node\mac\LoRaMac.o
 .text.LoRaMacHandleScheduleUplinkEvent
                0x0000000000007b78       0x38 src\_loramac-node\mac\LoRaMac.o
 .text.LoRaMacHandleIndicationEvents
                0x0000000000007bb0       0xb0 src\_loramac-node\mac\LoRaMac.o
 .text.LoRaMacHandleMcpsRequest
                0x0000000000007c60       0xd8 src\_loramac-node\mac\LoRaMac.o
 .text.LoRaMacHandleMlmeRequest
                0x0000000000007d38       0x78 src\_loramac-node\mac\LoRaMac.o
 .text.LoRaMacCheckForBeaconAcquisition
                0x0000000000007db0       0x58 src\_loramac-node\mac\LoRaMac.o
 .text.CheckForMinimumAbpDatarate
                0x0000000000007e08       0x4a src\_loramac-node\mac\LoRaMac.o
 *fill*         0x0000000000007e52        0x2 
 .text.LoRaMacCheckForRxAbort
                0x0000000000007e54       0x48 src\_loramac-node\mac\LoRaMac.o
 .text.LoRaMacHandleNvm
                0x0000000000007e9c      0x1c4 src\_loramac-node\mac\LoRaMac.o
 .text.LoRaMacHandleResponseTimeout
                0x0000000000008060       0x40 src\_loramac-node\mac\LoRaMac.o
 .text.LoRaMacProcess
                0x00000000000080a0       0xc0 src\_loramac-node\mac\LoRaMac.o
                0x00000000000080a0                LoRaMacProcess
 .text.OnTxDelayedTimerEvent
                0x0000000000008160       0xa4 src\_loramac-node\mac\LoRaMac.o
 .text.OnRxWindow1TimerEvent
                0x0000000000008204       0x88 src\_loramac-node\mac\LoRaMac.o
 .text.OnRxWindow2TimerEvent
                0x000000000000828c       0x94 src\_loramac-node\mac\LoRaMac.o
 .text.OnRetransmitTimeoutTimerEvent
                0x0000000000008320       0x60 src\_loramac-node\mac\LoRaMac.o
 .text.GetFCntDown
                0x0000000000008380       0xbc src\_loramac-node\mac\LoRaMac.o
 .text.SwitchClass
                0x000000000000843c      0x1fc src\_loramac-node\mac\LoRaMac.o
 .text.GetMaxAppPayloadWithoutFOptsLength
                0x0000000000008638       0x54 src\_loramac-node\mac\LoRaMac.o
 .text.ValidatePayloadLength
                0x000000000000868c       0x78 src\_loramac-node\mac\LoRaMac.o
 .text.SetMlmeScheduleUplinkIndication
                0x0000000000008704       0x20 src\_loramac-node\mac\LoRaMac.o
 .text.ProcessMacCommands
                0x0000000000008724      0xb64 src\_loramac-node\mac\LoRaMac.o
 .text.Send     0x0000000000009288      0x214 src\_loramac-node\mac\LoRaMac.o
                0x0000000000009288                Send
 .text.SendReJoinReq
                0x000000000000949c       0xc8 src\_loramac-node\mac\LoRaMac.o
                0x000000000000949c                SendReJoinReq
 .text.CheckForClassBCollision
                0x0000000000009564       0x40 src\_loramac-node\mac\LoRaMac.o
 .text.ComputeRxWindowParameters
                0x00000000000095a4       0xe0 src\_loramac-node\mac\LoRaMac.o
 .text.VerifyTxFrame
                0x0000000000009684       0x64 src\_loramac-node\mac\LoRaMac.o
 .text.SerializeTxFrame
                0x00000000000096e8       0x84 src\_loramac-node\mac\LoRaMac.o
 .text.ScheduleTx
                0x000000000000976c      0x1b8 src\_loramac-node\mac\LoRaMac.o
 .text.SecureFrame
                0x0000000000009924       0xcc src\_loramac-node\mac\LoRaMac.o
 .text.CalculateBackOff
                0x00000000000099f0       0x34 src\_loramac-node\mac\LoRaMac.o
 .text.RemoveMacCommands
                0x0000000000009a24       0x50 src\_loramac-node\mac\LoRaMac.o
 .text.ResetMacParameters
                0x0000000000009a74      0x250 src\_loramac-node\mac\LoRaMac.o
 .text.RxWindowSetup
                0x0000000000009cc4       0x60 src\_loramac-node\mac\LoRaMac.o
 .text.OpenContinuousRxCWindow
                0x0000000000009d24       0x9c src\_loramac-node\mac\LoRaMac.o
 .text.PrepareFrame
                0x0000000000009dc0      0x284 src\_loramac-node\mac\LoRaMac.o
                0x0000000000009dc0                PrepareFrame
 .text.SendFrameOnChannel
                0x000000000000a044      0x1a4 src\_loramac-node\mac\LoRaMac.o
                0x000000000000a044                SendFrameOnChannel
 .text.SetTxContinuousWave
                0x000000000000a1e8       0x50 src\_loramac-node\mac\LoRaMac.o
                0x000000000000a1e8                SetTxContinuousWave
 .text.GetNvmData
                0x000000000000a238       0x10 src\_loramac-node\mac\LoRaMac.o
 .text.RestoreNvmData
                0x000000000000a248      0x1b8 src\_loramac-node\mac\LoRaMac.o
 .text.DetermineFrameType
                0x000000000000a400       0x9a src\_loramac-node\mac\LoRaMac.o
                0x000000000000a400                DetermineFrameType
 .text.CheckRetrans
                0x000000000000a49a       0x2c src\_loramac-node\mac\LoRaMac.o
 *fill*         0x000000000000a4c6        0x2 
 .text.CheckRetransUnconfirmedUplink
                0x000000000000a4c8       0x64 src\_loramac-node\mac\LoRaMac.o
 .text.CheckRetransConfirmedUplink
                0x000000000000a52c       0x58 src\_loramac-node\mac\LoRaMac.o
 .text.IncreaseAdrAckCounter
                0x000000000000a584       0x1e src\_loramac-node\mac\LoRaMac.o
 *fill*         0x000000000000a5a2        0x2 
 .text.StopRetransmission
                0x000000000000a5a4       0x94 src\_loramac-node\mac\LoRaMac.o
 .text.CallNvmDataChangeCallback
                0x000000000000a638       0x44 src\_loramac-node\mac\LoRaMac.o
 .text.IsRequestPending
                0x000000000000a67c       0x38 src\_loramac-node\mac\LoRaMac.o
 .text.LoRaMacInitialization
                0x000000000000a6b4      0x5d0 src\_loramac-node\mac\LoRaMac.o
                0x000000000000a6b4                LoRaMacInitialization
 .text.LoRaMacStart
                0x000000000000ac84       0x1c src\_loramac-node\mac\LoRaMac.o
                0x000000000000ac84                LoRaMacStart
 .text.LoRaMacStop
                0x000000000000aca0       0x40 src\_loramac-node\mac\LoRaMac.o
                0x000000000000aca0                LoRaMacStop
 .text.LoRaMacQueryTxPossible
                0x000000000000ace0      0x148 src\_loramac-node\mac\LoRaMac.o
                0x000000000000ace0                LoRaMacQueryTxPossible
 .text.LoRaMacMibGetRequestConfirm
                0x000000000000ae28      0x290 src\_loramac-node\mac\LoRaMac.o
                0x000000000000ae28                LoRaMacMibGetRequestConfirm
 .text.LoRaMacMibSetRequestConfirm
                0x000000000000b0b8      0x8e4 src\_loramac-node\mac\LoRaMac.o
                0x000000000000b0b8                LoRaMacMibSetRequestConfirm
 .text.LoRaMacChannelAdd
                0x000000000000b99c       0x6c src\_loramac-node\mac\LoRaMac.o
                0x000000000000b99c                LoRaMacChannelAdd
 .text.LoRaMacMlmeRequest
                0x000000000000ba08      0x30c src\_loramac-node\mac\LoRaMac.o
                0x000000000000ba08                LoRaMacMlmeRequest
 .text.LoRaMacMcpsRequest
                0x000000000000bd14      0x300 src\_loramac-node\mac\LoRaMac.o
                0x000000000000bd14                LoRaMacMcpsRequest
 .text.LoRaMacTestSetDutyCycleOn
                0x000000000000c014       0x44 src\_loramac-node\mac\LoRaMac.o
                0x000000000000c014                LoRaMacTestSetDutyCycleOn
 .text.LoRaMacAdrCalcNext
                0x000000000000c058      0x1b0 src\_loramac-node\mac\LoRaMacAdr.o
                0x000000000000c058                LoRaMacAdrCalcNext
 .text.LoRaMacClassBInit
                0x000000000000c208       0x14 src\_loramac-node\mac\LoRaMacClassB.o
                0x000000000000c208                LoRaMacClassBInit
 .text.LoRaMacClassBSetBeaconState
                0x000000000000c21c       0x14 src\_loramac-node\mac\LoRaMacClassB.o
                0x000000000000c21c                LoRaMacClassBSetBeaconState
 .text.LoRaMacClassBSetPingSlotState
                0x000000000000c230       0x14 src\_loramac-node\mac\LoRaMacClassB.o
                0x000000000000c230                LoRaMacClassBSetPingSlotState
 .text.LoRaMacClassBSetMulticastSlotState
                0x000000000000c244       0x14 src\_loramac-node\mac\LoRaMacClassB.o
                0x000000000000c244                LoRaMacClassBSetMulticastSlotState
 .text.LoRaMacClassBIsAcquisitionInProgress
                0x000000000000c258        0xc src\_loramac-node\mac\LoRaMacClassB.o
                0x000000000000c258                LoRaMacClassBIsAcquisitionInProgress
 .text.LoRaMacClassBBeaconTimerEvent
                0x000000000000c264       0x10 src\_loramac-node\mac\LoRaMacClassB.o
                0x000000000000c264                LoRaMacClassBBeaconTimerEvent
 .text.LoRaMacClassBPingSlotTimerEvent
                0x000000000000c274       0x10 src\_loramac-node\mac\LoRaMacClassB.o
                0x000000000000c274                LoRaMacClassBPingSlotTimerEvent
 .text.LoRaMacClassBMulticastSlotTimerEvent
                0x000000000000c284       0x10 src\_loramac-node\mac\LoRaMacClassB.o
                0x000000000000c284                LoRaMacClassBMulticastSlotTimerEvent
 .text.LoRaMacClassBRxBeacon
                0x000000000000c294       0x18 src\_loramac-node\mac\LoRaMacClassB.o
                0x000000000000c294                LoRaMacClassBRxBeacon
 .text.LoRaMacClassBIsBeaconExpected
                0x000000000000c2ac        0xc src\_loramac-node\mac\LoRaMacClassB.o
                0x000000000000c2ac                LoRaMacClassBIsBeaconExpected
 .text.LoRaMacClassBIsPingExpected
                0x000000000000c2b8        0xc src\_loramac-node\mac\LoRaMacClassB.o
                0x000000000000c2b8                LoRaMacClassBIsPingExpected
 .text.LoRaMacClassBIsMulticastExpected
                0x000000000000c2c4        0xc src\_loramac-node\mac\LoRaMacClassB.o
                0x000000000000c2c4                LoRaMacClassBIsMulticastExpected
 .text.LoRaMacClassBIsBeaconModeActive
                0x000000000000c2d0        0xc src\_loramac-node\mac\LoRaMacClassB.o
                0x000000000000c2d0                LoRaMacClassBIsBeaconModeActive
 .text.LoRaMacClassBSetPingSlotInfo
                0x000000000000c2dc       0x14 src\_loramac-node\mac\LoRaMacClassB.o
                0x000000000000c2dc                LoRaMacClassBSetPingSlotInfo
 .text.LoRaMacClassBHaltBeaconing
                0x000000000000c2f0        0xa src\_loramac-node\mac\LoRaMacClassB.o
                0x000000000000c2f0                LoRaMacClassBHaltBeaconing
 .text.LoRaMacClassBResumeBeaconing
                0x000000000000c2fa        0xa src\_loramac-node\mac\LoRaMacClassB.o
                0x000000000000c2fa                LoRaMacClassBResumeBeaconing
 .text.LoRaMacClassBSwitchClass
                0x000000000000c304       0x16 src\_loramac-node\mac\LoRaMacClassB.o
                0x000000000000c304                LoRaMacClassBSwitchClass
 .text.LoRaMacClassBMibGetRequestConfirm
                0x000000000000c31a       0x12 src\_loramac-node\mac\LoRaMacClassB.o
                0x000000000000c31a                LoRaMacClassBMibGetRequestConfirm
 .text.LoRaMacMibClassBSetRequestConfirm
                0x000000000000c32c       0x12 src\_loramac-node\mac\LoRaMacClassB.o
                0x000000000000c32c                LoRaMacMibClassBSetRequestConfirm
 .text.LoRaMacClassBPingSlotInfoAns
                0x000000000000c33e        0xa src\_loramac-node\mac\LoRaMacClassB.o
                0x000000000000c33e                LoRaMacClassBPingSlotInfoAns
 .text.LoRaMacClassBPingSlotChannelReq
                0x000000000000c348       0x18 src\_loramac-node\mac\LoRaMacClassB.o
                0x000000000000c348                LoRaMacClassBPingSlotChannelReq
 .text.LoRaMacClassBBeaconTimingAns
                0x000000000000c360       0x1c src\_loramac-node\mac\LoRaMacClassB.o
                0x000000000000c360                LoRaMacClassBBeaconTimingAns
 .text.LoRaMacClassBDeviceTimeAns
                0x000000000000c37c        0xa src\_loramac-node\mac\LoRaMacClassB.o
                0x000000000000c37c                LoRaMacClassBDeviceTimeAns
 .text.LoRaMacClassBBeaconFreqReq
                0x000000000000c386       0x12 src\_loramac-node\mac\LoRaMacClassB.o
                0x000000000000c386                LoRaMacClassBBeaconFreqReq
 .text.LoRaMacClassBIsUplinkCollision
                0x000000000000c398       0x12 src\_loramac-node\mac\LoRaMacClassB.o
                0x000000000000c398                LoRaMacClassBIsUplinkCollision
 .text.LoRaMacClassBStopRxSlots
                0x000000000000c3aa        0xa src\_loramac-node\mac\LoRaMacClassB.o
                0x000000000000c3aa                LoRaMacClassBStopRxSlots
 .text.LoRaMacClassBSetFPendingBit
                0x000000000000c3b4       0x16 src\_loramac-node\mac\LoRaMacClassB.o
                0x000000000000c3b4                LoRaMacClassBSetFPendingBit
 .text.LoRaMacClassBProcess
                0x000000000000c3ca        0xa src\_loramac-node\mac\LoRaMacClassB.o
                0x000000000000c3ca                LoRaMacClassBProcess
 .text.IsSlotFree
                0x000000000000c3d4       0x4a src\_loramac-node\mac\LoRaMacCommands.o
 *fill*         0x000000000000c41e        0x2 
 .text.MallocNewMacCommandSlot
                0x000000000000c420       0x60 src\_loramac-node\mac\LoRaMacCommands.o
 .text.FreeMacCommandSlot
                0x000000000000c480       0x28 src\_loramac-node\mac\LoRaMacCommands.o
 .text.LinkedListInit
                0x000000000000c4a8       0x28 src\_loramac-node\mac\LoRaMacCommands.o
 .text.LinkedListAdd
                0x000000000000c4d0       0x4e src\_loramac-node\mac\LoRaMacCommands.o
 .text.LinkedListGetPrevious
                0x000000000000c51e       0x50 src\_loramac-node\mac\LoRaMacCommands.o
 .text.LinkedListRemove
                0x000000000000c56e       0x6a src\_loramac-node\mac\LoRaMacCommands.o
 .text.IsSticky
                0x000000000000c5d8       0x44 src\_loramac-node\mac\LoRaMacCommands.o
 .text.LoRaMacCommandsInit
                0x000000000000c61c       0x28 src\_loramac-node\mac\LoRaMacCommands.o
                0x000000000000c61c                LoRaMacCommandsInit
 .text.LoRaMacCommandsAddCmd
                0x000000000000c644       0xa0 src\_loramac-node\mac\LoRaMacCommands.o
                0x000000000000c644                LoRaMacCommandsAddCmd
 .text.LoRaMacCommandsRemoveCmd
                0x000000000000c6e4       0x70 src\_loramac-node\mac\LoRaMacCommands.o
                0x000000000000c6e4                LoRaMacCommandsRemoveCmd
 .text.LoRaMacCommandsRemoveNoneStickyCmds
                0x000000000000c754       0x4c src\_loramac-node\mac\LoRaMacCommands.o
                0x000000000000c754                LoRaMacCommandsRemoveNoneStickyCmds
 .text.LoRaMacCommandsRemoveStickyAnsCmds
                0x000000000000c7a0       0x44 src\_loramac-node\mac\LoRaMacCommands.o
                0x000000000000c7a0                LoRaMacCommandsRemoveStickyAnsCmds
 .text.LoRaMacCommandsGetSizeSerializedCmds
                0x000000000000c7e4       0x2c src\_loramac-node\mac\LoRaMacCommands.o
                0x000000000000c7e4                LoRaMacCommandsGetSizeSerializedCmds
 .text.LoRaMacCommandsSerializeCmds
                0x000000000000c810       0xbc src\_loramac-node\mac\LoRaMacCommands.o
                0x000000000000c810                LoRaMacCommandsSerializeCmds
 .text.LoRaMacCommandsStickyCmdsPending
                0x000000000000c8cc       0x4c src\_loramac-node\mac\LoRaMacCommands.o
                0x000000000000c8cc                LoRaMacCommandsStickyCmdsPending
 .text.LoRaMacCommandsGetCmdSize
                0x000000000000c918       0xc8 src\_loramac-node\mac\LoRaMacCommands.o
                0x000000000000c918                LoRaMacCommandsGetCmdSize
 .text.IncreaseBufferPointer
                0x000000000000c9e0       0x30 src\_loramac-node\mac\LoRaMacConfirmQueue.o
 .text.IsListEmpty
                0x000000000000ca10       0x22 src\_loramac-node\mac\LoRaMacConfirmQueue.o
 .text.IsListFull
                0x000000000000ca32       0x22 src\_loramac-node\mac\LoRaMacConfirmQueue.o
 .text.GetElement
                0x000000000000ca54       0x7c src\_loramac-node\mac\LoRaMacConfirmQueue.o
 .text.LoRaMacConfirmQueueInit
                0x000000000000cad0       0x48 src\_loramac-node\mac\LoRaMacConfirmQueue.o
                0x000000000000cad0                LoRaMacConfirmQueueInit
 .text.LoRaMacConfirmQueueAdd
                0x000000000000cb18       0x74 src\_loramac-node\mac\LoRaMacConfirmQueue.o
                0x000000000000cb18                LoRaMacConfirmQueueAdd
 .text.LoRaMacConfirmQueueRemoveFirst
                0x000000000000cb8c       0x44 src\_loramac-node\mac\LoRaMacConfirmQueue.o
                0x000000000000cb8c                LoRaMacConfirmQueueRemoveFirst
 .text.LoRaMacConfirmQueueSetStatus
                0x000000000000cbd0       0x68 src\_loramac-node\mac\LoRaMacConfirmQueue.o
                0x000000000000cbd0                LoRaMacConfirmQueueSetStatus
 .text.LoRaMacConfirmQueueGetStatus
                0x000000000000cc38       0x5c src\_loramac-node\mac\LoRaMacConfirmQueue.o
                0x000000000000cc38                LoRaMacConfirmQueueGetStatus
 .text.LoRaMacConfirmQueueSetStatusCmn
                0x000000000000cc94       0x74 src\_loramac-node\mac\LoRaMacConfirmQueue.o
                0x000000000000cc94                LoRaMacConfirmQueueSetStatusCmn
 .text.LoRaMacConfirmQueueIsCmdActive
                0x000000000000cd08       0x34 src\_loramac-node\mac\LoRaMacConfirmQueue.o
                0x000000000000cd08                LoRaMacConfirmQueueIsCmdActive
 .text.LoRaMacConfirmQueueHandleCb
                0x000000000000cd3c       0xc4 src\_loramac-node\mac\LoRaMacConfirmQueue.o
                0x000000000000cd3c                LoRaMacConfirmQueueHandleCb
 .text.LoRaMacConfirmQueueGetCnt
                0x000000000000ce00       0x14 src\_loramac-node\mac\LoRaMacConfirmQueue.o
                0x000000000000ce00                LoRaMacConfirmQueueGetCnt
 .text.LoRaMacConfirmQueueIsFull
                0x000000000000ce14       0x24 src\_loramac-node\mac\LoRaMacConfirmQueue.o
                0x000000000000ce14                LoRaMacConfirmQueueIsFull
 .text.PayloadEncrypt
                0x000000000000ce38      0x18c src\_loramac-node\mac\LoRaMacCrypto.o
 .text.PrepareB0
                0x000000000000cfc4      0x120 src\_loramac-node\mac\LoRaMacCrypto.o
 .text.ComputeCmacB0
                0x000000000000d0e4       0x8e src\_loramac-node\mac\LoRaMacCrypto.o
 *fill*         0x000000000000d172        0x2 
 .text.VerifyCmacB0
                0x000000000000d174      0x134 src\_loramac-node\mac\LoRaMacCrypto.o
 .text.GetKeyAddrItem
                0x000000000000d2a8       0x64 src\_loramac-node\mac\LoRaMacCrypto.o
 .text.DeriveSessionKey10x
                0x000000000000d30c       0xd2 src\_loramac-node\mac\LoRaMacCrypto.o
 *fill*         0x000000000000d3de        0x2 
 .text.GetLastFcntDown
                0x000000000000d3e0       0xb8 src\_loramac-node\mac\LoRaMacCrypto.o
 .text.CheckFCntDown
                0x000000000000d498       0x46 src\_loramac-node\mac\LoRaMacCrypto.o
 *fill*         0x000000000000d4de        0x2 
 .text.UpdateFCntDown
                0x000000000000d4e0       0x78 src\_loramac-node\mac\LoRaMacCrypto.o
 .text.ResetFCnts
                0x000000000000d558       0x6c src\_loramac-node\mac\LoRaMacCrypto.o
 .text.LoRaMacCryptoInit
                0x000000000000d5c4       0x58 src\_loramac-node\mac\LoRaMacCrypto.o
                0x000000000000d5c4                LoRaMacCryptoInit
 .text.LoRaMacCryptoSetLrWanVersion
                0x000000000000d61c       0x20 src\_loramac-node\mac\LoRaMacCrypto.o
                0x000000000000d61c                LoRaMacCryptoSetLrWanVersion
 .text.LoRaMacCryptoGetFCntUp
                0x000000000000d63c       0x2c src\_loramac-node\mac\LoRaMacCrypto.o
                0x000000000000d63c                LoRaMacCryptoGetFCntUp
 .text.LoRaMacCryptoGetFCntDown
                0x000000000000d668       0xae src\_loramac-node\mac\LoRaMacCrypto.o
                0x000000000000d668                LoRaMacCryptoGetFCntDown
 *fill*         0x000000000000d716        0x2 
 .text.LoRaMacCryptoSetMulticastReference
                0x000000000000d718       0x4c src\_loramac-node\mac\LoRaMacCrypto.o
                0x000000000000d718                LoRaMacCryptoSetMulticastReference
 .text.LoRaMacCryptoSetKey
                0x000000000000d764       0x64 src\_loramac-node\mac\LoRaMacCrypto.o
                0x000000000000d764                LoRaMacCryptoSetKey
 .text.LoRaMacCryptoPrepareJoinRequest
                0x000000000000d7c8       0x8c src\_loramac-node\mac\LoRaMacCrypto.o
                0x000000000000d7c8                LoRaMacCryptoPrepareJoinRequest
 .text.LoRaMacCryptoHandleJoinAccept
                0x000000000000d854      0x218 src\_loramac-node\mac\LoRaMacCrypto.o
                0x000000000000d854                LoRaMacCryptoHandleJoinAccept
 .text.LoRaMacCryptoSecureMessage
                0x000000000000da6c      0x118 src\_loramac-node\mac\LoRaMacCrypto.o
                0x000000000000da6c                LoRaMacCryptoSecureMessage
 .text.LoRaMacCryptoUnsecureMessage
                0x000000000000db84      0x190 src\_loramac-node\mac\LoRaMacCrypto.o
                0x000000000000db84                LoRaMacCryptoUnsecureMessage
 .text.LoRaMacCryptoDeriveMcRootKey
                0x000000000000dd14       0x62 src\_loramac-node\mac\LoRaMacCrypto.o
                0x000000000000dd14                LoRaMacCryptoDeriveMcRootKey
 .text.LoRaMacCryptoDeriveMcKEKey
                0x000000000000dd76       0x4c src\_loramac-node\mac\LoRaMacCrypto.o
                0x000000000000dd76                LoRaMacCryptoDeriveMcKEKey
 .text.LoRaMacParserJoinAccept
                0x000000000000ddc2      0x1e0 src\_loramac-node\mac\LoRaMacParser.o
                0x000000000000ddc2                LoRaMacParserJoinAccept
 .text.LoRaMacParserData
                0x000000000000dfa2      0x21c src\_loramac-node\mac\LoRaMacParser.o
                0x000000000000dfa2                LoRaMacParserData
 .text.LoRaMacSerializerJoinRequest
                0x000000000000e1be      0x136 src\_loramac-node\mac\LoRaMacSerializer.o
                0x000000000000e1be                LoRaMacSerializerJoinRequest
 .text.LoRaMacSerializerData
                0x000000000000e2f4      0x252 src\_loramac-node\mac\LoRaMacSerializer.o
                0x000000000000e2f4                LoRaMacSerializerData
 .text.RegionIsActive
                0x000000000000e546       0x40 src\_loramac-node\mac\region\Region.o
                0x000000000000e546                RegionIsActive
 .text.RegionGetPhyParam
                0x000000000000e586       0x9c src\_loramac-node\mac\region\Region.o
                0x000000000000e586                RegionGetPhyParam
 .text.RegionSetBandTxDone
                0x000000000000e622       0x58 src\_loramac-node\mac\region\Region.o
                0x000000000000e622                RegionSetBandTxDone
 .text.RegionInitDefaults
                0x000000000000e67a       0x5a src\_loramac-node\mac\region\Region.o
                0x000000000000e67a                RegionInitDefaults
 .text.RegionVerify
                0x000000000000e6d4       0x82 src\_loramac-node\mac\region\Region.o
                0x000000000000e6d4                RegionVerify
 .text.RegionApplyCFList
                0x000000000000e756       0x5a src\_loramac-node\mac\region\Region.o
                0x000000000000e756                RegionApplyCFList
 .text.RegionChanMaskSet
                0x000000000000e7b0       0x62 src\_loramac-node\mac\region\Region.o
                0x000000000000e7b0                RegionChanMaskSet
 .text.RegionComputeRxWindowParameters
                0x000000000000e812       0x9c src\_loramac-node\mac\region\Region.o
                0x000000000000e812                RegionComputeRxWindowParameters
 .text.RegionRxConfig
                0x000000000000e8ae       0x76 src\_loramac-node\mac\region\Region.o
                0x000000000000e8ae                RegionRxConfig
 .text.RegionTxConfig
                0x000000000000e924       0x78 src\_loramac-node\mac\region\Region.o
                0x000000000000e924                RegionTxConfig
 .text.RegionLinkAdrReq
                0x000000000000e99c       0x90 src\_loramac-node\mac\region\Region.o
                0x000000000000e99c                RegionLinkAdrReq
 .text.RegionRxParamSetupReq
                0x000000000000ea2c       0x62 src\_loramac-node\mac\region\Region.o
                0x000000000000ea2c                RegionRxParamSetupReq
 .text.RegionNewChannelReq
                0x000000000000ea8e       0x62 src\_loramac-node\mac\region\Region.o
                0x000000000000ea8e                RegionNewChannelReq
 .text.RegionTxParamSetupReq
                0x000000000000eaf0       0x62 src\_loramac-node\mac\region\Region.o
                0x000000000000eaf0                RegionTxParamSetupReq
 .text.RegionDlChannelReq
                0x000000000000eb52       0x62 src\_loramac-node\mac\region\Region.o
                0x000000000000eb52                RegionDlChannelReq
 .text.RegionAlternateDr
                0x000000000000ebb4       0x9a src\_loramac-node\mac\region\Region.o
                0x000000000000ebb4                RegionAlternateDr
 .text.RegionNextChannel
                0x000000000000ec4e       0x78 src\_loramac-node\mac\region\Region.o
                0x000000000000ec4e                RegionNextChannel
 .text.RegionChannelAdd
                0x000000000000ecc6       0x62 src\_loramac-node\mac\region\Region.o
                0x000000000000ecc6                RegionChannelAdd
 .text.RegionApplyDrOffset
                0x000000000000ed28       0xb4 src\_loramac-node\mac\region\Region.o
                0x000000000000ed28                RegionApplyDrOffset
 .text.RegionGetVersion
                0x000000000000eddc       0x18 src\_loramac-node\mac\region\Region.o
                0x000000000000eddc                RegionGetVersion
 .text.FindAvailable125kHzChannels
                0x000000000000edf4       0x84 src\_loramac-node\mac\region\RegionBaseUS.o
 .text.RegionBaseUSComputeNext125kHzJoinChannel
                0x000000000000ee78      0x12e src\_loramac-node\mac\region\RegionBaseUS.o
                0x000000000000ee78                RegionBaseUSComputeNext125kHzJoinChannel
 .text.RegionBaseUSCalcDownlinkFrequency
                0x000000000000efa6       0x26 src\_loramac-node\mac\region\RegionBaseUS.o
                0x000000000000efa6                RegionBaseUSCalcDownlinkFrequency
 .text.GetDutyCycle
                0x000000000000efcc       0xac src\_loramac-node\mac\region\RegionCommon.o
 .text.SetMaxTimeCredits
                0x000000000000f078      0x1c8 src\_loramac-node\mac\region\RegionCommon.o
 .text.UpdateTimeCredits
                0x000000000000f240       0x8c src\_loramac-node\mac\region\RegionCommon.o
 .text.CountChannels
                0x000000000000f2cc       0x78 src\_loramac-node\mac\region\RegionCommon.o
 .text.RegionCommonChanVerifyDr
                0x000000000000f344      0x132 src\_loramac-node\mac\region\RegionCommon.o
                0x000000000000f344                RegionCommonChanVerifyDr
 .text.RegionCommonValueInRange
                0x000000000000f476       0x4c src\_loramac-node\mac\region\RegionCommon.o
                0x000000000000f476                RegionCommonValueInRange
 .text.RegionCommonChanDisable
                0x000000000000f4c2       0x84 src\_loramac-node\mac\region\RegionCommon.o
                0x000000000000f4c2                RegionCommonChanDisable
 .text.RegionCommonCountChannels
                0x000000000000f546       0x82 src\_loramac-node\mac\region\RegionCommon.o
                0x000000000000f546                RegionCommonCountChannels
 .text.RegionCommonChanMaskCopy
                0x000000000000f5c8       0x5e src\_loramac-node\mac\region\RegionCommon.o
                0x000000000000f5c8                RegionCommonChanMaskCopy
 .text.RegionCommonSetBandTxDone
                0x000000000000f626       0x72 src\_loramac-node\mac\region\RegionCommon.o
                0x000000000000f626                RegionCommonSetBandTxDone
 .text.RegionCommonUpdateBandTimeOff
                0x000000000000f698      0x270 src\_loramac-node\mac\region\RegionCommon.o
                0x000000000000f698                RegionCommonUpdateBandTimeOff
 .text.RegionCommonParseLinkAdrReq
                0x000000000000f908       0xaa src\_loramac-node\mac\region\RegionCommon.o
                0x000000000000f908                RegionCommonParseLinkAdrReq
 .text.RegionCommonLinkAdrReqVerifyParams
                0x000000000000f9b2      0x16a src\_loramac-node\mac\region\RegionCommon.o
                0x000000000000f9b2                RegionCommonLinkAdrReqVerifyParams
 .text.RegionCommonComputeSymbolTimeLoRa
                0x000000000000fb1c       0x30 src\_loramac-node\mac\region\RegionCommon.o
                0x000000000000fb1c                RegionCommonComputeSymbolTimeLoRa
 .text.RegionCommonComputeSymbolTimeFsk
                0x000000000000fb4c       0x24 src\_loramac-node\mac\region\RegionCommon.o
                0x000000000000fb4c                RegionCommonComputeSymbolTimeFsk
 .text.RegionCommonComputeRxWindowParameters
                0x000000000000fb70      0x190 src\_loramac-node\mac\region\RegionCommon.o
                0x000000000000fb70                RegionCommonComputeRxWindowParameters
 .text.RegionCommonComputeTxPower
                0x000000000000fd00       0x72 src\_loramac-node\mac\region\RegionCommon.o
                0x000000000000fd00                RegionCommonComputeTxPower
 .text.RegionCommonCountNbOfEnabledChannels
                0x000000000000fd72      0x1e8 src\_loramac-node\mac\region\RegionCommon.o
                0x000000000000fd72                RegionCommonCountNbOfEnabledChannels
 .text.RegionCommonIdentifyChannels
                0x000000000000ff5a       0xce src\_loramac-node\mac\region\RegionCommon.o
                0x000000000000ff5a                RegionCommonIdentifyChannels
 .text.RegionCommonGetNextLowerTxDr
                0x0000000000010028       0x92 src\_loramac-node\mac\region\RegionCommon.o
                0x0000000000010028                RegionCommonGetNextLowerTxDr
 .text.RegionCommonLimitTxPower
                0x00000000000100ba       0x2e src\_loramac-node\mac\region\RegionCommon.o
                0x00000000000100ba                RegionCommonLimitTxPower
 .text.RegionCommonGetBandwidth
                0x00000000000100e8       0x3c src\_loramac-node\mac\region\RegionCommon.o
                0x00000000000100e8                RegionCommonGetBandwidth
 .text.VerifyRfFreq
                0x0000000000010124       0x50 src\_loramac-node\mac\region\RegionEU433.o
 .text.GetTimeOnAir
                0x0000000000010174       0xc4 src\_loramac-node\mac\region\RegionEU433.o
 .text.RegionEU433GetPhyParam
                0x0000000000010238      0x26c src\_loramac-node\mac\region\RegionEU433.o
                0x0000000000010238                RegionEU433GetPhyParam
 .text.RegionEU433SetBandTxDone
                0x00000000000104a4       0x5c src\_loramac-node\mac\region\RegionEU433.o
                0x00000000000104a4                RegionEU433SetBandTxDone
 .text.RegionEU433InitDefaults
                0x0000000000010500      0x150 src\_loramac-node\mac\region\RegionEU433.o
                0x0000000000010500                RegionEU433InitDefaults
 .text.RegionEU433Verify
                0x0000000000010650       0xa8 src\_loramac-node\mac\region\RegionEU433.o
                0x0000000000010650                RegionEU433Verify
 .text.RegionEU433ApplyCFList
                0x00000000000106f8      0x120 src\_loramac-node\mac\region\RegionEU433.o
                0x00000000000106f8                RegionEU433ApplyCFList
 .text.RegionEU433ChanMaskSet
                0x0000000000010818       0x58 src\_loramac-node\mac\region\RegionEU433.o
                0x0000000000010818                RegionEU433ChanMaskSet
 .text.RegionEU433ComputeRxWindowParameters
                0x0000000000010870       0xcc src\_loramac-node\mac\region\RegionEU433.o
                0x0000000000010870                RegionEU433ComputeRxWindowParameters
 .text.RegionEU433RxConfig
                0x000000000001093c      0x1a4 src\_loramac-node\mac\region\RegionEU433.o
                0x000000000001093c                RegionEU433RxConfig
 .text.RegionEU433TxConfig
                0x0000000000010ae0      0x1c0 src\_loramac-node\mac\region\RegionEU433.o
                0x0000000000010ae0                RegionEU433TxConfig
 .text.RegionEU433LinkAdrReq
                0x0000000000010ca0      0x2c0 src\_loramac-node\mac\region\RegionEU433.o
                0x0000000000010ca0                RegionEU433LinkAdrReq
 .text.RegionEU433RxParamSetupReq
                0x0000000000010f60       0x86 src\_loramac-node\mac\region\RegionEU433.o
                0x0000000000010f60                RegionEU433RxParamSetupReq
 .text.RegionEU433NewChannelReq
                0x0000000000010fe6       0xd2 src\_loramac-node\mac\region\RegionEU433.o
                0x0000000000010fe6                RegionEU433NewChannelReq
 .text.RegionEU433TxParamSetupReq
                0x00000000000110b8       0x14 src\_loramac-node\mac\region\RegionEU433.o
                0x00000000000110b8                RegionEU433TxParamSetupReq
 .text.RegionEU433DlChannelReq
                0x00000000000110cc       0x94 src\_loramac-node\mac\region\RegionEU433.o
                0x00000000000110cc                RegionEU433DlChannelReq
 .text.RegionEU433AlternateDr
                0x0000000000011160       0x20 src\_loramac-node\mac\region\RegionEU433.o
                0x0000000000011160                RegionEU433AlternateDr
 .text.RegionEU433NextChannel
                0x0000000000011180      0x194 src\_loramac-node\mac\region\RegionEU433.o
                0x0000000000011180                RegionEU433NextChannel
 .text.RegionEU433ChannelAdd
                0x0000000000011314      0x17c src\_loramac-node\mac\region\RegionEU433.o
                0x0000000000011314                RegionEU433ChannelAdd
 .text.RegionEU433ChannelsRemove
                0x0000000000011490       0x60 src\_loramac-node\mac\region\RegionEU433.o
                0x0000000000011490                RegionEU433ChannelsRemove
 .text.RegionEU433ApplyDrOffset
                0x00000000000114f0       0x4e src\_loramac-node\mac\region\RegionEU433.o
                0x00000000000114f0                RegionEU433ApplyDrOffset
 *fill*         0x000000000001153e        0x2 
 .text.VerifyRfFreq
                0x0000000000011540       0xf0 src\_loramac-node\mac\region\RegionEU868.o
 .text.GetTimeOnAir
                0x0000000000011630       0xc4 src\_loramac-node\mac\region\RegionEU868.o
 .text.RegionEU868GetPhyParam
                0x00000000000116f4      0x268 src\_loramac-node\mac\region\RegionEU868.o
                0x00000000000116f4                RegionEU868GetPhyParam
 .text.RegionEU868SetBandTxDone
                0x000000000001195c       0x5c src\_loramac-node\mac\region\RegionEU868.o
                0x000000000001195c                RegionEU868SetBandTxDone
 .text.RegionEU868InitDefaults
                0x00000000000119b8      0x164 src\_loramac-node\mac\region\RegionEU868.o
                0x00000000000119b8                RegionEU868InitDefaults
 .text.RegionEU868Verify
                0x0000000000011b1c       0xb4 src\_loramac-node\mac\region\RegionEU868.o
                0x0000000000011b1c                RegionEU868Verify
 .text.RegionEU868ApplyCFList
                0x0000000000011bd0      0x120 src\_loramac-node\mac\region\RegionEU868.o
                0x0000000000011bd0                RegionEU868ApplyCFList
 .text.RegionEU868ChanMaskSet
                0x0000000000011cf0       0x58 src\_loramac-node\mac\region\RegionEU868.o
                0x0000000000011cf0                RegionEU868ChanMaskSet
 .text.RegionEU868ComputeRxWindowParameters
                0x0000000000011d48       0xcc src\_loramac-node\mac\region\RegionEU868.o
                0x0000000000011d48                RegionEU868ComputeRxWindowParameters
 .text.RegionEU868RxConfig
                0x0000000000011e14      0x1a4 src\_loramac-node\mac\region\RegionEU868.o
                0x0000000000011e14                RegionEU868RxConfig
 .text.RegionEU868TxConfig
                0x0000000000011fb8      0x1c0 src\_loramac-node\mac\region\RegionEU868.o
                0x0000000000011fb8                RegionEU868TxConfig
 .text.RegionEU868LinkAdrReq
                0x0000000000012178      0x2c0 src\_loramac-node\mac\region\RegionEU868.o
                0x0000000000012178                RegionEU868LinkAdrReq
 .text.RegionEU868RxParamSetupReq
                0x0000000000012438       0x92 src\_loramac-node\mac\region\RegionEU868.o
                0x0000000000012438                RegionEU868RxParamSetupReq
 .text.RegionEU868NewChannelReq
                0x00000000000124ca       0xd2 src\_loramac-node\mac\region\RegionEU868.o
                0x00000000000124ca                RegionEU868NewChannelReq
 .text.RegionEU868TxParamSetupReq
                0x000000000001259c       0x14 src\_loramac-node\mac\region\RegionEU868.o
                0x000000000001259c                RegionEU868TxParamSetupReq
 .text.RegionEU868DlChannelReq
                0x00000000000125b0       0xa0 src\_loramac-node\mac\region\RegionEU868.o
                0x00000000000125b0                RegionEU868DlChannelReq
 .text.RegionEU868AlternateDr
                0x0000000000012650       0x20 src\_loramac-node\mac\region\RegionEU868.o
                0x0000000000012650                RegionEU868AlternateDr
 .text.RegionEU868NextChannel
                0x0000000000012670      0x194 src\_loramac-node\mac\region\RegionEU868.o
                0x0000000000012670                RegionEU868NextChannel
 .text.RegionEU868ChannelAdd
                0x0000000000012804      0x190 src\_loramac-node\mac\region\RegionEU868.o
                0x0000000000012804                RegionEU868ChannelAdd
 .text.RegionEU868ChannelsRemove
                0x0000000000012994       0x60 src\_loramac-node\mac\region\RegionEU868.o
                0x0000000000012994                RegionEU868ChannelsRemove
 .text.RegionEU868ApplyDrOffset
                0x00000000000129f4       0x4e src\_loramac-node\mac\region\RegionEU868.o
                0x00000000000129f4                RegionEU868ApplyDrOffset
 *fill*         0x0000000000012a42        0x2 
 .text.VerifyRfFreq
                0x0000000000012a44       0x50 src\_loramac-node\mac\region\RegionRU864.o
 .text.GetTimeOnAir
                0x0000000000012a94       0xc4 src\_loramac-node\mac\region\RegionRU864.o
 .text.RegionRU864GetPhyParam
                0x0000000000012b58      0x26c src\_loramac-node\mac\region\RegionRU864.o
                0x0000000000012b58                RegionRU864GetPhyParam
 .text.RegionRU864SetBandTxDone
                0x0000000000012dc4       0x5c src\_loramac-node\mac\region\RegionRU864.o
                0x0000000000012dc4                RegionRU864SetBandTxDone
 .text.RegionRU864InitDefaults
                0x0000000000012e20      0x134 src\_loramac-node\mac\region\RegionRU864.o
                0x0000000000012e20                RegionRU864InitDefaults
 .text.RegionRU864Verify
                0x0000000000012f54       0xa8 src\_loramac-node\mac\region\RegionRU864.o
                0x0000000000012f54                RegionRU864Verify
 .text.RegionRU864ApplyCFList
                0x0000000000012ffc      0x120 src\_loramac-node\mac\region\RegionRU864.o
                0x0000000000012ffc                RegionRU864ApplyCFList
 .text.RegionRU864ChanMaskSet
                0x000000000001311c       0x58 src\_loramac-node\mac\region\RegionRU864.o
                0x000000000001311c                RegionRU864ChanMaskSet
 .text.RegionRU864ComputeRxWindowParameters
                0x0000000000013174       0xcc src\_loramac-node\mac\region\RegionRU864.o
                0x0000000000013174                RegionRU864ComputeRxWindowParameters
 .text.RegionRU864RxConfig
                0x0000000000013240      0x1a4 src\_loramac-node\mac\region\RegionRU864.o
                0x0000000000013240                RegionRU864RxConfig
 .text.RegionRU864TxConfig
                0x00000000000133e4      0x1c0 src\_loramac-node\mac\region\RegionRU864.o
                0x00000000000133e4                RegionRU864TxConfig
 .text.RegionRU864LinkAdrReq
                0x00000000000135a4      0x2c0 src\_loramac-node\mac\region\RegionRU864.o
                0x00000000000135a4                RegionRU864LinkAdrReq
 .text.RegionRU864RxParamSetupReq
                0x0000000000013864       0x86 src\_loramac-node\mac\region\RegionRU864.o
                0x0000000000013864                RegionRU864RxParamSetupReq
 .text.RegionRU864NewChannelReq
                0x00000000000138ea       0xd2 src\_loramac-node\mac\region\RegionRU864.o
                0x00000000000138ea                RegionRU864NewChannelReq
 .text.RegionRU864TxParamSetupReq
                0x00000000000139bc       0x14 src\_loramac-node\mac\region\RegionRU864.o
                0x00000000000139bc                RegionRU864TxParamSetupReq
 .text.RegionRU864DlChannelReq
                0x00000000000139d0       0x94 src\_loramac-node\mac\region\RegionRU864.o
                0x00000000000139d0                RegionRU864DlChannelReq
 .text.RegionRU864AlternateDr
                0x0000000000013a64       0x20 src\_loramac-node\mac\region\RegionRU864.o
                0x0000000000013a64                RegionRU864AlternateDr
 .text.RegionRU864NextChannel
                0x0000000000013a84      0x18c src\_loramac-node\mac\region\RegionRU864.o
                0x0000000000013a84                RegionRU864NextChannel
 .text.RegionRU864ChannelAdd
                0x0000000000013c10      0x17c src\_loramac-node\mac\region\RegionRU864.o
                0x0000000000013c10                RegionRU864ChannelAdd
 .text.RegionRU864ChannelsRemove
                0x0000000000013d8c       0x60 src\_loramac-node\mac\region\RegionRU864.o
                0x0000000000013d8c                RegionRU864ChannelsRemove
 .text.RegionRU864ApplyDrOffset
                0x0000000000013dec       0x4e src\_loramac-node\mac\region\RegionRU864.o
                0x0000000000013dec                RegionRU864ApplyDrOffset
 .text.LimitTxPower
                0x0000000000013e3a       0x94 src\_loramac-node\mac\region\RegionUS915.o
 *fill*         0x0000000000013ece        0x2 
 .text.VerifyRfFreq
                0x0000000000013ed0       0x84 src\_loramac-node\mac\region\RegionUS915.o
 .text.GetTimeOnAir
                0x0000000000013f54       0x74 src\_loramac-node\mac\region\RegionUS915.o
 .text.RegionUS915GetPhyParam
                0x0000000000013fc8      0x29c src\_loramac-node\mac\region\RegionUS915.o
                0x0000000000013fc8                RegionUS915GetPhyParam
 .text.RegionUS915SetBandTxDone
                0x0000000000014264       0x5c src\_loramac-node\mac\region\RegionUS915.o
                0x0000000000014264                RegionUS915SetBandTxDone
 .text.RegionUS915InitDefaults
                0x00000000000142c0      0x29c src\_loramac-node\mac\region\RegionUS915.o
                0x00000000000142c0                RegionUS915InitDefaults
 .text.RegionUS915Verify
                0x000000000001455c       0xa8 src\_loramac-node\mac\region\RegionUS915.o
                0x000000000001455c                RegionUS915Verify
 .text.RegionUS915ApplyCFList
                0x0000000000014604      0x120 src\_loramac-node\mac\region\RegionUS915.o
                0x0000000000014604                RegionUS915ApplyCFList
 .text.RegionUS915ChanMaskSet
                0x0000000000014724       0xfc src\_loramac-node\mac\region\RegionUS915.o
                0x0000000000014724                RegionUS915ChanMaskSet
 .text.RegionUS915ComputeRxWindowParameters
                0x0000000000014820       0xa8 src\_loramac-node\mac\region\RegionUS915.o
                0x0000000000014820                RegionUS915ComputeRxWindowParameters
 .text.RegionUS915RxConfig
                0x00000000000148c8       0xf0 src\_loramac-node\mac\region\RegionUS915.o
                0x00000000000148c8                RegionUS915RxConfig
 .text.RegionUS915TxConfig
                0x00000000000149b8      0x150 src\_loramac-node\mac\region\RegionUS915.o
                0x00000000000149b8                RegionUS915TxConfig
 .text.RegionUS915LinkAdrReq
                0x0000000000014b08      0x4c0 src\_loramac-node\mac\region\RegionUS915.o
                0x0000000000014b08                RegionUS915LinkAdrReq
 .text.RegionUS915RxParamSetupReq
                0x0000000000014fc8       0xb4 src\_loramac-node\mac\region\RegionUS915.o
                0x0000000000014fc8                RegionUS915RxParamSetupReq
 .text.RegionUS915NewChannelReq
                0x000000000001507c       0x14 src\_loramac-node\mac\region\RegionUS915.o
                0x000000000001507c                RegionUS915NewChannelReq
 .text.RegionUS915TxParamSetupReq
                0x0000000000015090       0x14 src\_loramac-node\mac\region\RegionUS915.o
                0x0000000000015090                RegionUS915TxParamSetupReq
 .text.RegionUS915DlChannelReq
                0x00000000000150a4       0x14 src\_loramac-node\mac\region\RegionUS915.o
                0x00000000000150a4                RegionUS915DlChannelReq
 .text.RegionUS915AlternateDr
                0x00000000000150b8       0x6c src\_loramac-node\mac\region\RegionUS915.o
                0x00000000000150b8                RegionUS915AlternateDr
 .text.RegionUS915NextChannel
                0x0000000000015124      0x20c src\_loramac-node\mac\region\RegionUS915.o
                0x0000000000015124                RegionUS915NextChannel
 .text.RegionUS915ChannelAdd
                0x0000000000015330       0x12 src\_loramac-node\mac\region\RegionUS915.o
                0x0000000000015330                RegionUS915ChannelAdd
 *fill*         0x0000000000015342        0x2 
 .text.RegionUS915ApplyDrOffset
                0x0000000000015344       0x58 src\_loramac-node\mac\region\RegionUS915.o
                0x0000000000015344                RegionUS915ApplyDrOffset
 .text.RadioGetFskBandwidthRegValue
                0x000000000001539c       0x78 src\_loramac-node\radio\radio.o
 .text.RadioInit
                0x0000000000015414       0x9c src\_loramac-node\radio\radio.o
                0x0000000000015414                RadioInit
 .text.RadioGetStatus
                0x00000000000154b0       0x2e src\_loramac-node\radio\radio.o
                0x00000000000154b0                RadioGetStatus
 *fill*         0x00000000000154de        0x2 
 .text.RadioSetModem
                0x00000000000154e0       0x54 src\_loramac-node\radio\radio.o
                0x00000000000154e0                RadioSetModem
 .text.RadioSetChannel
                0x0000000000015534       0x18 src\_loramac-node\radio\radio.o
                0x0000000000015534                RadioSetChannel
 .text.RadioIsChannelFree
                0x000000000001554c       0xc8 src\_loramac-node\radio\radio.o
                0x000000000001554c                RadioIsChannelFree
 .text.RadioRandom
                0x0000000000015614       0x2e src\_loramac-node\radio\radio.o
                0x0000000000015614                RadioRandom
 *fill*         0x0000000000015642        0x2 
 .text.RadioSetRxConfig
                0x0000000000015644      0x318 src\_loramac-node\radio\radio.o
                0x0000000000015644                RadioSetRxConfig
 .text.RadioSetTxConfig
                0x000000000001595c      0x288 src\_loramac-node\radio\radio.o
                0x000000000001595c                RadioSetTxConfig
 .text.RadioCheckRfFrequency
                0x0000000000015be4       0x12 src\_loramac-node\radio\radio.o
                0x0000000000015be4                RadioCheckRfFrequency
 *fill*         0x0000000000015bf6        0x2 
 .text.RadioGetLoRaBandwidthInHz
                0x0000000000015bf8       0x94 src\_loramac-node\radio\radio.o
 .text.RadioGetGfskTimeOnAirNumerator
                0x0000000000015c8c       0x88 src\_loramac-node\radio\radio.o
 .text.RadioGetLoRaTimeOnAirNumerator
                0x0000000000015d14      0x118 src\_loramac-node\radio\radio.o
 .text.RadioTimeOnAir
                0x0000000000015e2c       0xe4 src\_loramac-node\radio\radio.o
                0x0000000000015e2c                RadioTimeOnAir
 .text.RadioSend
                0x0000000000015f10       0x7c src\_loramac-node\radio\radio.o
                0x0000000000015f10                RadioSend
 .text.RadioSleep
                0x0000000000015f8c       0x2e src\_loramac-node\radio\radio.o
                0x0000000000015f8c                RadioSleep
 .text.RadioStandby
                0x0000000000015fba       0x10 src\_loramac-node\radio\radio.o
                0x0000000000015fba                RadioStandby
 *fill*         0x0000000000015fca        0x2 
 .text.RadioRx  0x0000000000015fcc       0x68 src\_loramac-node\radio\radio.o
                0x0000000000015fcc                RadioRx
 .text.RadioRxBoosted
                0x0000000000016034       0x68 src\_loramac-node\radio\radio.o
                0x0000000000016034                RadioRxBoosted
 .text.RadioSetRxDutyCycle
                0x000000000001609c       0x1e src\_loramac-node\radio\radio.o
                0x000000000001609c                RadioSetRxDutyCycle
 *fill*         0x00000000000160ba        0x2 
 .text.RadioAddRegisterToRetentionList
                0x00000000000160bc       0xd8 src\_loramac-node\radio\radio.o
                0x00000000000160bc                RadioAddRegisterToRetentionList
 .text.RadioStartCad
                0x0000000000016194       0x1e src\_loramac-node\radio\radio.o
                0x0000000000016194                RadioStartCad
 *fill*         0x00000000000161b2        0x2 
 .text.RadioSetTxContinuousWave
                0x00000000000161b4       0x64 src\_loramac-node\radio\radio.o
                0x00000000000161b4                RadioSetTxContinuousWave
 .text.RadioRssi
                0x0000000000016218       0x1c src\_loramac-node\radio\radio.o
                0x0000000000016218                RadioRssi
 .text.RadioWrite
                0x0000000000016234       0x26 src\_loramac-node\radio\radio.o
                0x0000000000016234                RadioWrite
 .text.RadioRead
                0x000000000001625a       0x1c src\_loramac-node\radio\radio.o
                0x000000000001625a                RadioRead
 .text.RadioWriteBuffer
                0x0000000000016276       0x28 src\_loramac-node\radio\radio.o
                0x0000000000016276                RadioWriteBuffer
 .text.RadioReadBuffer
                0x000000000001629e       0x28 src\_loramac-node\radio\radio.o
                0x000000000001629e                RadioReadBuffer
 *fill*         0x00000000000162c6        0x2 
 .text.RadioSetMaxPayloadLength
                0x00000000000162c8       0x64 src\_loramac-node\radio\radio.o
                0x00000000000162c8                RadioSetMaxPayloadLength
 .text.RadioSetPublicNetwork
                0x000000000001632c       0x68 src\_loramac-node\radio\radio.o
                0x000000000001632c                RadioSetPublicNetwork
 .text.RadioGetWakeupTime
                0x0000000000016394       0x12 src\_loramac-node\radio\radio.o
                0x0000000000016394                RadioGetWakeupTime
 *fill*         0x00000000000163a6        0x2 
 .text.RadioOnTxTimeoutIrq
                0x00000000000163a8       0x30 src\_loramac-node\radio\radio.o
                0x00000000000163a8                RadioOnTxTimeoutIrq
 .text.RadioOnRxTimeoutIrq
                0x00000000000163d8       0x30 src\_loramac-node\radio\radio.o
                0x00000000000163d8                RadioOnRxTimeoutIrq
 .text.RadioOnDioIrq
                0x0000000000016408       0x1c src\_loramac-node\radio\radio.o
                0x0000000000016408                RadioOnDioIrq
 .text.RadioIrqProcess
                0x0000000000016424      0x268 src\_loramac-node\radio\radio.o
                0x0000000000016424                RadioIrqProcess
 .text.SX126xInit
                0x000000000001668c       0x40 src\_loramac-node\radio\sx126x.o
                0x000000000001668c                SX126xInit
 .text.SX126xCheckDeviceReady
                0x00000000000166cc       0x28 src\_loramac-node\radio\sx126x.o
                0x00000000000166cc                SX126xCheckDeviceReady
 .text.SX126xSetPayload
                0x00000000000166f4       0x24 src\_loramac-node\radio\sx126x.o
                0x00000000000166f4                SX126xSetPayload
 .text.SX126xGetPayload
                0x0000000000016718       0x4e src\_loramac-node\radio\sx126x.o
                0x0000000000016718                SX126xGetPayload
 .text.SX126xSendPayload
                0x0000000000016766       0x30 src\_loramac-node\radio\sx126x.o
                0x0000000000016766                SX126xSendPayload
 .text.SX126xSetSyncWord
                0x0000000000016796       0x20 src\_loramac-node\radio\sx126x.o
                0x0000000000016796                SX126xSetSyncWord
 *fill*         0x00000000000167b6        0x2 
 .text.SX126xSetCrcSeed
                0x00000000000167b8       0x4c src\_loramac-node\radio\sx126x.o
                0x00000000000167b8                SX126xSetCrcSeed
 .text.SX126xSetCrcPolynomial
                0x0000000000016804       0x4c src\_loramac-node\radio\sx126x.o
                0x0000000000016804                SX126xSetCrcPolynomial
 .text.SX126xSetWhiteningSeed
                0x0000000000016850       0x84 src\_loramac-node\radio\sx126x.o
                0x0000000000016850                SX126xSetWhiteningSeed
 .text.SX126xGetRandom
                0x00000000000168d4       0xac src\_loramac-node\radio\sx126x.o
                0x00000000000168d4                SX126xGetRandom
 .text.SX126xSetSleep
                0x0000000000016980       0x7c src\_loramac-node\radio\sx126x.o
                0x0000000000016980                SX126xSetSleep
 .text.SX126xSetStandby
                0x00000000000169fc       0x36 src\_loramac-node\radio\sx126x.o
                0x00000000000169fc                SX126xSetStandby
 .text.SX126xSetTx
                0x0000000000016a32       0x40 src\_loramac-node\radio\sx126x.o
                0x0000000000016a32                SX126xSetTx
 *fill*         0x0000000000016a72        0x2 
 .text.SX126xSetRx
                0x0000000000016a74       0x50 src\_loramac-node\radio\sx126x.o
                0x0000000000016a74                SX126xSetRx
 .text.SX126xSetRxBoosted
                0x0000000000016ac4       0x50 src\_loramac-node\radio\sx126x.o
                0x0000000000016ac4                SX126xSetRxBoosted
 .text.SX126xSetRxDutyCycle
                0x0000000000016b14       0x5e src\_loramac-node\radio\sx126x.o
                0x0000000000016b14                SX126xSetRxDutyCycle
 .text.SX126xSetCad
                0x0000000000016b72       0x1a src\_loramac-node\radio\sx126x.o
                0x0000000000016b72                SX126xSetCad
 .text.SX126xSetTxContinuousWave
                0x0000000000016b8c       0x1a src\_loramac-node\radio\sx126x.o
                0x0000000000016b8c                SX126xSetTxContinuousWave
 .text.SX126xSetStopRxTimerOnPreambleDetect
                0x0000000000016ba6       0x20 src\_loramac-node\radio\sx126x.o
                0x0000000000016ba6                SX126xSetStopRxTimerOnPreambleDetect
 *fill*         0x0000000000016bc6        0x2 
 .text.SX126xSetLoRaSymbNumTimeout
                0x0000000000016bc8       0xb8 src\_loramac-node\radio\sx126x.o
                0x0000000000016bc8                SX126xSetLoRaSymbNumTimeout
 .text.SX126xSetRegulatorMode
                0x0000000000016c80       0x20 src\_loramac-node\radio\sx126x.o
                0x0000000000016c80                SX126xSetRegulatorMode
 .text.SX126xCalibrateImage
                0x0000000000016ca0       0xa8 src\_loramac-node\radio\sx126x.o
                0x0000000000016ca0                SX126xCalibrateImage
 .text.SX126xSetPaConfig
                0x0000000000016d48       0x5c src\_loramac-node\radio\sx126x.o
                0x0000000000016d48                SX126xSetPaConfig
 .text.SX126xSetDioIrqParams
                0x0000000000016da4       0x9c src\_loramac-node\radio\sx126x.o
                0x0000000000016da4                SX126xSetDioIrqParams
 .text.SX126xGetIrqStatus
                0x0000000000016e40       0x2e src\_loramac-node\radio\sx126x.o
                0x0000000000016e40                SX126xGetIrqStatus
 .text.SX126xSetDio2AsRfSwitchCtrl
                0x0000000000016e6e       0x20 src\_loramac-node\radio\sx126x.o
                0x0000000000016e6e                SX126xSetDio2AsRfSwitchCtrl
 *fill*         0x0000000000016e8e        0x2 
 .text.SX126xSetRfFrequency
                0x0000000000016e90       0x70 src\_loramac-node\radio\sx126x.o
                0x0000000000016e90                SX126xSetRfFrequency
 .text.SX126xSetPacketType
                0x0000000000016f00       0x2c src\_loramac-node\radio\sx126x.o
                0x0000000000016f00                SX126xSetPacketType
 .text.SX126xGetPacketType
                0x0000000000016f2c       0x14 src\_loramac-node\radio\sx126x.o
                0x0000000000016f2c                SX126xGetPacketType
 .text.SX126xSetTxParams
                0x0000000000016f40       0xd8 src\_loramac-node\radio\sx126x.o
                0x0000000000016f40                SX126xSetTxParams
 .text.SX126xSetModulationParams
                0x0000000000017018      0x10c src\_loramac-node\radio\sx126x.o
                0x0000000000017018                SX126xSetModulationParams
 .text.SX126xSetPacketParams
                0x0000000000017124      0x174 src\_loramac-node\radio\sx126x.o
                0x0000000000017124                SX126xSetPacketParams
 .text.SX126xSetBufferBaseAddress
                0x0000000000017298       0x38 src\_loramac-node\radio\sx126x.o
                0x0000000000017298                SX126xSetBufferBaseAddress
 .text.SX126xGetRssiInst
                0x00000000000172d0       0x32 src\_loramac-node\radio\sx126x.o
                0x00000000000172d0                SX126xGetRssiInst
 *fill*         0x0000000000017302        0x2 
 .text.SX126xGetRxBufferStatus
                0x0000000000017304       0x64 src\_loramac-node\radio\sx126x.o
                0x0000000000017304                SX126xGetRxBufferStatus
 .text.SX126xGetPacketStatus
                0x0000000000017368       0xb8 src\_loramac-node\radio\sx126x.o
                0x0000000000017368                SX126xGetPacketStatus
 .text.SX126xClearIrqStatus
                0x0000000000017420       0x3a src\_loramac-node\radio\sx126x.o
                0x0000000000017420                SX126xClearIrqStatus
 *fill*         0x000000000001745a        0x2 
 .text.SX126xConvertFreqInHzToPllStep
                0x000000000001745c       0x58 src\_loramac-node\radio\sx126x.o
 .text.copy_block
                0x00000000000174b4       0xb0 src\_loramac-node\soft-se\aes.o
 .text.copy_block_nn
                0x0000000000017564       0x38 src\_loramac-node\soft-se\aes.o
 .text.xor_block
                0x000000000001759c      0x16c src\_loramac-node\soft-se\aes.o
 .text.copy_and_key
                0x0000000000017708      0x16e src\_loramac-node\soft-se\aes.o
 .text.add_round_key
                0x0000000000017876       0x1e src\_loramac-node\soft-se\aes.o
 .text.shift_sub_rows
                0x0000000000017894      0x144 src\_loramac-node\soft-se\aes.o
 .text.mix_sub_columns
                0x00000000000179d8      0x3cc src\_loramac-node\soft-se\aes.o
 .text.aes_set_key
                0x0000000000017da4      0x278 src\_loramac-node\soft-se\aes.o
                0x0000000000017da4                aes_set_key
 .text.aes_encrypt
                0x000000000001801c       0x94 src\_loramac-node\soft-se\aes.o
                0x000000000001801c                aes_encrypt
 .text.AES_CMAC_Init
                0x00000000000180b0       0x34 src\_loramac-node\soft-se\cmac.o
                0x00000000000180b0                AES_CMAC_Init
 .text.AES_CMAC_SetKey
                0x00000000000180e4       0x1e src\_loramac-node\soft-se\cmac.o