Archive member included to satisfy reference by file (symbol)

C:\toolchain\armv6-m_thumb_le\lib\gcc\arm-none-eabi\11.2.0\libgcc.a(_udivsi3.o)
                              src\_agn\print.o (__aeabi_uidiv)
C:\toolchain\armv6-m_thumb_le\lib\gcc\arm-none-eabi\11.2.0\libgcc.a(_divsi3.o)
                              src\_agn\print.o (__aeabi_idiv)
C:\toolchain\armv6-m_thumb_le\lib\gcc\arm-none-eabi\11.2.0\libgcc.a(_dvmd_tls.o)
                              C:\toolchain\armv6-m_thumb_le\lib\gcc\arm-none-eabi\11.2.0\libgcc.a(_udivsi3.o) (__aeabi_idiv0)
C:\toolchain\armv6-m_thumb_le\lib\gcc\arm-none-eabi\11.2.0\libgcc.a(_arm_cmpdf2.o)
                              src\app\helper_functions.o (__aeabi_dcmpge)
C:\toolchain\armv6-m_thumb_le\lib\gcc\arm-none-eabi\11.2.0\libgcc.a(_arm_cmpsf2.o)
                              src\app\helper_functions.o (__aeabi_fcmplt)
C:\toolchain\armv6-m_thumb_le\lib\gcc\arm-none-eabi\11.2.0\libgcc.a(_aeabi_uldivmod.o)
                              src\_loramac-node\_bind\systime.o (__aeabi_uldivmod)
C:\toolchain\armv6-m_thumb_le\lib\gcc\arm-none-eabi\11.2.0\libgcc.a(_muldi3.o)
                              src\_loramac-node\_bind\systime.o (__aeabi_lmul)
C:\toolchain\armv6-m_thumb_le\lib\gcc\arm-none-eabi\11.2.0\libgcc.a(_fixunssfsi.o)
                              src\app\helper_functions.o (__aeabi_f2uiz)
C:\toolchain\armv6-m_thumb_le\lib\gcc\arm-none-eabi\11.2.0\libgcc.a(_udivmoddi4.o)
                              C:\toolchain\armv6-m_thumb_le\lib\gcc\arm-none-eabi\11.2.0\libgcc.a(_aeabi_uldivmod.o) (__udivmoddi4)
C:\toolchain\armv6-m_thumb_le\lib\gcc\arm-none-eabi\11.2.0\libgcc.a(divsf3.o)
                              src\app\helper_functions.o (__aeabi_fdiv)
C:\toolchain\armv6-m_thumb_le\lib\gcc\arm-none-eabi\11.2.0\libgcc.a(eqsf2.o)
                              C:\toolchain\armv6-m_thumb_le\lib\gcc\arm-none-eabi\11.2.0\libgcc.a(_arm_cmpsf2.o) (__eqsf2)
C:\toolchain\armv6-m_thumb_le\lib\gcc\arm-none-eabi\11.2.0\libgcc.a(gesf2.o)
                              C:\toolchain\armv6-m_thumb_le\lib\gcc\arm-none-eabi\11.2.0\libgcc.a(_arm_cmpsf2.o) (__gesf2)
C:\toolchain\armv6-m_thumb_le\lib\gcc\arm-none-eabi\11.2.0\libgcc.a(lesf2.o)
                              C:\toolchain\armv6-m_thumb_le\lib\gcc\arm-none-eabi\11.2.0\libgcc.a(_arm_cmpsf2.o) (__lesf2)
C:\toolchain\armv6-m_thumb_le\lib\gcc\arm-none-eabi\11.2.0\libgcc.a(mulsf3.o)
                              src\app\helper_functions.o (__aeabi_fmul)
C:\toolchain\armv6-m_thumb_le\lib\gcc\arm-none-eabi\11.2.0\libgcc.a(subsf3.o)
                              src\_loramac-node\mac\region\RegionCommon.o (__aeabi_fsub)
C:\toolchain\armv6-m_thumb_le\lib\gcc\arm-none-eabi\11.2.0\libgcc.a(fixsfsi.o)
                              C:\toolchain\armv6-m_thumb_le\lib\gcc\arm-none-eabi\11.2.0\libgcc.a(_fixunssfsi.o) (__aeabi_f2iz)
C:\toolchain\armv6-m_thumb_le\lib\gcc\arm-none-eabi\11.2.0\libgcc.a(floatunsisf.o)
                              src\_loramac-node\mac\LoRaMac.o (__aeabi_ui2f)
C:\toolchain\armv6-m_thumb_le\lib\gcc\arm-none-eabi\11.2.0\libgcc.a(adddf3.o)
                              src\app\helper_functions.o (__aeabi_dadd)
C:\toolchain\armv6-m_thumb_le\lib\gcc\arm-none-eabi\11.2.0\libgcc.a(divdf3.o)
                              src\app\helper_functions.o (__aeabi_ddiv)
C:\toolchain\armv6-m_thumb_le\lib\gcc\arm-none-eabi\11.2.0\libgcc.a(eqdf2.o)
                              C:\toolchain\armv6-m_thumb_le\lib\gcc\arm-none-eabi\11.2.0\libgcc.a(_arm_cmpdf2.o) (__eqdf2)
C:\toolchain\armv6-m_thumb_le\lib\gcc\arm-none-eabi\11.2.0\libgcc.a(gedf2.o)
                              C:\toolchain\armv6-m_thumb_le\lib\gcc\arm-none-eabi\11.2.0\libgcc.a(_arm_cmpdf2.o) (__gedf2)
C:\toolchain\armv6-m_thumb_le\lib\gcc\arm-none-eabi\11.2.0\libgcc.a(ledf2.o)
                              C:\toolchain\armv6-m_thumb_le\lib\gcc\arm-none-eabi\11.2.0\libgcc.a(_arm_cmpdf2.o) (__ledf2)
C:\toolchain\armv6-m_thumb_le\lib\gcc\arm-none-eabi\11.2.0\libgcc.a(muldf3.o)
                              src\app\helper_functions.o (__aeabi_dmul)
C:\toolchain\armv6-m_thumb_le\lib\gcc\arm-none-eabi\11.2.0\libgcc.a(subdf3.o)
                              src\app\helper_functions.o (__aeabi_dsub)
C:\toolchain\armv6-m_thumb_le\lib\gcc\arm-none-eabi\11.2.0\libgcc.a(fixdfsi.o)
                              src\_loramac-node\mac\region\RegionCommon.o (__aeabi_d2iz)
C:\toolchain\armv6-m_thumb_le\lib\gcc\arm-none-eabi\11.2.0\libgcc.a(floatsidf.o)
                              src\app\main_alt.o (__aeabi_i2d)
C:\toolchain\armv6-m_thumb_le\lib\gcc\arm-none-eabi\11.2.0\libgcc.a(extendsfdf2.o)
                              src\_loramac-node\mac\region\RegionCommon.o (__aeabi_f2d)
C:\toolchain\armv6-m_thumb_le\lib\gcc\arm-none-eabi\11.2.0\libgcc.a(truncdfsf2.o)
                              src\app\helper_functions.o (__aeabi_d2f)
C:\toolchain\armv6-m_thumb_le\lib\gcc\arm-none-eabi\11.2.0\libgcc.a(_thumb1_case_uqi.o)
[...]
Memory Configuration

Name             Origin             Length             Attributes
m_flash_vectab   0x0000000000000000 0x00000000000000c0 r
m_flash_gap      0x00000000000000c0 0x0000000000000340 r
m_flash_fcf      0x0000000000000400 0x0000000000000010 r
m_flash_bulk     0x0000000000000410 0x000000000001fbf0 xr
m_sram           0x000000001ffff000 0x0000000000004000 rw
*default*        0x0000000000000000 0xffffffffffffffff

Linker script and memory map

LOAD src\_agn\crsec.o
LOAD src\_agn\delay.o
LOAD src\_agn\expt.o
LOAD src\_agn\fifo.o
LOAD src\_agn\hdlr_def.o
LOAD src\_agn\hdlr_hardfault.o
LOAD src\_agn\hdlr_nmi.o
LOAD src\_agn\mem.o
LOAD src\_agn\pool.o
LOAD src\_agn\print.o
LOAD src\_agn\qfpio.o
LOAD src\_agn\qfplib-m0-full.o
LOAD src\_agn\startup.o
LOAD src\_agn\str.o
LOAD src\_agn\vectab_rom.o
LOAD src\_agn\wait.o
LOAD src\_brd\acc.o
LOAD src\_brd\btn.o
LOAD src\_brd\com.o
LOAD src\_brd\eeprom.o
LOAD src\_brd\hex_sw.o
LOAD src\_brd\init.o
LOAD src\_brd\led.o
LOAD src\_brd\marker.o
LOAD src\_dep\math.o
LOAD src\_loramac-node\_bind\board.o
LOAD src\_loramac-node\_bind\cb_def.o
LOAD src\_loramac-node\_bind\nvmm.o
LOAD src\_loramac-node\_bind\sx126x-board.o
LOAD src\_loramac-node\_bind\systime.o
LOAD src\_loramac-node\_bind\timer.o
LOAD src\_loramac-node\_bind\utilities.o
LOAD src\_loramac-node\lmhandler\LmHandler.o
LOAD src\_loramac-node\lmhandler\NvmDataMgmt.o
LOAD src\_loramac-node\mac\LoRaMac.o
LOAD src\_loramac-node\mac\LoRaMacAdr.o
LOAD src\_loramac-node\mac\LoRaMacClassB.o
LOAD src\_loramac-node\mac\LoRaMacCommands.o
LOAD src\_loramac-node\mac\LoRaMacConfirmQueue.o
LOAD src\_loramac-node\mac\LoRaMacCrypto.o
LOAD src\_loramac-node\mac\LoRaMacParser.o
LOAD src\_loramac-node\mac\LoRaMacSerializer.o
LOAD src\_loramac-node\mac\region\Region.o
LOAD src\_loramac-node\mac\region\RegionBaseUS.o
LOAD src\_loramac-node\mac\region\RegionCommon.o
LOAD src\_loramac-node\mac\region\RegionEU433.o
LOAD src\_loramac-node\mac\region\RegionEU868.o
LOAD src\_loramac-node\mac\region\RegionRU864.o
LOAD src\_loramac-node\mac\region\RegionUS915.o
LOAD src\_loramac-node\radio\radio.o
LOAD src\_loramac-node\radio\sx126x.o
LOAD src\_loramac-node\soft-se\aes.o
LOAD src\_loramac-node\soft-se\cmac.o
LOAD src\_loramac-node\soft-se\soft-se-hal.o
LOAD src\_loramac-node\soft-se\soft-se.o
LOAD src\_soc\adc.o
LOAD src\_soc\fcf.o
LOAD src\_soc\port_int.o
LOAD src\_soc\wdog.o
LOAD src\app\helper_functions.o
LOAD src\app\main.o
LOAD src\app\main_alt.o
LOAD src\app\msg.o
LOAD src\app\probe.o
LOAD src\app\surv.o
LOAD src\app\test_acc.o
LOAD src\app\test_btn_led.o
LOAD src\app\test_clkout.o
LOAD src\app\test_com.o
LOAD src\app\test_eeprom.o
LOAD src\app\test_lora.o
LOAD src\app\test_lora_abp.o
LOAD src\app\test_lora_otaa.o
LOAD src\app\test_radio.o
LOAD src\app\test_systime.o
                0x0000000000001800                STACK_SIZE = 0x1800
                0x0000000000000800                STACK_SIZE_DEF = 0x800
                0x0000000000001800                STACK_SIZE_VAL = DEFINED (STACK_SIZE)?STACK_SIZE:STACK_SIZE_DEF

.vectab_rom     0x0000000000000000       0xc0
                0x0000000000000000                VECTAB_ROM_BEGIN = .
 *(.vectab_rom)
 .vectab_rom    0x0000000000000000       0xc0 src\_agn\vectab_rom.o

.fcf            0x0000000000000400       0x10
 *(.fcf)
 .fcf           0x0000000000000400       0x10 src\_soc\fcf.o
                0x0000000000000400                fcf

.text           0x0000000000000410    0x1d288
 *(.text)
 .text          0x0000000000000410     0x1694 src\_agn\qfplib-m0-full.o
                0x00000000000004c2                qfp_fcmp
                0x0000000000000504                qfp_float2int
                0x0000000000000506                qfp_float2fix
                0x0000000000000538                qfp_float2uint
                0x000000000000053a                qfp_float2ufix
                0x0000000000000554                qfp_uint642float
                0x0000000000000556                qfp_ufix642float
                0x0000000000000566                qfp_int642float
                0x0000000000000568                qfp_fix642float
                0x000000000000058e                qfp_int2float
                0x0000000000000590                qfp_fix2float
                0x000000000000059e                qfp_uint2float
                0x00000000000005a0                qfp_ufix2float
                0x000000000000062c                qfp_fsin
                0x0000000000000676                qfp_fcos
                0x0000000000000694                qfp_ftan
                0x000000000000069c                qfp_fexp
                0x00000000000006da                qfp_fln
                0x0000000000000774                qfp_fatan2
                0x0000000000000824                qfp_fsub
                0x0000000000000828                qfp_fadd
                0x00000000000008f8                qfp_fmul
                0x00000000000009c4                qfp_fdiv
                0x0000000000000aa8                qfp_fsqrt
                0x0000000000000b44                qfp_dsub
                0x0000000000000b50                qfp_dadd
                0x0000000000000cac                qfp_dmul
                0x0000000000000e08                qfp_ddiv
                0x0000000000000fd4                qfp_dsqrt
                0x0000000000001166                qfp_dcmp
                0x000000000000125c                qfp_double2int
                0x000000000000125e                qfp_double2fix
                0x000000000000126a                qfp_double2uint
                0x000000000000126c                qfp_double2ufix
                0x0000000000001278                qfp_float2int64
                0x000000000000127a                qfp_float2fix64
                0x0000000000001282                qfp_float2uint64
                0x0000000000001284                qfp_float2ufix64
                0x00000000000012b8                qfp_double2int64
                0x00000000000012ba                qfp_double2fix64
                0x00000000000012d2                qfp_double2uint64
                0x00000000000012d4                qfp_double2ufix64
                0x0000000000001334                qfp_float2double
                0x000000000000135a                qfp_double2float
                0x00000000000013b2                qfp_uint2double
                0x00000000000013b4                qfp_ufix2double
                0x00000000000013ba                qfp_int2double
                0x00000000000013bc                qfp_fix2double
                0x00000000000013c2                qfp_uint642double
                0x00000000000013c4                qfp_ufix642double
                0x00000000000013c8                qfp_int642double
                0x00000000000013ca                qfp_fix642double
                0x0000000000001508                qfp_dtan
                0x0000000000001528                qfp_dcos
                0x0000000000001538                qfp_dsin
                0x0000000000001628                qfp_datan2
                0x000000000000183c                qfp_dexp
                0x00000000000018d8                qfp_dln
 .text          0x0000000000001aa4       0x8c C:\toolchain\armv6-m_thumb_le\lib\gcc\arm-none-eabi\11.2.0\libgcc.a(_udivsi3.o)
                0x0000000000001aa4                __aeabi_uidiv
                0x0000000000001aa4                __udivsi3
                0x0000000000001b1c                __aeabi_uidivmod
 .text          0x0000000000001b30       0xa8 C:\toolchain\armv6-m_thumb_le\lib\gcc\arm-none-eabi\11.2.0\libgcc.a(_divsi3.o)
                0x0000000000001b30                __divsi3
                0x0000000000001b30                __aeabi_idiv
                0x0000000000001bc4                __aeabi_idivmod
 .text          0x0000000000001bd8        0x4 C:\toolchain\armv6-m_thumb_le\lib\gcc\arm-none-eabi\11.2.0\libgcc.a(_dvmd_tls.o)
                0x0000000000001bd8                __aeabi_idiv0
                0x0000000000001bd8                __aeabi_ldiv0
 .text          0x0000000000001bdc       0x7c C:\toolchain\armv6-m_thumb_le\lib\gcc\arm-none-eabi\11.2.0\libgcc.a(_arm_cmpdf2.o)
                0x0000000000001bdc                __aeabi_cdrcmple
                0x0000000000001bec                __aeabi_cdcmple
                0x0000000000001bec                __aeabi_cdcmpeq
                0x0000000000001bfc                __aeabi_dcmpeq
                0x0000000000001c08                __aeabi_dcmplt
                0x0000000000001c1c                __aeabi_dcmple
                0x0000000000001c30                __aeabi_dcmpgt
                0x0000000000001c44                __aeabi_dcmpge
 .text          0x0000000000001c58       0x74 C:\toolchain\armv6-m_thumb_le\lib\gcc\arm-none-eabi\11.2.0\libgcc.a(_arm_cmpsf2.o)
                0x0000000000001c58                __aeabi_cfrcmple
                0x0000000000001c60                __aeabi_cfcmpeq
                0x0000000000001c60                __aeabi_cfcmple
                0x0000000000001c70                __aeabi_fcmpeq
                0x0000000000001c7c                __aeabi_fcmplt
                0x0000000000001c90                __aeabi_fcmple
                0x0000000000001ca4                __aeabi_fcmpgt
                0x0000000000001cb8                __aeabi_fcmpge
 .text          0x0000000000001ccc       0x40 C:\toolchain\armv6-m_thumb_le\lib\gcc\arm-none-eabi\11.2.0\libgcc.a(_aeabi_uldivmod.o)
                0x0000000000001ccc                __aeabi_uldivmod
 .text          0x0000000000001d0c       0x44 C:\toolchain\armv6-m_thumb_le\lib\gcc\arm-none-eabi\11.2.0\libgcc.a(_muldi3.o)
                0x0000000000001d0c                __muldi3
                0x0000000000001d0c                __aeabi_lmul
 .text          0x0000000000001d50       0x2e C:\toolchain\armv6-m_thumb_le\lib\gcc\arm-none-eabi\11.2.0\libgcc.a(_fixunssfsi.o)
                0x0000000000001d50                __fixunssfsi
                0x0000000000001d50                __aeabi_f2uiz
 .text          0x0000000000001d7e       0xde C:\toolchain\armv6-m_thumb_le\lib\gcc\arm-none-eabi\11.2.0\libgcc.a(_udivmoddi4.o)
                0x0000000000001d7e                __udivmoddi4
 .text          0x0000000000001e5c      0x1cc C:\toolchain\armv6-m_thumb_le\lib\gcc\arm-none-eabi\11.2.0\libgcc.a(divsf3.o)
                0x0000000000001e5c                __aeabi_fdiv
 .text          0x0000000000002028       0x4a C:\toolchain\armv6-m_thumb_le\lib\gcc\arm-none-eabi\11.2.0\libgcc.a(eqsf2.o)
                0x0000000000002028                __eqsf2
                0x0000000000002028                __nesf2
 .text          0x0000000000002072       0x86 C:\toolchain\armv6-m_thumb_le\lib\gcc\arm-none-eabi\11.2.0\libgcc.a(gesf2.o)
                0x0000000000002072                __gesf2
                0x0000000000002072                __gtsf2
 .text          0x00000000000020f8       0x86 C:\toolchain\armv6-m_thumb_le\lib\gcc\arm-none-eabi\11.2.0\libgcc.a(lesf2.o)
                0x00000000000020f8                __ltsf2
                0x00000000000020f8                __lesf2
 *fill*         0x000000000000217e        0x2 
 .text          0x0000000000002180      0x208 C:\toolchain\armv6-m_thumb_le\lib\gcc\arm-none-eabi\11.2.0\libgcc.a(mulsf3.o)
                0x0000000000002180                __aeabi_fmul
 .text          0x0000000000002388      0x2dc C:\toolchain\armv6-m_thumb_le\lib\gcc\arm-none-eabi\11.2.0\libgcc.a(subsf3.o)
                0x0000000000002388                __aeabi_fsub
 .text          0x0000000000002664       0x3c C:\toolchain\armv6-m_thumb_le\lib\gcc\arm-none-eabi\11.2.0\libgcc.a(fixsfsi.o)
                0x0000000000002664                __aeabi_f2iz
 .text          0x00000000000026a0       0x6c C:\toolchain\armv6-m_thumb_le\lib\gcc\arm-none-eabi\11.2.0\libgcc.a(floatunsisf.o)
                0x00000000000026a0                __aeabi_ui2f
 .text          0x000000000000270c      0x5b0 C:\toolchain\armv6-m_thumb_le\lib\gcc\arm-none-eabi\11.2.0\libgcc.a(adddf3.o)
                0x000000000000270c                __aeabi_dadd
 .text          0x0000000000002cbc      0x4f8 C:\toolchain\armv6-m_thumb_le\lib\gcc\arm-none-eabi\11.2.0\libgcc.a(divdf3.o)
                0x0000000000002cbc                __aeabi_ddiv
 .text          0x00000000000031b4       0x74 C:\toolchain\armv6-m_thumb_le\lib\gcc\arm-none-eabi\11.2.0\libgcc.a(eqdf2.o)
                0x00000000000031b4                __nedf2
                0x00000000000031b4                __eqdf2
 .text          0x0000000000003228       0xb8 C:\toolchain\armv6-m_thumb_le\lib\gcc\arm-none-eabi\11.2.0\libgcc.a(gedf2.o)
                0x0000000000003228                __gedf2
                0x0000000000003228                __gtdf2
 .text          0x00000000000032e0       0xb8 C:\toolchain\armv6-m_thumb_le\lib\gcc\arm-none-eabi\11.2.0\libgcc.a(ledf2.o)
                0x00000000000032e0                __ledf2
                0x00000000000032e0                __ltdf2
 .text          0x0000000000003398      0x454 C:\toolchain\armv6-m_thumb_le\lib\gcc\arm-none-eabi\11.2.0\libgcc.a(muldf3.o)
                0x0000000000003398                __aeabi_dmul
 .text          0x00000000000037ec      0x5c0 C:\toolchain\armv6-m_thumb_le\lib\gcc\arm-none-eabi\11.2.0\libgcc.a(subdf3.o)
                0x00000000000037ec                __aeabi_dsub
 .text          0x0000000000003dac       0x64 C:\toolchain\armv6-m_thumb_le\lib\gcc\arm-none-eabi\11.2.0\libgcc.a(fixdfsi.o)
                0x0000000000003dac                __aeabi_d2iz
 .text          0x0000000000003e10       0x54 C:\toolchain\armv6-m_thumb_le\lib\gcc\arm-none-eabi\11.2.0\libgcc.a(floatsidf.o)
                0x0000000000003e10                __aeabi_i2d
 .text          0x0000000000003e64       0x84 C:\toolchain\armv6-m_thumb_le\lib\gcc\arm-none-eabi\11.2.0\libgcc.a(extendsfdf2.o)
                0x0000000000003e64                __aeabi_f2d
 .text          0x0000000000003ee8      0x108 C:\toolchain\armv6-m_thumb_le\lib\gcc\arm-none-eabi\11.2.0\libgcc.a(truncdfsf2.o)
                0x0000000000003ee8                __aeabi_d2f
 .text          0x0000000000003ff0       0x14 C:\toolchain\armv6-m_thumb_le\lib\gcc\arm-none-eabi\11.2.0\libgcc.a(_thumb1_case_uqi.o)
                0x0000000000003ff0                __gnu_thumb1_case_uqi
 .text          0x0000000000004004       0x14 C:\toolchain\armv6-m_thumb_le\lib\gcc\arm-none-eabi\11.2.0\libgcc.a(_thumb1_case_uhi.o)
                0x0000000000004004                __gnu_thumb1_case_uhi
 .text          0x0000000000004018       0x18 C:\toolchain\armv6-m_thumb_le\lib\gcc\arm-none-eabi\11.2.0\libgcc.a(_lshrdi3.o)
                0x0000000000004018                __lshrdi3
                0x0000000000004018                __aeabi_llsr
 .text          0x0000000000004030       0x18 C:\toolchain\armv6-m_thumb_le\lib\gcc\arm-none-eabi\11.2.0\libgcc.a(_ashldi3.o)
                0x0000000000004030                __aeabi_llsl
                0x0000000000004030                __ashldi3
 .text          0x0000000000004048       0x3c C:\toolchain\armv6-m_thumb_le\lib\gcc\arm-none-eabi\11.2.0\libgcc.a(_clzsi2.o)
                0x0000000000004048                __clzsi2
 .text          0x0000000000004084       0x18 C:\toolchain\armv6-m_thumb_le\lib\gcc\arm-none-eabi\11.2.0\libgcc.a(_clzdi2.o)
                0x0000000000004084                __clzdi2
 *(.text*)
 .text.crsec_enter
                0x000000000000409c       0x10 src\_agn\crsec.o
                0x000000000000409c                crsec_enter
 .text.crsec_leave
                0x00000000000040ac       0x14 src\_agn\crsec.o
                0x00000000000040ac                crsec_leave
 .text.delay    0x00000000000040c0        0x6 src\_agn\delay.o
                0x00000000000040c0                delay
 *fill*         0x00000000000040c6        0x2 
 .text.expt_vect_set
                0x00000000000040c8       0x10 src\_agn\expt.o
                0x00000000000040c8                expt_vect_set
 .text.hdlr_def
                0x00000000000040d8        0x2 src\_agn\hdlr_def.o
                0x00000000000040d8                hdlr_def
 .text.hdlr_hardfault
                0x00000000000040da        0x6 src\_agn\hdlr_hardfault.o
                0x00000000000040da                hdlr_hardfault
 .text.hdlr_nmi
                0x00000000000040e0        0x2 src\_agn\hdlr_nmi.o
                0x00000000000040e0                hdlr_nmi
 *fill*         0x00000000000040e2        0x2 
 .text.memcmp   0x00000000000040e4       0x28 src\_agn\mem.o
                0x00000000000040e4                memcmp
 .text.memcpy   0x000000000000410c        0xe src\_agn\mem.o
                0x000000000000410c                memcpy
 .text.memset   0x000000000000411a        0xc src\_agn\mem.o
                0x000000000000411a                memset
 .text.print_udec
                0x0000000000004126       0x86 src\_agn\print.o
                0x0000000000004126                print_udec
 .text.print_dec
                0x00000000000041ac       0xcc src\_agn\print.o
                0x00000000000041ac                print_dec
 .text.print_uhex
                0x0000000000004278       0x8e src\_agn\print.o
                0x0000000000004278                print_uhex
 *fill*         0x0000000000004306        0x2 
 .text.startup  0x0000000000004308       0x6c src\_agn\startup.o
                0x0000000000004308                startup
 .text.strcpy   0x0000000000004374       0x46 src\_agn\str.o
                0x0000000000004374                strcpy
 *fill*         0x00000000000043ba        0x2 
 .text.__NVIC_EnableIRQ
                0x00000000000043bc       0x34 src\_brd\acc.o
 .text.__NVIC_ClearPendingIRQ
                0x00000000000043f0       0x38 src\_brd\acc.o
 .text.acc_int_cb
                0x0000000000004428       0x84 src\_brd\acc.o
 .text.acc_dma_handler
                0x00000000000044ac       0x78 src\_brd\acc.o
 .text.acc_reg_rd
                0x0000000000004524       0x50 src\_brd\acc.o
 .text.acc_reg_wr
                0x0000000000004574       0x4c src\_brd\acc.o
 .text.acc_spi_poll_rdwr
                0x00000000000045c0       0x38 src\_brd\acc.o
 .text.acc_init
                0x00000000000045f8      0x118 src\_brd\acc.o
                0x00000000000045f8                acc_init
 .text.acc_enable
                0x0000000000004710      0x1f8 src\_brd\acc.o
                0x0000000000004710                acc_enable
 .text.acc_disable
                0x0000000000004908       0x9c src\_brd\acc.o
                0x0000000000004908                acc_disable
 .text.btn_get_dispatch
                0x00000000000049a4       0x5c src\_brd\btn.o
 .text.btn_get  0x0000000000004a00       0x64 src\_brd\btn.o
                0x0000000000004a00                btn_get
 .text.__NVIC_EnableIRQ
                0x0000000000004a64       0x34 src\_brd\com.o
 .text.com_dma_handler
                0x0000000000004a98       0x2c src\_brd\com.o
 .text.com_init
                0x0000000000004ac4       0x6c src\_brd\com.o
                0x0000000000004ac4                com_init
 .text.com_try_lock
                0x0000000000004b30       0x30 src\_brd\com.o
                0x0000000000004b30                com_try_lock
 .text.com_send
                0x0000000000004b60       0x48 src\_brd\com.o
                0x0000000000004b60                com_send
 .text.eeprom_iic_start
                0x0000000000004ba8       0x14 src\_brd\eeprom.o
 .text.eeprom_iic_repstart
                0x0000000000004bbc       0x14 src\_brd\eeprom.o
 .text.eeprom_iic_stop
                0x0000000000004bd0       0x28 src\_brd\eeprom.o
 .text.eeprom_iic_rd
                0x0000000000004bf8       0x5c src\_brd\eeprom.o
 .text.eeprom_iic_wr
                0x0000000000004c54       0x4c src\_brd\eeprom.o
 .text.eeprom_op_prologue
                0x0000000000004ca0       0xd0 src\_brd\eeprom.o
 .text.eeprom_op_epilogue
                0x0000000000004d70       0x30 src\_brd\eeprom.o
 .text.eeprom_ack_poll
                0x0000000000004da0       0x20 src\_brd\eeprom.o
 .text.eeprom_init
                0x0000000000004dc0       0x28 src\_brd\eeprom.o
                0x0000000000004dc0                eeprom_init
 .text.eeprom_rd
                0x0000000000004de8       0xae src\_brd\eeprom.o
                0x0000000000004de8                eeprom_rd
 .text.eeprom_wr
                0x0000000000004e96       0xf0 src\_brd\eeprom.o
                0x0000000000004e96                eeprom_wr
 *fill*         0x0000000000004f86        0x2 
 .text.hex_sw_get
                0x0000000000004f88       0x48 src\_brd\hex_sw.o
                0x0000000000004f88                hex_sw_get
 .text.init     0x0000000000004fd0       0xc8 src\_brd\init.o
                0x0000000000004fd0                init
 .text.led_init
                0x0000000000005098       0x40 src\_brd\led.o
                0x0000000000005098                led_init
 .text.marker_init
                0x00000000000050d8       0xa0 src\_brd\marker.o
                0x00000000000050d8                marker_init
 .text.floor    0x0000000000005178       0x2c src\_dep\math.o
                0x0000000000005178                floor
 .text.BoardGetUniqueId
                0x00000000000051a4       0xb4 src\_loramac-node\_bind\board.o
                0x00000000000051a4                BoardGetUniqueId
 .text.cb_def   0x0000000000005258       0x10 src\_loramac-node\_bind\cb_def.o
                0x0000000000005258                cb_def
 .text.NvmmWrite
                0x0000000000005268       0x44 src\_loramac-node\_bind\nvmm.o
                0x0000000000005268                NvmmWrite
 .text.NvmmRead
                0x00000000000052ac       0x44 src\_loramac-node\_bind\nvmm.o
                0x00000000000052ac                NvmmRead
 .text.NvmmCrc32Check
                0x00000000000052f0       0x6c src\_loramac-node\_bind\nvmm.o
                0x00000000000052f0                NvmmCrc32Check
 .text.dio1_port_int_cb
                0x000000000000535c       0x30 src\_loramac-node\_bind\sx126x-board.o
 .text.spi_rdwr
                0x000000000000538c       0x3c src\_loramac-node\_bind\sx126x-board.o
 .text.SX126xGlobalInit
                0x00000000000053c8       0x58 src\_loramac-node\_bind\sx126x-board.o
                0x00000000000053c8                SX126xGlobalInit
 .text.SX126xPwrOn
                0x0000000000005420       0x94 src\_loramac-node\_bind\sx126x-board.o
                0x0000000000005420                SX126xPwrOn
 .text.SX126xPwrOff
                0x00000000000054b4       0x48 src\_loramac-node\_bind\sx126x-board.o
                0x00000000000054b4                SX126xPwrOff
 .text.SX126xIoIrqInit
                0x00000000000054fc       0x1c src\_loramac-node\_bind\sx126x-board.o
                0x00000000000054fc                SX126xIoIrqInit
 .text.SX126xIoTcxoInit
                0x0000000000005518        0xa src\_loramac-node\_bind\sx126x-board.o
                0x0000000000005518                SX126xIoTcxoInit
 .text.SX126xGetBoardTcxoWakeupTime
                0x0000000000005522        0xc src\_loramac-node\_bind\sx126x-board.o
                0x0000000000005522                SX126xGetBoardTcxoWakeupTime
 .text.SX126xIoRfSwitchInit
                0x000000000000552e       0x10 src\_loramac-node\_bind\sx126x-board.o
                0x000000000000552e                SX126xIoRfSwitchInit
 *fill*         0x000000000000553e        0x2 
 .text.SX126xGetOperatingMode
                0x0000000000005540       0x14 src\_loramac-node\_bind\sx126x-board.o
                0x0000000000005540                SX126xGetOperatingMode
 .text.SX126xSetOperatingMode
                0x0000000000005554       0x20 src\_loramac-node\_bind\sx126x-board.o
                0x0000000000005554                SX126xSetOperatingMode
 .text.SX126xReset
                0x0000000000005574        0xa src\_loramac-node\_bind\sx126x-board.o
                0x0000000000005574                SX126xReset
 *fill*         0x000000000000557e        0x2 
 .text.SX126xWaitOnBusy
                0x0000000000005580       0x28 src\_loramac-node\_bind\sx126x-board.o
                0x0000000000005580                SX126xWaitOnBusy
 .text.SX126xWakeup
                0x00000000000055a8       0x38 src\_loramac-node\_bind\sx126x-board.o
                0x00000000000055a8                SX126xWakeup
 .text.SX126xWriteCommand
                0x00000000000055e0       0x7c src\_loramac-node\_bind\sx126x-board.o
                0x00000000000055e0                SX126xWriteCommand
 .text.SX126xReadCommand
                0x000000000000565c       0x8c src\_loramac-node\_bind\sx126x-board.o
                0x000000000000565c                SX126xReadCommand
 .text.SX126xWriteRegisters
                0x00000000000056e8       0x8c src\_loramac-node\_bind\sx126x-board.o
                0x00000000000056e8                SX126xWriteRegisters
 .text.SX126xWriteRegister
                0x0000000000005774       0x28 src\_loramac-node\_bind\sx126x-board.o
                0x0000000000005774                SX126xWriteRegister
 .text.SX126xReadRegisters
                0x000000000000579c       0x94 src\_loramac-node\_bind\sx126x-board.o
                0x000000000000579c                SX126xReadRegisters
 .text.SX126xReadRegister
                0x0000000000005830       0x28 src\_loramac-node\_bind\sx126x-board.o
                0x0000000000005830                SX126xReadRegister
 .text.SX126xWriteBuffer
                0x0000000000005858       0x7c src\_loramac-node\_bind\sx126x-board.o
                0x0000000000005858                SX126xWriteBuffer
 .text.SX126xReadBuffer
                0x00000000000058d4       0x84 src\_loramac-node\_bind\sx126x-board.o
                0x00000000000058d4                SX126xReadBuffer
 .text.SX126xSetRfTxPower
                0x0000000000005958       0x22 src\_loramac-node\_bind\sx126x-board.o
                0x0000000000005958                SX126xSetRfTxPower
 .text.SX126xGetDeviceId
                0x000000000000597a        0xc src\_loramac-node\_bind\sx126x-board.o
                0x000000000000597a                SX126xGetDeviceId
 .text.SX126xAntSwOn
                0x0000000000005986        0xa src\_loramac-node\_bind\sx126x-board.o
                0x0000000000005986                SX126xAntSwOn
 .text.SX126xAntSwOff
                0x0000000000005990        0xa src\_loramac-node\_bind\sx126x-board.o
                0x0000000000005990                SX126xAntSwOff
 *fill*         0x000000000000599a        0x2 
 .text.SX126xGetDio1PinState
                0x000000000000599c       0x14 src\_loramac-node\_bind\sx126x-board.o
                0x000000000000599c                SX126xGetDio1PinState
 .text.tstamp_cnt_rd
                0x00000000000059b0       0x78 src\_loramac-node\_bind\systime.o
 .text.time_to_cnt
                0x0000000000005a28       0x4c src\_loramac-node\_bind\systime.o
 .text.cnt_to_time
                0x0000000000005a74       0x4c src\_loramac-node\_bind\systime.o
 .text.SysTimeAdd
                0x0000000000005ac0       0x98 src\_loramac-node\_bind\systime.o
                0x0000000000005ac0                SysTimeAdd
 .text.SysTimeSub
                0x0000000000005b58       0x90 src\_loramac-node\_bind\systime.o
                0x0000000000005b58                SysTimeSub
 .text.SysTimeGlobalInit
                0x0000000000005be8       0x40 src\_loramac-node\_bind\systime.o
                0x0000000000005be8                SysTimeGlobalInit
 .text.SysTimeSet
                0x0000000000005c28       0x44 src\_loramac-node\_bind\systime.o
                0x0000000000005c28                SysTimeSet
 .text.SysTimeGet
                0x0000000000005c6c       0x50 src\_loramac-node\_bind\systime.o
                0x0000000000005c6c                SysTimeGet
 .text.SysTimeGetMcuTime
                0x0000000000005cbc       0x2a src\_loramac-node\_bind\systime.o
                0x0000000000005cbc                SysTimeGetMcuTime
 .text.SysTimeGetMcuTimeMs
                0x0000000000005ce6       0x1e src\_loramac-node\_bind\systime.o
                0x0000000000005ce6                SysTimeGetMcuTimeMs
 .text.SysTimeToMs
                0x0000000000005d04       0x5c src\_loramac-node\_bind\systime.o
                0x0000000000005d04                SysTimeToMs
 .text.SysTimeFromMs
                0x0000000000005d60       0x64 src\_loramac-node\_bind\systime.o
                0x0000000000005d60                SysTimeFromMs
 .text.__NVIC_EnableIRQ
                0x0000000000005dc4       0x34 src\_loramac-node\_bind\timer.o
 .text.__NVIC_ClearPendingIRQ
                0x0000000000005df8       0x38 src\_loramac-node\_bind\timer.o
 .text.tpm_handler
                0x0000000000005e30       0x64 src\_loramac-node\_bind\timer.o
 .text.timer_dispatch
                0x0000000000005e94       0xd8 src\_loramac-node\_bind\timer.o
 .text.TimerGlobalInit
                0x0000000000005f6c       0x64 src\_loramac-node\_bind\timer.o
                0x0000000000005f6c                TimerGlobalInit
 .text.TimerInit
                0x0000000000005fd0       0xcc src\_loramac-node\_bind\timer.o
                0x0000000000005fd0                TimerInit
 .text.TimerDeInitAll
                0x000000000000609c       0xc4 src\_loramac-node\_bind\timer.o
                0x000000000000609c                TimerDeInitAll
 .text.TimerStart
                0x0000000000006160       0x68 src\_loramac-node\_bind\timer.o
                0x0000000000006160                TimerStart
 .text.TimerStop
                0x00000000000061c8       0x38 src\_loramac-node\_bind\timer.o
                0x00000000000061c8                TimerStop
 .text.TimerSetValue
                0x0000000000006200       0x88 src\_loramac-node\_bind\timer.o
                0x0000000000006200                TimerSetValue
 .text.TimerGetCurrentTime
                0x0000000000006288       0x10 src\_loramac-node\_bind\timer.o
                0x0000000000006288                TimerGetCurrentTime
 .text.TimerGetElapsedTime
                0x0000000000006298       0x24 src\_loramac-node\_bind\timer.o
                0x0000000000006298                TimerGetElapsedTime
 .text.rand1    0x00000000000062bc       0x38 src\_loramac-node\_bind\utilities.o
 .text.srand1   0x00000000000062f4       0x50 src\_loramac-node\_bind\utilities.o
                0x00000000000062f4                srand1
 .text.randr    0x0000000000006344       0x2c src\_loramac-node\_bind\utilities.o
                0x0000000000006344                randr
 .text.SecureElementRandomNumber
                0x0000000000006370       0x1c src\_loramac-node\_bind\utilities.o
                0x0000000000006370                SecureElementRandomNumber
 .text.memcpyr  0x000000000000638c       0x44 src\_loramac-node\_bind\utilities.o
                0x000000000000638c                memcpyr
 .text.Crc32    0x00000000000063d0       0xa0 src\_loramac-node\_bind\utilities.o
                0x00000000000063d0                Crc32
 .text.DelayMs  0x0000000000006470       0x20 src\_loramac-node\_bind\utilities.o
                0x0000000000006470                DelayMs
 .text.LmHandlerInit
                0x0000000000006490      0x23c src\_loramac-node\lmhandler\LmHandler.o
                0x0000000000006490                LmHandlerInit
 .text.LmHandlerIsBusy
                0x00000000000066cc       0x36 src\_loramac-node\lmhandler\LmHandler.o
                0x00000000000066cc                LmHandlerIsBusy
 *fill*         0x0000000000006702        0x2 
 .text.LmHandlerProcess
                0x0000000000006704       0xa0 src\_loramac-node\lmhandler\LmHandler.o
                0x0000000000006704                LmHandlerProcess
 .text.LmHandlerJoinRequest
                0x00000000000067a4       0x84 src\_loramac-node\lmhandler\LmHandler.o
 .text.LmHandlerJoin
                0x0000000000006828       0x18 src\_loramac-node\lmhandler\LmHandler.o
                0x0000000000006828                LmHandlerJoin
 .text.LmHandlerJoinStatus
                0x0000000000006840       0x3e src\_loramac-node\lmhandler\LmHandler.o
                0x0000000000006840                LmHandlerJoinStatus
 *fill*         0x000000000000687e        0x2 
 .text.LmHandlerSend
                0x0000000000006880      0x110 src\_loramac-node\lmhandler\LmHandler.o
                0x0000000000006880                LmHandlerSend
 .text.LmHandlerDeviceTimeReq
                0x0000000000006990       0x58 src\_loramac-node\lmhandler\LmHandler.o
 .text.LmHandlerBeaconReq
                0x00000000000069e8       0x58 src\_loramac-node\lmhandler\LmHandler.o
 .text.LmHandlerPingSlotReq
                0x0000000000006a40       0xb4 src\_loramac-node\lmhandler\LmHandler.o
                0x0000000000006a40                LmHandlerPingSlotReq
 .text.LmHandlerRequestClass
                0x0000000000006af4      0x104 src\_loramac-node\lmhandler\LmHandler.o
                0x0000000000006af4                LmHandlerRequestClass
 .text.LmHandlerGetCurrentClass
                0x0000000000006bf8       0x20 src\_loramac-node\lmhandler\LmHandler.o
                0x0000000000006bf8                LmHandlerGetCurrentClass
 .text.LmHandlerGetCurrentDatarate
                0x0000000000006c18       0x22 src\_loramac-node\lmhandler\LmHandler.o
                0x0000000000006c18                LmHandlerGetCurrentDatarate
 .text.LmHandlerSetSystemMaxRxError
                0x0000000000006c3a       0x32 src\_loramac-node\lmhandler\LmHandler.o
                0x0000000000006c3a                LmHandlerSetSystemMaxRxError
 .text.McpsConfirm
                0x0000000000006c6c       0x6c src\_loramac-node\lmhandler\LmHandler.o
 .text.McpsIndication
                0x0000000000006cd8       0xcc src\_loramac-node\lmhandler\LmHandler.o
 .text.MlmeConfirm
                0x0000000000006da4      0x118 src\_loramac-node\lmhandler\LmHandler.o
 .text.MlmeIndication
                0x0000000000006ebc      0x118 src\_loramac-node\lmhandler\LmHandler.o
 .text.LmHandlerPackageIsInitialized
                0x0000000000006fd4       0x3c src\_loramac-node\lmhandler\LmHandler.o
                0x0000000000006fd4                LmHandlerPackageIsInitialized
 .text.LmHandlerPackagesNotify
                0x0000000000007010      0x12c src\_loramac-node\lmhandler\LmHandler.o
 .text.LmHandlerPackageIsTxPending
                0x000000000000713c       0x60 src\_loramac-node\lmhandler\LmHandler.o
 .text.LmHandlerPackagesProcess
                0x000000000000719c       0x78 src\_loramac-node\lmhandler\LmHandler.o
 .text.NvmDataMgmtEvent
                0x0000000000007214       0x20 src\_loramac-node\lmhandler\NvmDataMgmt.o
                0x0000000000007214                NvmDataMgmtEvent
 .text.NvmDataMgmtStore
                0x0000000000007234      0x20c src\_loramac-node\lmhandler\NvmDataMgmt.o
                0x0000000000007234                NvmDataMgmtStore
 .text.NvmDataMgmtRestore
                0x0000000000007440      0x188 src\_loramac-node\lmhandler\NvmDataMgmt.o
                0x0000000000007440                NvmDataMgmtRestore
 .text.OnRadioTxDone
                0x00000000000075c8       0x6c src\_loramac-node\mac\LoRaMac.o
 .text.OnRadioRxDone
                0x0000000000007634       0x9c src\_loramac-node\mac\LoRaMac.o
 .text.OnRadioTxTimeout
                0x00000000000076d0       0x44 src\_loramac-node\mac\LoRaMac.o
 .text.OnRadioRxError
                0x0000000000007714       0x44 src\_loramac-node\mac\LoRaMac.o
 .text.OnRadioRxTimeout
                0x0000000000007758       0x44 src\_loramac-node\mac\LoRaMac.o
 .text.UpdateRxSlotIdleState
                0x000000000000779c       0x34 src\_loramac-node\mac\LoRaMac.o
 .text.ProcessRadioTxDone
                0x00000000000077d0      0x164 src\_loramac-node\mac\LoRaMac.o
 .text.PrepareRxDoneAbort
                0x0000000000007934       0x58 src\_loramac-node\mac\LoRaMac.o
 .text.ProcessRadioRxDone
                0x000000000000798c      0xae0 src\_loramac-node\mac\LoRaMac.o
 .text.ProcessRadioTxTimeout
                0x000000000000846c       0x68 src\_loramac-node\mac\LoRaMac.o
 .text.HandleRadioRxErrorTimeout
                0x00000000000084d4      0x148 src\_loramac-node\mac\LoRaMac.o
 .text.ProcessRadioRxError
                0x000000000000861c       0x12 src\_loramac-node\mac\LoRaMac.o
 .text.ProcessRadioRxTimeout
                0x000000000000862e       0x12 src\_loramac-node\mac\LoRaMac.o
 .text.LoRaMacHandleIrqEvents
                0x0000000000008640       0x90 src\_loramac-node\mac\LoRaMac.o
 .text.LoRaMacIsBusy
                0x00000000000086d0       0x44 src\_loramac-node\mac\LoRaMac.o
                0x00000000000086d0                LoRaMacIsBusy
 .text.LoRaMacEnableRequests
                0x0000000000008714       0x28 src\_loramac-node\mac\LoRaMac.o
 .text.LoRaMacHandleRequestEvents
                0x000000000000873c       0xcc src\_loramac-node\mac\LoRaMac.o
 .text.LoRaMacHandleScheduleUplinkEvent
                0x0000000000008808       0x38 src\_loramac-node\mac\LoRaMac.o
 .text.LoRaMacHandleIndicationEvents
                0x0000000000008840       0xb0 src\_loramac-node\mac\LoRaMac.o
 .text.LoRaMacHandleMcpsRequest
                0x00000000000088f0       0xd8 src\_loramac-node\mac\LoRaMac.o
 .text.LoRaMacHandleMlmeRequest
                0x00000000000089c8       0x78 src\_loramac-node\mac\LoRaMac.o
 .text.LoRaMacCheckForBeaconAcquisition
                0x0000000000008a40       0x58 src\_loramac-node\mac\LoRaMac.o
 .text.CheckForMinimumAbpDatarate
                0x0000000000008a98       0x4a src\_loramac-node\mac\LoRaMac.o
 *fill*         0x0000000000008ae2        0x2 
 .text.LoRaMacCheckForRxAbort
                0x0000000000008ae4       0x48 src\_loramac-node\mac\LoRaMac.o
 .text.LoRaMacHandleNvm
                0x0000000000008b2c      0x1c4 src\_loramac-node\mac\LoRaMac.o
 .text.LoRaMacHandleResponseTimeout
                0x0000000000008cf0       0x40 src\_loramac-node\mac\LoRaMac.o
 .text.LoRaMacProcess
                0x0000000000008d30       0xc0 src\_loramac-node\mac\LoRaMac.o
                0x0000000000008d30                LoRaMacProcess
 .text.OnTxDelayedTimerEvent
                0x0000000000008df0       0xa4 src\_loramac-node\mac\LoRaMac.o
 .text.OnRxWindow1TimerEvent
                0x0000000000008e94       0x88 src\_loramac-node\mac\LoRaMac.o
 .text.OnRxWindow2TimerEvent
                0x0000000000008f1c       0x94 src\_loramac-node\mac\LoRaMac.o
 .text.OnRetransmitTimeoutTimerEvent
                0x0000000000008fb0       0x60 src\_loramac-node\mac\LoRaMac.o
 .text.GetFCntDown
                0x0000000000009010       0xbc src\_loramac-node\mac\LoRaMac.o
 .text.SwitchClass
                0x00000000000090cc      0x1fc src\_loramac-node\mac\LoRaMac.o
 .text.GetMaxAppPayloadWithoutFOptsLength
                0x00000000000092c8       0x54 src\_loramac-node\mac\LoRaMac.o
 .text.ValidatePayloadLength
                0x000000000000931c       0x78 src\_loramac-node\mac\LoRaMac.o
 .text.SetMlmeScheduleUplinkIndication
                0x0000000000009394       0x20 src\_loramac-node\mac\LoRaMac.o
 .text.ProcessMacCommands
                0x00000000000093b4      0xb64 src\_loramac-node\mac\LoRaMac.o
 .text.Send     0x0000000000009f18      0x214 src\_loramac-node\mac\LoRaMac.o
                0x0000000000009f18                Send
 .text.SendReJoinReq
                0x000000000000a12c       0xc8 src\_loramac-node\mac\LoRaMac.o
                0x000000000000a12c                SendReJoinReq
 .text.CheckForClassBCollision
                0x000000000000a1f4       0x40 src\_loramac-node\mac\LoRaMac.o
 .text.ComputeRxWindowParameters
                0x000000000000a234       0xe0 src\_loramac-node\mac\LoRaMac.o
 .text.VerifyTxFrame
                0x000000000000a314       0x64 src\_loramac-node\mac\LoRaMac.o
 .text.SerializeTxFrame
                0x000000000000a378       0x84 src\_loramac-node\mac\LoRaMac.o
 .text.ScheduleTx
                0x000000000000a3fc      0x1b8 src\_loramac-node\mac\LoRaMac.o
 .text.SecureFrame
                0x000000000000a5b4       0xcc src\_loramac-node\mac\LoRaMac.o
 .text.CalculateBackOff
                0x000000000000a680       0x34 src\_loramac-node\mac\LoRaMac.o
 .text.RemoveMacCommands
                0x000000000000a6b4       0x50 src\_loramac-node\mac\LoRaMac.o
 .text.ResetMacParameters
                0x000000000000a704      0x250 src\_loramac-node\mac\LoRaMac.o
 .text.RxWindowSetup
                0x000000000000a954       0x60 src\_loramac-node\mac\LoRaMac.o
 .text.OpenContinuousRxCWindow
                0x000000000000a9b4       0x9c src\_loramac-node\mac\LoRaMac.o
 .text.PrepareFrame
                0x000000000000aa50      0x284 src\_loramac-node\mac\LoRaMac.o
                0x000000000000aa50                PrepareFrame
 .text.SendFrameOnChannel
                0x000000000000acd4      0x1a4 src\_loramac-node\mac\LoRaMac.o
                0x000000000000acd4                SendFrameOnChannel
 .text.SetTxContinuousWave
                0x000000000000ae78       0x50 src\_loramac-node\mac\LoRaMac.o
                0x000000000000ae78                SetTxContinuousWave
 .text.GetNvmData
                0x000000000000aec8       0x10 src\_loramac-node\mac\LoRaMac.o
 .text.RestoreNvmData
                0x000000000000aed8      0x1b8 src\_loramac-node\mac\LoRaMac.o
 .text.DetermineFrameType
                0x000000000000b090       0x9a src\_loramac-node\mac\LoRaMac.o
                0x000000000000b090                DetermineFrameType
 .text.CheckRetrans
                0x000000000000b12a       0x2c src\_loramac-node\mac\LoRaMac.o
 *fill*         0x000000000000b156        0x2 
 .text.CheckRetransUnconfirmedUplink
                0x000000000000b158       0x64 src\_loramac-node\mac\LoRaMac.o
 .text.CheckRetransConfirmedUplink
                0x000000000000b1bc       0x58 src\_loramac-node\mac\LoRaMac.o
 .text.IncreaseAdrAckCounter
                0x000000000000b214       0x1e src\_loramac-node\mac\LoRaMac.o
 *fill*         0x000000000000b232        0x2 
 .text.StopRetransmission
                0x000000000000b234       0x94 src\_loramac-node\mac\LoRaMac.o
 .text.CallNvmDataChangeCallback
                0x000000000000b2c8       0x44 src\_loramac-node\mac\LoRaMac.o
 .text.IsRequestPending
                0x000000000000b30c       0x38 src\_loramac-node\mac\LoRaMac.o
 .text.LoRaMacInitialization
                0x000000000000b344      0x5d0 src\_loramac-node\mac\LoRaMac.o
                0x000000000000b344                LoRaMacInitialization
 .text.LoRaMacStart
                0x000000000000b914       0x1c src\_loramac-node\mac\LoRaMac.o
                0x000000000000b914                LoRaMacStart
 .text.LoRaMacStop
                0x000000000000b930       0x40 src\_loramac-node\mac\LoRaMac.o
                0x000000000000b930                LoRaMacStop
 .text.LoRaMacQueryTxPossible
                0x000000000000b970      0x148 src\_loramac-node\mac\LoRaMac.o
                0x000000000000b970                LoRaMacQueryTxPossible
 .text.LoRaMacMibGetRequestConfirm
                0x000000000000bab8      0x290 src\_loramac-node\mac\LoRaMac.o
                0x000000000000bab8                LoRaMacMibGetRequestConfirm
 .text.LoRaMacMibSetRequestConfirm
                0x000000000000bd48      0x8e4 src\_loramac-node\mac\LoRaMac.o
                0x000000000000bd48                LoRaMacMibSetRequestConfirm
 .text.LoRaMacChannelAdd
                0x000000000000c62c       0x6c src\_loramac-node\mac\LoRaMac.o
                0x000000000000c62c                LoRaMacChannelAdd
 .text.LoRaMacMlmeRequest
                0x000000000000c698      0x30c src\_loramac-node\mac\LoRaMac.o
                0x000000000000c698                LoRaMacMlmeRequest
 .text.LoRaMacMcpsRequest
                0x000000000000c9a4      0x300 src\_loramac-node\mac\LoRaMac.o
                0x000000000000c9a4                LoRaMacMcpsRequest
 .text.LoRaMacTestSetDutyCycleOn
                0x000000000000cca4       0x44 src\_loramac-node\mac\LoRaMac.o
                0x000000000000cca4                LoRaMacTestSetDutyCycleOn
 .text.LoRaMacDeInitialization
                0x000000000000cce8       0x50 src\_loramac-node\mac\LoRaMac.o
                0x000000000000cce8                LoRaMacDeInitialization
 .text.LoRaMacAdrCalcNext
                0x000000000000cd38      0x1b0 src\_loramac-node\mac\LoRaMacAdr.o
                0x000000000000cd38                LoRaMacAdrCalcNext
 .text.LoRaMacClassBInit
                0x000000000000cee8       0x14 src\_loramac-node\mac\LoRaMacClassB.o
                0x000000000000cee8                LoRaMacClassBInit
 .text.LoRaMacClassBSetBeaconState
                0x000000000000cefc       0x14 src\_loramac-node\mac\LoRaMacClassB.o
                0x000000000000cefc                LoRaMacClassBSetBeaconState
 .text.LoRaMacClassBSetPingSlotState
                0x000000000000cf10       0x14 src\_loramac-node\mac\LoRaMacClassB.o
                0x000000000000cf10                LoRaMacClassBSetPingSlotState
 .text.LoRaMacClassBSetMulticastSlotState
                0x000000000000cf24       0x14 src\_loramac-node\mac\LoRaMacClassB.o
                0x000000000000cf24                LoRaMacClassBSetMulticastSlotState
 .text.LoRaMacClassBIsAcquisitionInProgress
                0x000000000000cf38        0xc src\_loramac-node\mac\LoRaMacClassB.o
                0x000000000000cf38                LoRaMacClassBIsAcquisitionInProgress
 .text.LoRaMacClassBBeaconTimerEvent
                0x000000000000cf44       0x10 src\_loramac-node\mac\LoRaMacClassB.o
                0x000000000000cf44                LoRaMacClassBBeaconTimerEvent
 .text.LoRaMacClassBPingSlotTimerEvent
                0x000000000000cf54       0x10 src\_loramac-node\mac\LoRaMacClassB.o
                0x000000000000cf54                LoRaMacClassBPingSlotTimerEvent
 .text.LoRaMacClassBMulticastSlotTimerEvent
                0x000000000000cf64       0x10 src\_loramac-node\mac\LoRaMacClassB.o
                0x000000000000cf64                LoRaMacClassBMulticastSlotTimerEvent
 .text.LoRaMacClassBRxBeacon
                0x000000000000cf74       0x18 src\_loramac-node\mac\LoRaMacClassB.o
                0x000000000000cf74                LoRaMacClassBRxBeacon
 .text.LoRaMacClassBIsBeaconExpected
                0x000000000000cf8c        0xc src\_loramac-node\mac\LoRaMacClassB.o
                0x000000000000cf8c                LoRaMacClassBIsBeaconExpected
 .text.LoRaMacClassBIsPingExpected
                0x000000000000cf98        0xc src\_loramac-node\mac\LoRaMacClassB.o
                0x000000000000cf98                LoRaMacClassBIsPingExpected
 .text.LoRaMacClassBIsMulticastExpected
                0x000000000000cfa4        0xc src\_loramac-node\mac\LoRaMacClassB.o
                0x000000000000cfa4                LoRaMacClassBIsMulticastExpected
 .text.LoRaMacClassBIsBeaconModeActive
                0x000000000000cfb0        0xc src\_loramac-node\mac\LoRaMacClassB.o
                0x000000000000cfb0                LoRaMacClassBIsBeaconModeActive
 .text.LoRaMacClassBSetPingSlotInfo
                0x000000000000cfbc       0x14 src\_loramac-node\mac\LoRaMacClassB.o
                0x000000000000cfbc                LoRaMacClassBSetPingSlotInfo
 .text.LoRaMacClassBHaltBeaconing
                0x000000000000cfd0        0xa src\_loramac-node\mac\LoRaMacClassB.o
                0x000000000000cfd0                LoRaMacClassBHaltBeaconing
 .text.LoRaMacClassBResumeBeaconing
                0x000000000000cfda        0xa src\_loramac-node\mac\LoRaMacClassB.o
                0x000000000000cfda                LoRaMacClassBResumeBeaconing
 .text.LoRaMacClassBSwitchClass
                0x000000000000cfe4       0x16 src\_loramac-node\mac\LoRaMacClassB.o
                0x000000000000cfe4                LoRaMacClassBSwitchClass
 .text.LoRaMacClassBMibGetRequestConfirm
                0x000000000000cffa       0x12 src\_loramac-node\mac\LoRaMacClassB.o
                0x000000000000cffa                LoRaMacClassBMibGetRequestConfirm
 .text.LoRaMacMibClassBSetRequestConfirm
                0x000000000000d00c       0x12 src\_loramac-node\mac\LoRaMacClassB.o
                0x000000000000d00c                LoRaMacMibClassBSetRequestConfirm
 .text.LoRaMacClassBPingSlotInfoAns
                0x000000000000d01e        0xa src\_loramac-node\mac\LoRaMacClassB.o
                0x000000000000d01e                LoRaMacClassBPingSlotInfoAns
 .text.LoRaMacClassBPingSlotChannelReq
                0x000000000000d028       0x18 src\_loramac-node\mac\LoRaMacClassB.o
                0x000000000000d028                LoRaMacClassBPingSlotChannelReq
 .text.LoRaMacClassBBeaconTimingAns
                0x000000000000d040       0x1c src\_loramac-node\mac\LoRaMacClassB.o
                0x000000000000d040                LoRaMacClassBBeaconTimingAns
 .text.LoRaMacClassBDeviceTimeAns
                0x000000000000d05c        0xa src\_loramac-node\mac\LoRaMacClassB.o
                0x000000000000d05c                LoRaMacClassBDeviceTimeAns
 .text.LoRaMacClassBBeaconFreqReq
                0x000000000000d066       0x12 src\_loramac-node\mac\LoRaMacClassB.o
                0x000000000000d066                LoRaMacClassBBeaconFreqReq
 .text.LoRaMacClassBIsUplinkCollision
                0x000000000000d078       0x12 src\_loramac-node\mac\LoRaMacClassB.o
                0x000000000000d078                LoRaMacClassBIsUplinkCollision
 .text.LoRaMacClassBStopRxSlots
                0x000000000000d08a        0xa src\_loramac-node\mac\LoRaMacClassB.o
                0x000000000000d08a                LoRaMacClassBStopRxSlots
 .text.LoRaMacClassBSetFPendingBit
                0x000000000000d094       0x16 src\_loramac-node\mac\LoRaMacClassB.o
                0x000000000000d094                LoRaMacClassBSetFPendingBit
 .text.LoRaMacClassBProcess
                0x000000000000d0aa        0xa src\_loramac-node\mac\LoRaMacClassB.o
                0x000000000000d0aa                LoRaMacClassBProcess
 .text.IsSlotFree
                0x000000000000d0b4       0x4a src\_loramac-node\mac\LoRaMacCommands.o
 *fill*         0x000000000000d0fe        0x2 
 .text.MallocNewMacCommandSlot
                0x000000000000d100       0x60 src\_loramac-node\mac\LoRaMacCommands.o
 .text.FreeMacCommandSlot
                0x000000000000d160       0x28 src\_loramac-node\mac\LoRaMacCommands.o
 .text.LinkedListInit
                0x000000000000d188       0x28 src\_loramac-node\mac\LoRaMacCommands.o
 .text.LinkedListAdd
                0x000000000000d1b0       0x4e src\_loramac-node\mac\LoRaMacCommands.o
 .text.LinkedListGetPrevious
                0x000000000000d1fe       0x50 src\_loramac-node\mac\LoRaMacCommands.o
 .text.LinkedListRemove
                0x000000000000d24e       0x6a src\_loramac-node\mac\LoRaMacCommands.o
 .text.IsSticky
                0x000000000000d2b8       0x44 src\_loramac-node\mac\LoRaMacCommands.o
 .text.LoRaMacCommandsInit
                0x000000000000d2fc       0x28 src\_loramac-node\mac\LoRaMacCommands.o
                0x000000000000d2fc                LoRaMacCommandsInit
 .text.LoRaMacCommandsAddCmd
                0x000000000000d324       0xa0 src\_loramac-node\mac\LoRaMacCommands.o
                0x000000000000d324                LoRaMacCommandsAddCmd
 .text.LoRaMacCommandsRemoveCmd
                0x000000000000d3c4       0x70 src\_loramac-node\mac\LoRaMacCommands.o
                0x000000000000d3c4                LoRaMacCommandsRemoveCmd
 .text.LoRaMacCommandsRemoveNoneStickyCmds
                0x000000000000d434       0x4c src\_loramac-node\mac\LoRaMacCommands.o
                0x000000000000d434                LoRaMacCommandsRemoveNoneStickyCmds
 .text.LoRaMacCommandsRemoveStickyAnsCmds
                0x000000000000d480       0x44 src\_loramac-node\mac\LoRaMacCommands.o
                0x000000000000d480                LoRaMacCommandsRemoveStickyAnsCmds
 .text.LoRaMacCommandsGetSizeSerializedCmds
                0x000000000000d4c4       0x2c src\_loramac-node\mac\LoRaMacCommands.o
                0x000000000000d4c4                LoRaMacCommandsGetSizeSerializedCmds
 .text.LoRaMacCommandsSerializeCmds
                0x000000000000d4f0       0xbc src\_loramac-node\mac\LoRaMacCommands.o
                0x000000000000d4f0                LoRaMacCommandsSerializeCmds
 .text.LoRaMacCommandsStickyCmdsPending
                0x000000000000d5ac       0x4c src\_loramac-node\mac\LoRaMacCommands.o
                0x000000000000d5ac                LoRaMacCommandsStickyCmdsPending
 .text.LoRaMacCommandsGetCmdSize
                0x000000000000d5f8       0xc8 src\_loramac-node\mac\LoRaMacCommands.o
                0x000000000000d5f8                LoRaMacCommandsGetCmdSize
 .text.IncreaseBufferPointer
                0x000000000000d6c0       0x30 src\_loramac-node\mac\LoRaMacConfirmQueue.o
 .text.IsListEmpty
                0x000000000000d6f0       0x22 src\_loramac-node\mac\LoRaMacConfirmQueue.o
 .text.IsListFull
                0x000000000000d712       0x22 src\_loramac-node\mac\LoRaMacConfirmQueue.o
 .text.GetElement
                0x000000000000d734       0x7c src\_loramac-node\mac\LoRaMacConfirmQueue.o
 .text.LoRaMacConfirmQueueInit
                0x000000000000d7b0       0x48 src\_loramac-node\mac\LoRaMacConfirmQueue.o
                0x000000000000d7b0                LoRaMacConfirmQueueInit
 .text.LoRaMacConfirmQueueAdd
                0x000000000000d7f8       0x74 src\_loramac-node\mac\LoRaMacConfirmQueue.o
                0x000000000000d7f8                LoRaMacConfirmQueueAdd
 .text.LoRaMacConfirmQueueRemoveFirst
                0x000000000000d86c       0x44 src\_loramac-node\mac\LoRaMacConfirmQueue.o
                0x000000000000d86c                LoRaMacConfirmQueueRemoveFirst
 .text.LoRaMacConfirmQueueSetStatus
                0x000000000000d8b0       0x68 src\_loramac-node\mac\LoRaMacConfirmQueue.o
                0x000000000000d8b0                LoRaMacConfirmQueueSetStatus
 .text.LoRaMacConfirmQueueGetStatus
                0x000000000000d918       0x5c src\_loramac-node\mac\LoRaMacConfirmQueue.o
                0x000000000000d918                LoRaMacConfirmQueueGetStatus
 .text.LoRaMacConfirmQueueSetStatusCmn
                0x000000000000d974       0x74 src\_loramac-node\mac\LoRaMacConfirmQueue.o
                0x000000000000d974                LoRaMacConfirmQueueSetStatusCmn
 .text.LoRaMacConfirmQueueIsCmdActive
                0x000000000000d9e8       0x34 src\_loramac-node\mac\LoRaMacConfirmQueue.o
                0x000000000000d9e8                LoRaMacConfirmQueueIsCmdActive
 .text.LoRaMacConfirmQueueHandleCb
                0x000000000000da1c       0xc4 src\_loramac-node\mac\LoRaMacConfirmQueue.o
                0x000000000000da1c                LoRaMacConfirmQueueHandleCb
 .text.LoRaMacConfirmQueueGetCnt
                0x000000000000dae0       0x14 src\_loramac-node\mac\LoRaMacConfirmQueue.o
                0x000000000000dae0                LoRaMacConfirmQueueGetCnt
 .text.LoRaMacConfirmQueueIsFull
                0x000000000000daf4       0x24 src\_loramac-node\mac\LoRaMacConfirmQueue.o
                0x000000000000daf4                LoRaMacConfirmQueueIsFull
 .text.PayloadEncrypt
                0x000000000000db18      0x18c src\_loramac-node\mac\LoRaMacCrypto.o
 .text.PrepareB0
                0x000000000000dca4      0x120 src\_loramac-node\mac\LoRaMacCrypto.o
 .text.ComputeCmacB0
                0x000000000000ddc4       0x8e src\_loramac-node\mac\LoRaMacCrypto.o
 *fill*         0x000000000000de52        0x2 
 .text.VerifyCmacB0
                0x000000000000de54      0x134 src\_loramac-node\mac\LoRaMacCrypto.o
 .text.GetKeyAddrItem
                0x000000000000df88       0x64 src\_loramac-node\mac\LoRaMacCrypto.o
 .text.DeriveSessionKey10x
                0x000000000000dfec       0xd2 src\_loramac-node\mac\LoRaMacCrypto.o
 *fill*         0x000000000000e0be        0x2 
 .text.GetLastFcntDown
                0x000000000000e0c0       0xb8 src\_loramac-node\mac\LoRaMacCrypto.o
 .text.CheckFCntDown
                0x000000000000e178       0x46 src\_loramac-node\mac\LoRaMacCrypto.o
 *fill*         0x000000000000e1be        0x2 
 .text.UpdateFCntDown
                0x000000000000e1c0       0x78 src\_loramac-node\mac\LoRaMacCrypto.o
 .text.ResetFCnts
                0x000000000000e238       0x6c src\_loramac-node\mac\LoRaMacCrypto.o
 .text.LoRaMacCryptoInit
                0x000000000000e2a4       0x58 src\_loramac-node\mac\LoRaMacCrypto.o
                0x000000000000e2a4                LoRaMacCryptoInit
 .text.LoRaMacCryptoSetLrWanVersion
                0x000000000000e2fc       0x20 src\_loramac-node\mac\LoRaMacCrypto.o
                0x000000000000e2fc                LoRaMacCryptoSetLrWanVersion
 .text.LoRaMacCryptoGetFCntUp
                0x000000000000e31c       0x2c src\_loramac-node\mac\LoRaMacCrypto.o
                0x000000000000e31c                LoRaMacCryptoGetFCntUp
 .text.LoRaMacCryptoGetFCntDown
                0x000000000000e348       0xae src\_loramac-node\mac\LoRaMacCrypto.o
                0x000000000000e348                LoRaMacCryptoGetFCntDown
 *fill*         0x000000000000e3f6        0x2 
 .text.LoRaMacCryptoSetMulticastReference
                0x000000000000e3f8       0x4c src\_loramac-node\mac\LoRaMacCrypto.o
                0x000000000000e3f8                LoRaMacCryptoSetMulticastReference
 .text.LoRaMacCryptoSetKey
                0x000000000000e444       0x64 src\_loramac-node\mac\LoRaMacCrypto.o
                0x000000000000e444                LoRaMacCryptoSetKey
 .text.LoRaMacCryptoPrepareJoinRequest
                0x000000000000e4a8       0x8c src\_loramac-node\mac\LoRaMacCrypto.o
                0x000000000000e4a8                LoRaMacCryptoPrepareJoinRequest
 .text.LoRaMacCryptoHandleJoinAccept
                0x000000000000e534      0x218 src\_loramac-node\mac\LoRaMacCrypto.o
                0x000000000000e534                LoRaMacCryptoHandleJoinAccept
 .text.LoRaMacCryptoSecureMessage
                0x000000000000e74c      0x118 src\_loramac-node\mac\LoRaMacCrypto.o
                0x000000000000e74c                LoRaMacCryptoSecureMessage
 .text.LoRaMacCryptoUnsecureMessage
                0x000000000000e864      0x190 src\_loramac-node\mac\LoRaMacCrypto.o
                0x000000000000e864                LoRaMacCryptoUnsecureMessage
 .text.LoRaMacCryptoDeriveMcRootKey
                0x000000000000e9f4       0x62 src\_loramac-node\mac\LoRaMacCrypto.o
                0x000000000000e9f4                LoRaMacCryptoDeriveMcRootKey
 .text.LoRaMacCryptoDeriveMcKEKey
                0x000000000000ea56       0x4c src\_loramac-node\mac\LoRaMacCrypto.o
                0x000000000000ea56                LoRaMacCryptoDeriveMcKEKey
 .text.LoRaMacParserJoinAccept
                0x000000000000eaa2      0x1e0 src\_loramac-node\mac\LoRaMacParser.o
                0x000000000000eaa2                LoRaMacParserJoinAccept
 .text.LoRaMacParserData
                0x000000000000ec82      0x21c src\_loramac-node\mac\LoRaMacParser.o
                0x000000000000ec82                LoRaMacParserData
 .text.LoRaMacSerializerJoinRequest
                0x000000000000ee9e      0x136 src\_loramac-node\mac\LoRaMacSerializer.o
                0x000000000000ee9e                LoRaMacSerializerJoinRequest
 .text.LoRaMacSerializerData
                0x000000000000efd4      0x252 src\_loramac-node\mac\LoRaMacSerializer.o
                0x000000000000efd4                LoRaMacSerializerData
 .text.RegionIsActive
                0x000000000000f226       0x40 src\_loramac-node\mac\region\Region.o
                0x000000000000f226                RegionIsActive
 .text.RegionGetPhyParam
                0x000000000000f266       0x9c src\_loramac-node\mac\region\Region.o
                0x000000000000f266                RegionGetPhyParam
 .text.RegionSetBandTxDone
                0x000000000000f302       0x58 src\_loramac-node\mac\region\Region.o
                0x000000000000f302                RegionSetBandTxDone
 .text.RegionInitDefaults
                0x000000000000f35a       0x5a src\_loramac-node\mac\region\Region.o
                0x000000000000f35a                RegionInitDefaults
 .text.RegionVerify
                0x000000000000f3b4       0x82 src\_loramac-node\mac\region\Region.o
                0x000000000000f3b4                RegionVerify
 .text.RegionApplyCFList
                0x000000000000f436       0x5a src\_loramac-node\mac\region\Region.o
                0x000000000000f436                RegionApplyCFList
 .text.RegionChanMaskSet
                0x000000000000f490       0x62 src\_loramac-node\mac\region\Region.o
                0x000000000000f490                RegionChanMaskSet
 .text.RegionComputeRxWindowParameters
                0x000000000000f4f2       0x9c src\_loramac-node\mac\region\Region.o
                0x000000000000f4f2                RegionComputeRxWindowParameters
 .text.RegionRxConfig
                0x000000000000f58e       0x76 src\_loramac-node\mac\region\Region.o
                0x000000000000f58e                RegionRxConfig
 .text.RegionTxConfig
                0x000000000000f604       0x78 src\_loramac-node\mac\region\Region.o
                0x000000000000f604                RegionTxConfig
 .text.RegionLinkAdrReq
                0x000000000000f67c       0x90 src\_loramac-node\mac\region\Region.o
                0x000000000000f67c                RegionLinkAdrReq
 .text.RegionRxParamSetupReq
                0x000000000000f70c       0x62 src\_loramac-node\mac\region\Region.o
                0x000000000000f70c                RegionRxParamSetupReq
 .text.RegionNewChannelReq
                0x000000000000f76e       0x62 src\_loramac-node\mac\region\Region.o
                0x000000000000f76e                RegionNewChannelReq
 .text.RegionTxParamSetupReq
                0x000000000000f7d0       0x62 src\_loramac-node\mac\region\Region.o
                0x000000000000f7d0                RegionTxParamSetupReq
 .text.RegionDlChannelReq
                0x000000000000f832       0x62 src\_loramac-node\mac\region\Region.o
                0x000000000000f832                RegionDlChannelReq
 .text.RegionAlternateDr
                0x000000000000f894       0x9a src\_loramac-node\mac\region\Region.o
                0x000000000000f894                RegionAlternateDr
 .text.RegionNextChannel
                0x000000000000f92e       0x78 src\_loramac-node\mac\region\Region.o
                0x000000000000f92e                RegionNextChannel
 .text.RegionChannelAdd
                0x000000000000f9a6       0x62 src\_loramac-node\mac\region\Region.o
                0x000000000000f9a6                RegionChannelAdd
 .text.RegionApplyDrOffset
                0x000000000000fa08       0xb4 src\_loramac-node\mac\region\Region.o
                0x000000000000fa08                RegionApplyDrOffset
 .text.RegionGetVersion
                0x000000000000fabc       0x18 src\_loramac-node\mac\region\Region.o
                0x000000000000fabc                RegionGetVersion
 .text.FindAvailable125kHzChannels
                0x000000000000fad4       0x84 src\_loramac-node\mac\region\RegionBaseUS.o
 .text.RegionBaseUSComputeNext125kHzJoinChannel
                0x000000000000fb58      0x12e src\_loramac-node\mac\region\RegionBaseUS.o
                0x000000000000fb58                RegionBaseUSComputeNext125kHzJoinChannel
 .text.RegionBaseUSCalcDownlinkFrequency
                0x000000000000fc86       0x26 src\_loramac-node\mac\region\RegionBaseUS.o
                0x000000000000fc86                RegionBaseUSCalcDownlinkFrequency
 .text.GetDutyCycle
                0x000000000000fcac       0xac src\_loramac-node\mac\region\RegionCommon.o
 .text.SetMaxTimeCredits
                0x000000000000fd58      0x1c8 src\_loramac-node\mac\region\RegionCommon.o
 .text.UpdateTimeCredits
                0x000000000000ff20       0x8c src\_loramac-node\mac\region\RegionCommon.o
 .text.CountChannels
                0x000000000000ffac       0x78 src\_loramac-node\mac\region\RegionCommon.o
 .text.RegionCommonChanVerifyDr
                0x0000000000010024      0x132 src\_loramac-node\mac\region\RegionCommon.o
                0x0000000000010024                RegionCommonChanVerifyDr
 .text.RegionCommonValueInRange
                0x0000000000010156       0x4c src\_loramac-node\mac\region\RegionCommon.o
                0x0000000000010156                RegionCommonValueInRange
 .text.RegionCommonChanDisable
                0x00000000000101a2       0x84 src\_loramac-node\mac\region\RegionCommon.o
                0x00000000000101a2                RegionCommonChanDisable
 .text.RegionCommonCountChannels
                0x0000000000010226       0x82 src\_loramac-node\mac\region\RegionCommon.o
                0x0000000000010226                RegionCommonCountChannels
 .text.RegionCommonChanMaskCopy
                0x00000000000102a8       0x5e src\_loramac-node\mac\region\RegionCommon.o
                0x00000000000102a8                RegionCommonChanMaskCopy
 .text.RegionCommonSetBandTxDone
                0x0000000000010306       0x72 src\_loramac-node\mac\region\RegionCommon.o
                0x0000000000010306                RegionCommonSetBandTxDone
 .text.RegionCommonUpdateBandTimeOff
                0x0000000000010378      0x270 src\_loramac-node\mac\region\RegionCommon.o
                0x0000000000010378                RegionCommonUpdateBandTimeOff
 .text.RegionCommonParseLinkAdrReq
                0x00000000000105e8       0xaa src\_loramac-node\mac\region\RegionCommon.o
                0x00000000000105e8                RegionCommonParseLinkAdrReq
 .text.RegionCommonLinkAdrReqVerifyParams
                0x0000000000010692      0x16a src\_loramac-node\mac\region\RegionCommon.o
                0x0000000000010692                RegionCommonLinkAdrReqVerifyParams
 .text.RegionCommonComputeSymbolTimeLoRa
                0x00000000000107fc       0x30 src\_loramac-node\mac\region\RegionCommon.o
                0x00000000000107fc                RegionCommonComputeSymbolTimeLoRa
 .text.RegionCommonComputeSymbolTimeFsk
                0x000000000001082c       0x24 src\_loramac-node\mac\region\RegionCommon.o
                0x000000000001082c                RegionCommonComputeSymbolTimeFsk
 .text.RegionCommonComputeRxWindowParameters
                0x0000000000010850      0x190 src\_loramac-node\mac\region\RegionCommon.o
                0x0000000000010850                RegionCommonComputeRxWindowParameters
 .text.RegionCommonComputeTxPower
                0x00000000000109e0       0x72 src\_loramac-node\mac\region\RegionCommon.o
                0x00000000000109e0                RegionCommonComputeTxPower
 .text.RegionCommonCountNbOfEnabledChannels
                0x0000000000010a52      0x1e8 src\_loramac-node\mac\region\RegionCommon.o
                0x0000000000010a52                RegionCommonCountNbOfEnabledChannels
 .text.RegionCommonIdentifyChannels
                0x0000000000010c3a       0xce src\_loramac-node\mac\region\RegionCommon.o
                0x0000000000010c3a                RegionCommonIdentifyChannels
 .text.RegionCommonGetNextLowerTxDr
                0x0000000000010d08       0x92 src\_loramac-node\mac\region\RegionCommon.o
                0x0000000000010d08                RegionCommonGetNextLowerTxDr
 .text.RegionCommonLimitTxPower
                0x0000000000010d9a       0x2e src\_loramac-node\mac\region\RegionCommon.o
                0x0000000000010d9a                RegionCommonLimitTxPower
 .text.RegionCommonGetBandwidth
                0x0000000000010dc8       0x3c src\_loramac-node\mac\region\RegionCommon.o
                0x0000000000010dc8                RegionCommonGetBandwidth
 .text.VerifyRfFreq
                0x0000000000010e04       0x50 src\_loramac-node\mac\region\RegionEU433.o
 .text.GetTimeOnAir
                0x0000000000010e54       0xc4 src\_loramac-node\mac\region\RegionEU433.o
 .text.RegionEU433GetPhyParam
                0x0000000000010f18      0x26c src\_loramac-node\mac\region\RegionEU433.o
                0x0000000000010f18                RegionEU433GetPhyParam
 .text.RegionEU433SetBandTxDone
                0x0000000000011184       0x5c src\_loramac-node\mac\region\RegionEU433.o
                0x0000000000011184                RegionEU433SetBandTxDone
 .text.RegionEU433InitDefaults
                0x00000000000111e0      0x150 src\_loramac-node\mac\region\RegionEU433.o
                0x00000000000111e0                RegionEU433InitDefaults
 .text.RegionEU433Verify
                0x0000000000011330       0xa8 src\_loramac-node\mac\region\RegionEU433.o
                0x0000000000011330                RegionEU433Verify
 .text.RegionEU433ApplyCFList
                0x00000000000113d8      0x120 src\_loramac-node\mac\region\RegionEU433.o
                0x00000000000113d8                RegionEU433ApplyCFList
 .text.RegionEU433ChanMaskSet
                0x00000000000114f8       0x58 src\_loramac-node\mac\region\RegionEU433.o
                0x00000000000114f8                RegionEU433ChanMaskSet
 .text.RegionEU433ComputeRxWindowParameters
                0x0000000000011550       0xcc src\_loramac-node\mac\region\RegionEU433.o
                0x0000000000011550                RegionEU433ComputeRxWindowParameters
 .text.RegionEU433RxConfig
                0x000000000001161c      0x1a4 src\_loramac-node\mac\region\RegionEU433.o
                0x000000000001161c                RegionEU433RxConfig
 .text.RegionEU433TxConfig
                0x00000000000117c0      0x1c0 src\_loramac-node\mac\region\RegionEU433.o
                0x00000000000117c0                RegionEU433TxConfig
 .text.RegionEU433LinkAdrReq
                0x0000000000011980      0x2c0 src\_loramac-node\mac\region\RegionEU433.o
                0x0000000000011980                RegionEU433LinkAdrReq
 .text.RegionEU433RxParamSetupReq
                0x0000000000011c40       0x86 src\_loramac-node\mac\region\RegionEU433.o
                0x0000000000011c40                RegionEU433RxParamSetupReq
 .text.RegionEU433NewChannelReq
                0x0000000000011cc6       0xd2 src\_loramac-node\mac\region\RegionEU433.o
                0x0000000000011cc6                RegionEU433NewChannelReq
 .text.RegionEU433TxParamSetupReq
                0x0000000000011d98       0x14 src\_loramac-node\mac\region\RegionEU433.o
                0x0000000000011d98                RegionEU433TxParamSetupReq
 .text.RegionEU433DlChannelReq
                0x0000000000011dac       0x94 src\_loramac-node\mac\region\RegionEU433.o
                0x0000000000011dac                RegionEU433DlChannelReq
 .text.RegionEU433AlternateDr
                0x0000000000011e40       0x20 src\_loramac-node\mac\region\RegionEU433.o
                0x0000000000011e40                RegionEU433AlternateDr
 .text.RegionEU433NextChannel
                0x0000000000011e60      0x194 src\_loramac-node\mac\region\RegionEU433.o
                0x0000000000011e60                RegionEU433NextChannel
 .text.RegionEU433ChannelAdd
                0x0000000000011ff4      0x17c src\_loramac-node\mac\region\RegionEU433.o
                0x0000000000011ff4                RegionEU433ChannelAdd
 .text.RegionEU433ChannelsRemove
                0x0000000000012170       0x60 src\_loramac-node\mac\region\RegionEU433.o
                0x0000000000012170                RegionEU433ChannelsRemove
 .text.RegionEU433ApplyDrOffset
                0x00000000000121d0       0x4e src\_loramac-node\mac\region\RegionEU433.o
                0x00000000000121d0                RegionEU433ApplyDrOffset
 *fill*         0x000000000001221e        0x2 
 .text.VerifyRfFreq
                0x0000000000012220       0xf0 src\_loramac-node\mac\region\RegionEU868.o
 .text.GetTimeOnAir
                0x0000000000012310       0xc4 src\_loramac-node\mac\region\RegionEU868.o
 .text.RegionEU868GetPhyParam
                0x00000000000123d4      0x268 src\_loramac-node\mac\region\RegionEU868.o
                0x00000000000123d4                RegionEU868GetPhyParam
 .text.RegionEU868SetBandTxDone
                0x000000000001263c       0x5c src\_loramac-node\mac\region\RegionEU868.o
                0x000000000001263c                RegionEU868SetBandTxDone
 .text.RegionEU868InitDefaults
                0x0000000000012698      0x164 src\_loramac-node\mac\region\RegionEU868.o
                0x0000000000012698                RegionEU868InitDefaults
 .text.RegionEU868Verify
                0x00000000000127fc       0xb4 src\_loramac-node\mac\region\RegionEU868.o
                0x00000000000127fc                RegionEU868Verify
 .text.RegionEU868ApplyCFList
                0x00000000000128b0      0x120 src\_loramac-node\mac\region\RegionEU868.o
                0x00000000000128b0                RegionEU868ApplyCFList
 .text.RegionEU868ChanMaskSet
                0x00000000000129d0       0x58 src\_loramac-node\mac\region\RegionEU868.o
                0x00000000000129d0                RegionEU868ChanMaskSet
 .text.RegionEU868ComputeRxWindowParameters
                0x0000000000012a28       0xcc src\_loramac-node\mac\region\RegionEU868.o
                0x0000000000012a28                RegionEU868ComputeRxWindowParameters
 .text.RegionEU868RxConfig
                0x0000000000012af4      0x1a4 src\_loramac-node\mac\region\RegionEU868.o
                0x0000000000012af4                RegionEU868RxConfig
 .text.RegionEU868TxConfig
                0x0000000000012c98      0x1c0 src\_loramac-node\mac\region\RegionEU868.o
                0x0000000000012c98                RegionEU868TxConfig
 .text.RegionEU868LinkAdrReq
                0x0000000000012e58      0x2c0 src\_loramac-node\mac\region\RegionEU868.o
                0x0000000000012e58                RegionEU868LinkAdrReq
 .text.RegionEU868RxParamSetupReq
                0x0000000000013118       0x92 src\_loramac-node\mac\region\RegionEU868.o
                0x0000000000013118                RegionEU868RxParamSetupReq
 .text.RegionEU868NewChannelReq
                0x00000000000131aa       0xd2 src\_loramac-node\mac\region\RegionEU868.o
                0x00000000000131aa                RegionEU868NewChannelReq
 .text.RegionEU868TxParamSetupReq
                0x000000000001327c       0x14 src\_loramac-node\mac\region\RegionEU868.o
                0x000000000001327c                RegionEU868TxParamSetupReq
 .text.RegionEU868DlChannelReq
                0x0000000000013290       0xa0 src\_loramac-node\mac\region\RegionEU868.o
                0x0000000000013290                RegionEU868DlChannelReq
 .text.RegionEU868AlternateDr
                0x0000000000013330       0x20 src\_loramac-node\mac\region\RegionEU868.o
                0x0000000000013330                RegionEU868AlternateDr
 .text.RegionEU868NextChannel
                0x0000000000013350      0x194 src\_loramac-node\mac\region\RegionEU868.o
                0x0000000000013350                RegionEU868NextChannel
 .text.RegionEU868ChannelAdd
                0x00000000000134e4      0x190 src\_loramac-node\mac\region\RegionEU868.o
                0x00000000000134e4                RegionEU868ChannelAdd
 .text.RegionEU868ChannelsRemove
                0x0000000000013674       0x60 src\_loramac-node\mac\region\RegionEU868.o
                0x0000000000013674                RegionEU868ChannelsRemove
 .text.RegionEU868ApplyDrOffset
                0x00000000000136d4       0x4e src\_loramac-node\mac\region\RegionEU868.o
                0x00000000000136d4                RegionEU868ApplyDrOffset
 *fill*         0x0000000000013722        0x2 
 .text.VerifyRfFreq
                0x0000000000013724       0x50 src\_loramac-node\mac\region\RegionRU864.o
 .text.GetTimeOnAir
                0x0000000000013774       0xc4 src\_loramac-node\mac\region\RegionRU864.o
 .text.RegionRU864GetPhyParam
                0x0000000000013838      0x26c src\_loramac-node\mac\region\RegionRU864.o
                0x0000000000013838                RegionRU864GetPhyParam
 .text.RegionRU864SetBandTxDone
                0x0000000000013aa4       0x5c src\_loramac-node\mac\region\RegionRU864.o
                0x0000000000013aa4                RegionRU864SetBandTxDone
 .text.RegionRU864InitDefaults
                0x0000000000013b00      0x134 src\_loramac-node\mac\region\RegionRU864.o
                0x0000000000013b00                RegionRU864InitDefaults
 .text.RegionRU864Verify
                0x0000000000013c34       0xa8 src\_loramac-node\mac\region\RegionRU864.o
                0x0000000000013c34                RegionRU864Verify
 .text.RegionRU864ApplyCFList
                0x0000000000013cdc      0x120 src\_loramac-node\mac\region\RegionRU864.o
                0x0000000000013cdc                RegionRU864ApplyCFList
 .text.RegionRU864ChanMaskSet
                0x0000000000013dfc       0x58 src\_loramac-node\mac\region\RegionRU864.o
                0x0000000000013dfc                RegionRU864ChanMaskSet
 .text.RegionRU864ComputeRxWindowParameters
                0x0000000000013e54       0xcc src\_loramac-node\mac\region\RegionRU864.o
                0x0000000000013e54                RegionRU864ComputeRxWindowParameters
 .text.RegionRU864RxConfig
                0x0000000000013f20      0x1a4 src\_loramac-node\mac\region\RegionRU864.o
                0x0000000000013f20                RegionRU864RxConfig
 .text.RegionRU864TxConfig
                0x00000000000140c4      0x1c0 src\_loramac-node\mac\region\RegionRU864.o
                0x00000000000140c4                RegionRU864TxConfig
 .text.RegionRU864LinkAdrReq
                0x0000000000014284      0x2c0 src\_loramac-node\mac\region\RegionRU864.o
                0x0000000000014284                RegionRU864LinkAdrReq
 .text.RegionRU864RxParamSetupReq
                0x0000000000014544       0x86 src\_loramac-node\mac\region\RegionRU864.o
                0x0000000000014544                RegionRU864RxParamSetupReq
 .text.RegionRU864NewChannelReq
                0x00000000000145ca       0xd2 src\_loramac-node\mac\region\RegionRU864.o
                0x00000000000145ca                RegionRU864NewChannelReq
 .text.RegionRU864TxParamSetupReq
                0x000000000001469c       0x14 src\_loramac-node\mac\region\RegionRU864.o
                0x000000000001469c                RegionRU864TxParamSetupReq
 .text.RegionRU864DlChannelReq
                0x00000000000146b0       0x94 src\_loramac-node\mac\region\RegionRU864.o
                0x00000000000146b0                RegionRU864DlChannelReq
 .text.RegionRU864AlternateDr
                0x0000000000014744       0x20 src\_loramac-node\mac\region\RegionRU864.o
                0x0000000000014744                RegionRU864AlternateDr
 .text.RegionRU864NextChannel
                0x0000000000014764      0x18c src\_loramac-node\mac\region\RegionRU864.o
                0x0000000000014764                RegionRU864NextChannel
 .text.RegionRU864ChannelAdd
                0x00000000000148f0      0x17c src\_loramac-node\mac\region\RegionRU864.o
                0x00000000000148f0                RegionRU864ChannelAdd
 .text.RegionRU864ChannelsRemove
                0x0000000000014a6c       0x60 src\_loramac-node\mac\region\RegionRU864.o
                0x0000000000014a6c                RegionRU864ChannelsRemove
 .text.RegionRU864ApplyDrOffset
                0x0000000000014acc       0x4e src\_loramac-node\mac\region\RegionRU864.o
                0x0000000000014acc                RegionRU864ApplyDrOffset
 .text.LimitTxPower
                0x0000000000014b1a       0x94 src\_loramac-node\mac\region\RegionUS915.o
 *fill*         0x0000000000014bae        0x2 
 .text.VerifyRfFreq
                0x0000000000014bb0       0x84 src\_loramac-node\mac\region\RegionUS915.o
 .text.GetTimeOnAir
                0x0000000000014c34       0x74 src\_loramac-node\mac\region\RegionUS915.o
 .text.RegionUS915GetPhyParam
                0x0000000000014ca8      0x29c src\_loramac-node\mac\region\RegionUS915.o
                0x0000000000014ca8                RegionUS915GetPhyParam
 .text.RegionUS915SetBandTxDone
                0x0000000000014f44       0x5c src\_loramac-node\mac\region\RegionUS915.o
                0x0000000000014f44                RegionUS915SetBandTxDone
 .text.RegionUS915InitDefaults
                0x0000000000014fa0      0x29c src\_loramac-node\mac\region\RegionUS915.o
                0x0000000000014fa0                RegionUS915InitDefaults
 .text.RegionUS915Verify
                0x000000000001523c       0xa8 src\_loramac-node\mac\region\RegionUS915.o
                0x000000000001523c                RegionUS915Verify
 .text.RegionUS915ApplyCFList
                0x00000000000152e4      0x120 src\_loramac-node\mac\region\RegionUS915.o
                0x00000000000152e4                RegionUS915ApplyCFList
 .text.RegionUS915ChanMaskSet
                0x0000000000015404       0xfc src\_loramac-node\mac\region\RegionUS915.o
                0x0000000000015404                RegionUS915ChanMaskSet
 .text.RegionUS915ComputeRxWindowParameters
                0x0000000000015500       0xa8 src\_loramac-node\mac\region\RegionUS915.o
                0x0000000000015500                RegionUS915ComputeRxWindowParameters
 .text.RegionUS915RxConfig
                0x00000000000155a8       0xf0 src\_loramac-node\mac\region\RegionUS915.o
                0x00000000000155a8                RegionUS915RxConfig
 .text.RegionUS915TxConfig
                0x0000000000015698      0x150 src\_loramac-node\mac\region\RegionUS915.o
                0x0000000000015698                RegionUS915TxConfig
 .text.RegionUS915LinkAdrReq
                0x00000000000157e8      0x4c0 src\_loramac-node\mac\region\RegionUS915.o
                0x00000000000157e8                RegionUS915LinkAdrReq
 .text.RegionUS915RxParamSetupReq
                0x0000000000015ca8       0xb4 src\_loramac-node\mac\region\RegionUS915.o
                0x0000000000015ca8                RegionUS915RxParamSetupReq
 .text.RegionUS915NewChannelReq
                0x0000000000015d5c       0x14 src\_loramac-node\mac\region\RegionUS915.o
                0x0000000000015d5c                RegionUS915NewChannelReq
 .text.RegionUS915TxParamSetupReq
                0x0000000000015d70       0x14 src\_loramac-node\mac\region\RegionUS915.o
                0x0000000000015d70                RegionUS915TxParamSetupReq
 .text.RegionUS915DlChannelReq
                0x0000000000015d84       0x14 src\_loramac-node\mac\region\RegionUS915.o
                0x0000000000015d84                RegionUS915DlChannelReq
 .text.RegionUS915AlternateDr
                0x0000000000015d98       0x6c src\_loramac-node\mac\region\RegionUS915.o
                0x0000000000015d98                RegionUS915AlternateDr
 .text.RegionUS915NextChannel
                0x0000000000015e04      0x20c src\_loramac-node\mac\region\RegionUS915.o
                0x0000000000015e04                RegionUS915NextChannel
 .text.RegionUS915ChannelAdd
                0x0000000000016010       0x12 src\_loramac-node\mac\region\RegionUS915.o
                0x0000000000016010                RegionUS915ChannelAdd
 *fill*         0x0000000000016022        0x2 
 .text.RegionUS915ApplyDrOffset
                0x0000000000016024       0x58 src\_loramac-node\mac\region\RegionUS915.o
                0x0000000000016024                RegionUS915ApplyDrOffset
 .text.RadioGetFskBandwidthRegValue
                0x000000000001607c       0x78 src\_loramac-node\radio\radio.o
 .text.RadioInit
                0x00000000000160f4       0x9c src\_loramac-node\radio\radio.o
                0x00000000000160f4                RadioInit
 .text.RadioGetStatus
                0x0000000000016190       0x2e src\_loramac-node\radio\radio.o
                0x0000000000016190                RadioGetStatus
 *fill*         0x00000000000161be        0x2 
 .text.RadioSetModem
                0x00000000000161c0       0x54 src\_loramac-node\radio\radio.o
                0x00000000000161c0                RadioSetModem
 .text.RadioSetChannel
                0x0000000000016214       0x18 src\_loramac-node\radio\radio.o
                0x0000000000016214                RadioSetChannel
 .text.RadioIsChannelFree
                0x000000000001622c       0xc8 src\_loramac-node\radio\radio.o
                0x000000000001622c                RadioIsChannelFree
 .text.RadioRandom
                0x00000000000162f4       0x2e src\_loramac-node\radio\radio.o
                0x00000000000162f4                RadioRandom
 *fill*         0x0000000000016322        0x2 
 .text.RadioSetRxConfig
                0x0000000000016324      0x318 src\_loramac-node\radio\radio.o
                0x0000000000016324                RadioSetRxConfig
 .text.RadioSetTxConfig
                0x000000000001663c      0x288 src\_loramac-node\radio\radio.o
                0x000000000001663c                RadioSetTxConfig
 .text.RadioCheckRfFrequency
                0x00000000000168c4       0x12 src\_loramac-node\radio\radio.o
                0x00000000000168c4                RadioCheckRfFrequency
 *fill*         0x00000000000168d6        0x2 
 .text.RadioGetLoRaBandwidthInHz
                0x00000000000168d8       0x94 src\_loramac-node\radio\radio.o
 .text.RadioGetGfskTimeOnAirNumerator
                0x000000000001696c       0x88 src\_loramac-node\radio\radio.o
 .text.RadioGetLoRaTimeOnAirNumerator
                0x00000000000169f4      0x118 src\_loramac-node\radio\radio.o
 .text.RadioTimeOnAir
                0x0000000000016b0c       0xe4 src\_loramac-node\radio\radio.o
                0x0000000000016b0c                RadioTimeOnAir
 .text.RadioSend
                0x0000000000016bf0       0x7c src\_loramac-node\radio\radio.o
                0x0000000000016bf0                RadioSend
 .text.RadioSleep
                0x0000000000016c6c       0x2e src\_loramac-node\radio\radio.o
                0x0000000000016c6c                RadioSleep
 .text.RadioStandby
                0x0000000000016c9a       0x10 src\_loramac-node\radio\radio.o
                0x0000000000016c9a                RadioStandby
 *fill*         0x0000000000016caa        0x2 
 .text.RadioRx  0x0000000000016cac       0x68 src\_loramac-node\radio\radio.o
                0x0000000000016cac                RadioRx
 .text.RadioRxBoosted
                0x0000000000016d14       0x68 src\_loramac-node\radio\radio.o
                0x0000000000016d14                RadioRxBoosted
 .text.RadioSetRxDutyCycle
                0x0000000000016d7c       0x1e src\_loramac-node\radio\radio.o
                0x0000000000016d7c                RadioSetRxDutyCycle
 *fill*         0x0000000000016d9a        0x2 
 .text.RadioAddRegisterToRetentionList
                0x0000000000016d9c       0xd8 src\_loramac-node\radio\radio.o
                0x0000000000016d9c                RadioAddRegisterToRetentionList
 .text.RadioStartCad
                0x0000000000016e74       0x1e src\_loramac-node\radio\radio.o
                0x0000000000016e74                RadioStartCad
 *fill*         0x0000000000016e92        0x2 
 .text.RadioSetTxContinuousWave
                0x0000000000016e94       0x64 src\_loramac-node\radio\radio.o
                0x0000000000016e94                RadioSetTxContinuousWave
 .text.RadioRssi
                0x0000000000016ef8       0x1c src\_loramac-node\radio\radio.o
                0x0000000000016ef8                RadioRssi
 .text.RadioWrite
                0x0000000000016f14       0x26 src\_loramac-node\radio\radio.o
                0x0000000000016f14                RadioWrite
 .text.RadioRead
                0x0000000000016f3a       0x1c src\_loramac-node\radio\radio.o
                0x0000000000016f3a                RadioRead
 .text.RadioWriteBuffer
                0x0000000000016f56       0x28 src\_loramac-node\radio\radio.o
                0x0000000000016f56                RadioWriteBuffer
 .text.RadioReadBuffer
                0x0000000000016f7e       0x28 src\_loramac-node\radio\radio.o
                0x0000000000016f7e                RadioReadBuffer
 *fill*         0x0000000000016fa6        0x2 
 .text.RadioSetMaxPayloadLength
                0x0000000000016fa8       0x64 src\_loramac-node\radio\radio.o
                0x0000000000016fa8                RadioSetMaxPayloadLength
 .text.RadioSetPublicNetwork
                0x000000000001700c       0x68 src\_loramac-node\radio\radio.o
                0x000000000001700c                RadioSetPublicNetwork
 .text.RadioGetWakeupTime
                0x0000000000017074       0x12 src\_loramac-node\radio\radio.o
                0x0000000000017074                RadioGetWakeupTime
 *fill*         0x0000000000017086        0x2 
 .text.RadioOnTxTimeoutIrq
                0x0000000000017088       0x30 src\_loramac-node\radio\radio.o
                0x0000000000017088                RadioOnTxTimeoutIrq
 .text.RadioOnRxTimeoutIrq
                0x00000000000170b8       0x30 src\_loramac-node\radio\radio.o
                0x00000000000170b8                RadioOnRxTimeoutIrq
 .text.RadioOnDioIrq
                0x00000000000170e8       0x1c src\_loramac-node\radio\radio.o
                0x00000000000170e8                RadioOnDioIrq
 .text.RadioIrqProcess
                0x0000000000017104      0x268 src\_loramac-node\radio\radio.o
                0x0000000000017104                RadioIrqProcess
 .text.SX126xInit
                0x000000000001736c       0x40 src\_loramac-node\radio\sx126x.o
                0x000000000001736c                SX126xInit
 .text.SX126xCheckDeviceReady
                0x00000000000173ac       0x28 src\_loramac-node\radio\sx126x.o
                0x00000000000173ac                SX126xCheckDeviceReady
 .text.SX126xSetPayload
                0x00000000000173d4       0x24 src\_loramac-node\radio\sx126x.o
                0x00000000000173d4                SX126xSetPayload
 .text.SX126xGetPayload
                0x00000000000173f8       0x4e src\_loramac-node\radio\sx126x.o
                0x00000000000173f8                SX126xGetPayload
 .text.SX126xSendPayload
                0x0000000000017446       0x30 src\_loramac-node\radio\sx126x.o
                0x0000000000017446                SX126xSendPayload
 .text.SX126xSetSyncWord
                0x0000000000017476       0x20 src\_loramac-node\radio\sx126x.o
                0x0000000000017476                SX126xSetSyncWord
 *fill*         0x0000000000017496        0x2 
 .text.SX126xSetCrcSeed
                0x0000000000017498       0x4c src\_loramac-node\radio\sx126x.o
                0x0000000000017498                SX126xSetCrcSeed
 .text.SX126xSetCrcPolynomial
                0x00000000000174e4       0x4c src\_loramac-node\radio\sx126x.o
                0x00000000000174e4                SX126xSetCrcPolynomial
 .text.SX126xSetWhiteningSeed
                0x0000000000017530       0x84 src\_loramac-node\radio\sx126x.o
                0x0000000000017530                SX126xSetWhiteningSeed
 .text.SX126xGetRandom
                0x00000000000175b4       0xac src\_loramac-node\radio\sx126x.o
                0x00000000000175b4                SX126xGetRandom
 .text.SX126xSetSleep
                0x0000000000017660       0x7c src\_loramac-node\radio\sx126x.o
                0x0000000000017660                SX126xSetSleep
 .text.SX126xSetStandby
                0x00000000000176dc       0x36 src\_loramac-node\radio\sx126x.o
                0x00000000000176dc                SX126xSetStandby
 .text.SX126xSetTx
                0x0000000000017712       0x40 src\_loramac-node\radio\sx126x.o
                0x0000000000017712                SX126xSetTx
 *fill*         0x0000000000017752        0x2 
 .text.SX126xSetRx
                0x0000000000017754       0x50 src\_loramac-node\radio\sx126x.o
                0x0000000000017754                SX126xSetRx
 .text.SX126xSetRxBoosted
                0x00000000000177a4       0x50 src\_loramac-node\radio\sx126x.o
                0x00000000000177a4                SX126xSetRxBoosted
 .text.SX126xSetRxDutyCycle
                0x00000000000177f4       0x5e src\_loramac-node\radio\sx126x.o
                0x00000000000177f4                SX126xSetRxDutyCycle
 .text.SX126xSetCad
                0x0000000000017852       0x1a src\_loramac-node\radio\sx126x.o
                0x0000000000017852                SX126xSetCad
 .text.SX126xSetTxContinuousWave
                0x000000000001786c       0x1a src\_loramac-node\radio\sx126x.o
                0x000000000001786c                SX126xSetTxContinuousWave
 .text.SX126xSetStopRxTimerOnPreambleDetect
                0x0000000000017886       0x20 src\_loramac-node\radio\sx126x.o
                0x0000000000017886                SX126xSetStopRxTimerOnPreambleDetect
 *fill*         0x00000000000178a6        0x2 
 .text.SX126xSetLoRaSymbNumTimeout
                0x00000000000178a8       0xb8 src\_loramac-node\radio\sx126x.o
                0x00000000000178a8                SX126xSetLoRaSymbNumTimeout
 .text.SX126xSetRegulatorMode
                0x0000000000017960       0x20 src\_loramac-node\radio\sx126x.o
                0x0000000000017960                SX126xSetRegulatorMode
 .text.SX126xCalibrateImage
                0x0000000000017980       0xa8 src\_loramac-node\radio\sx126x.o
                0x0000000000017980                SX126xCalibrateImage
 .text.SX126xSetPaConfig
                0x0000000000017a28       0x5c src\_loramac-node\radio\sx126x.o
                0x0000000000017a28                SX126xSetPaConfig
 .text.SX126xSetDioIrqParams
                0x0000000000017a84       0x9c src\_loramac-node\radio\sx126x.o
                0x0000000000017a84                SX126xSetDioIrqParams
 .text.SX126xGetIrqStatus
                0x0000000000017b20       0x2e src\_loramac-node\radio\sx126x.o
                0x0000000000017b20                SX126xGetIrqStatus
 .text.SX126xSetDio2AsRfSwitchCtrl
                0x0000000000017b4e       0x20 src\_loramac-node\radio\sx126x.o
                0x0000000000017b4e                SX126xSetDio2AsRfSwitchCtrl
 *fill*         0x0000000000017b6e        0x2 
 .text.SX126xSetRfFrequency
                0x0000000000017b70       0x70 src\_loramac-node\radio\sx126x.o
                0x0000000000017b70                SX126xSetRfFrequency
 .text.SX126xSetPacketType
                0x0000000000017be0       0x2c src\_loramac-node\radio\sx126x.o